Component: Arm Compiler for Embedded 6.19 Tool: armlink [5e73cb00]

==============================================================================

Section Cross References

    main.o(.text.main) refers to am_hal_clkgen.o(.text.am_hal_clkgen_control) for am_hal_clkgen_control
    main.o(.text.main) refers to am_hal_pwrctrl.o(.text.am_hal_pwrctrl_low_power_init) for am_hal_pwrctrl_low_power_init
    main.o(.text.main) refers to am_hal_rtc.o(.text.am_hal_rtc_osc_disable) for am_hal_rtc_osc_disable
    main.o(.text.main) refers to taskhandler.o(.text.initSpecMeasurement) for initSpecMeasurement
    main.o(.text.main) refers to taskhandler.o(.text.executeSpecMeasurement) for executeSpecMeasurement
    main.o(.text.main) refers to taskhandler.o(.text.executeTempMeasurement) for executeTempMeasurement
    main.o(.text.main) refers to am_util_delay.o(.text.am_util_delay_ms) for am_util_delay_ms
    main.o(.ARM.exidx.text.main) refers to main.o(.text.main) for [Anonymous Symbol]
    am_hal_adc.o(.text.am_hal_adc_initialize) refers to am_hal_adc.o(.bss.g_ADCState) for g_ADCState
    am_hal_adc.o(.text.am_hal_adc_initialize) refers to am_hal_adc.o(.bss.g_ADCSlotsConfigured) for g_ADCSlotsConfigured
    am_hal_adc.o(.text.am_hal_adc_initialize) refers to am_hal_flash.o(.text.am_hal_flash_load_ui32) for am_hal_flash_load_ui32
    am_hal_adc.o(.text.am_hal_adc_initialize) refers to am_hal_adc.o(.bss.priv_temp_trims) for priv_temp_trims
    am_hal_adc.o(.ARM.exidx.text.am_hal_adc_initialize) refers to am_hal_adc.o(.text.am_hal_adc_initialize) for [Anonymous Symbol]
    am_hal_adc.o(.text.am_hal_adc_deinitialize) refers to am_hal_adc.o(.text.am_hal_adc_disable) for am_hal_adc_disable
    am_hal_adc.o(.ARM.exidx.text.am_hal_adc_deinitialize) refers to am_hal_adc.o(.text.am_hal_adc_deinitialize) for [Anonymous Symbol]
    am_hal_adc.o(.ARM.exidx.text.am_hal_adc_disable) refers to am_hal_adc.o(.text.am_hal_adc_disable) for [Anonymous Symbol]
    am_hal_adc.o(.ARM.exidx.text.am_hal_adc_configure) refers to am_hal_adc.o(.text.am_hal_adc_configure) for [Anonymous Symbol]
    am_hal_adc.o(.text.am_hal_adc_configure_slot) refers to am_hal_adc.o(.bss.g_ADCSlotsConfigured) for g_ADCSlotsConfigured
    am_hal_adc.o(.ARM.exidx.text.am_hal_adc_configure_slot) refers to am_hal_adc.o(.text.am_hal_adc_configure_slot) for [Anonymous Symbol]
    am_hal_adc.o(.text.am_hal_adc_configure_dma) refers to am_hal_adc.o(.bss.g_ADCSlotsConfigured) for g_ADCSlotsConfigured
    am_hal_adc.o(.ARM.exidx.text.am_hal_adc_configure_dma) refers to am_hal_adc.o(.text.am_hal_adc_configure_dma) for [Anonymous Symbol]
    am_hal_adc.o(.text.am_hal_adc_control) refers to am_hal_adc.o(.bss.priv_temp_trims) for priv_temp_trims
    am_hal_adc.o(.ARM.exidx.text.am_hal_adc_control) refers to am_hal_adc.o(.text.am_hal_adc_control) for [Anonymous Symbol]
    am_hal_adc.o(.ARM.exidx.text.am_hal_adc_enable) refers to am_hal_adc.o(.text.am_hal_adc_enable) for [Anonymous Symbol]
    am_hal_adc.o(.ARM.exidx.text.am_hal_adc_status_get) refers to am_hal_adc.o(.text.am_hal_adc_status_get) for [Anonymous Symbol]
    am_hal_adc.o(.ARM.exidx.text.am_hal_adc_interrupt_enable) refers to am_hal_adc.o(.text.am_hal_adc_interrupt_enable) for [Anonymous Symbol]
    am_hal_adc.o(.ARM.exidx.text.am_hal_adc_interrupt_disable) refers to am_hal_adc.o(.text.am_hal_adc_interrupt_disable) for [Anonymous Symbol]
    am_hal_adc.o(.ARM.exidx.text.am_hal_adc_interrupt_status) refers to am_hal_adc.o(.text.am_hal_adc_interrupt_status) for [Anonymous Symbol]
    am_hal_adc.o(.ARM.exidx.text.am_hal_adc_interrupt_clear) refers to am_hal_adc.o(.text.am_hal_adc_interrupt_clear) for [Anonymous Symbol]
    am_hal_adc.o(.ARM.exidx.text.am_hal_adc_samples_read) refers to am_hal_adc.o(.text.am_hal_adc_samples_read) for [Anonymous Symbol]
    am_hal_adc.o(.ARM.exidx.text.am_hal_adc_sw_trigger) refers to am_hal_adc.o(.text.am_hal_adc_sw_trigger) for [Anonymous Symbol]
    am_hal_adc.o(.text.am_hal_adc_power_control) refers to am_hal_pwrctrl.o(.text.am_hal_pwrctrl_periph_enable) for am_hal_pwrctrl_periph_enable
    am_hal_adc.o(.text.am_hal_adc_power_control) refers to am_hal_pwrctrl.o(.text.am_hal_pwrctrl_periph_disable) for am_hal_pwrctrl_periph_disable
    am_hal_adc.o(.ARM.exidx.text.am_hal_adc_power_control) refers to am_hal_adc.o(.text.am_hal_adc_power_control) for [Anonymous Symbol]
    am_hal_ble.o(.ARM.exidx.text.am_hal_ble_wakeup_set) refers to am_hal_ble.o(.text.am_hal_ble_wakeup_set) for [Anonymous Symbol]
    am_hal_ble.o(.text.am_hal_ble_initialize) refers to am_hal_ble.o(.bss.g_sBLEState) for g_sBLEState
    am_hal_ble.o(.ARM.exidx.text.am_hal_ble_initialize) refers to am_hal_ble.o(.text.am_hal_ble_initialize) for [Anonymous Symbol]
    am_hal_ble.o(.ARM.exidx.text.am_hal_ble_deinitialize) refers to am_hal_ble.o(.text.am_hal_ble_deinitialize) for [Anonymous Symbol]
    am_hal_ble.o(.text.am_hal_ble_config) refers to am_hal_ble_patch.o(.data.am_ble_nvds_patch) for am_ble_nvds_patch
[...]
    FastMathFunctions.c                      0x00000000   Number         0  fastmathfunctions.o ABSOLUTE
    FastMathFunctionsF16.c                   0x00000000   Number         0  fastmathfunctionsf16.o ABSOLUTE
    FilteringFunctions.c                     0x00000000   Number         0  filteringfunctions.o ABSOLUTE
    FilteringFunctionsF16.c                  0x00000000   Number         0  filteringfunctionsf16.o ABSOLUTE
    InterpolationFunctions.c                 0x00000000   Number         0  interpolationfunctions.o ABSOLUTE
    InterpolationFunctionsF16.c              0x00000000   Number         0  interpolationfunctionsf16.o ABSOLUTE
    MatrixFunctions.c                        0x00000000   Number         0  matrixfunctions.o ABSOLUTE
    MatrixFunctionsF16.c                     0x00000000   Number         0  matrixfunctionsf16.o ABSOLUTE
    QuaternionMathFunctions.c                0x00000000   Number         0  quaternionmathfunctions.o ABSOLUTE
    RTE/Device/AMA3B1KK-KBR/startup_apollo3.s 0x00000000   Number         0  startup_apollo3.o ABSOLUTE
    SVMFunctions.c                           0x00000000   Number         0  svmfunctions.o ABSOLUTE
    SVMFunctionsF16.c                        0x00000000   Number         0  svmfunctionsf16.o ABSOLUTE
    StatisticsFunctions.c                    0x00000000   Number         0  statisticsfunctions.o ABSOLUTE
    StatisticsFunctionsF16.c                 0x00000000   Number         0  statisticsfunctionsf16.o ABSOLUTE
    SupportFunctions.c                       0x00000000   Number         0  supportfunctions.o ABSOLUTE
    SupportFunctionsF16.c                    0x00000000   Number         0  supportfunctionsf16.o ABSOLUTE
    TransformFunctions.c                     0x00000000   Number         0  transformfunctions.o ABSOLUTE
    TransformFunctionsF16.c                  0x00000000   Number         0  transformfunctionsf16.o ABSOLUTE
    adc.c                                    0x00000000   Number         0  adc.o ABSOLUTE
    am1805.c                                 0x00000000   Number         0  am1805.o ABSOLUTE
    am_hal_adc.c                             0x00000000   Number         0  am_hal_adc.o ABSOLUTE
    am_hal_ble.c                             0x00000000   Number         0  am_hal_ble.o ABSOLUTE
    am_hal_ble_patch.c                       0x00000000   Number         0  am_hal_ble_patch.o ABSOLUTE
    am_hal_ble_patch_b0.c                    0x00000000   Number         0  am_hal_ble_patch_b0.o ABSOLUTE
    am_hal_burst.c                           0x00000000   Number         0  am_hal_burst.o ABSOLUTE
    am_hal_cachectrl.c                       0x00000000   Number         0  am_hal_cachectrl.o ABSOLUTE
    am_hal_clkgen.c                          0x00000000   Number         0  am_hal_clkgen.o ABSOLUTE
    am_hal_cmdq.c                            0x00000000   Number         0  am_hal_cmdq.o ABSOLUTE
    am_hal_ctimer.c                          0x00000000   Number         0  am_hal_ctimer.o ABSOLUTE
    am_hal_debug.c                           0x00000000   Number         0  am_hal_debug.o ABSOLUTE
    am_hal_entropy.c                         0x00000000   Number         0  am_hal_entropy.o ABSOLUTE
    am_hal_flash.c                           0x00000000   Number         0  am_hal_flash.o ABSOLUTE
    am_hal_global.c                          0x00000000   Number         0  am_hal_global.o ABSOLUTE
    am_hal_gpio.c                            0x00000000   Number         0  am_hal_gpio.o ABSOLUTE
    am_hal_interrupt.c                       0x00000000   Number         0  am_hal_interrupt.o ABSOLUTE
    am_hal_iom.c                             0x00000000   Number         0  am_hal_iom.o ABSOLUTE
    am_hal_ios.c                             0x00000000   Number         0  am_hal_ios.o ABSOLUTE
    am_hal_itm.c                             0x00000000   Number         0  am_hal_itm.o ABSOLUTE
    am_hal_mcuctrl.c                         0x00000000   Number         0  am_hal_mcuctrl.o ABSOLUTE
    am_hal_mspi.c                            0x00000000   Number         0  am_hal_mspi.o ABSOLUTE
    am_hal_pdm.c                             0x00000000   Number         0  am_hal_pdm.o ABSOLUTE
    am_hal_pwrctrl.c                         0x00000000   Number         0  am_hal_pwrctrl.o ABSOLUTE
    am_hal_queue.c                           0x00000000   Number         0  am_hal_queue.o ABSOLUTE
    am_hal_reset.c                           0x00000000   Number         0  am_hal_reset.o ABSOLUTE
    am_hal_rtc.c                             0x00000000   Number         0  am_hal_rtc.o ABSOLUTE
    am_hal_scard.c                           0x00000000   Number         0  am_hal_scard.o ABSOLUTE
    am_hal_secure_ota.c                      0x00000000   Number         0  am_hal_secure_ota.o ABSOLUTE
    am_hal_security.c                        0x00000000   Number         0  am_hal_security.o ABSOLUTE
    am_hal_stimer.c                          0x00000000   Number         0  am_hal_stimer.o ABSOLUTE
    am_hal_sysctrl.c                         0x00000000   Number         0  am_hal_sysctrl.o ABSOLUTE
    am_hal_systick.c                         0x00000000   Number         0  am_hal_systick.o ABSOLUTE
    am_hal_tpiu.c                            0x00000000   Number         0  am_hal_tpiu.o ABSOLUTE
    am_hal_uart.c                            0x00000000   Number         0  am_hal_uart.o ABSOLUTE
    am_hal_wdt.c                             0x00000000   Number         0  am_hal_wdt.o ABSOLUTE
    am_util_ble.c                            0x00000000   Number         0  am_util_ble.o ABSOLUTE
    am_util_debug.c                          0x00000000   Number         0  am_util_debug.o ABSOLUTE
    am_util_delay.c                          0x00000000   Number         0  am_util_delay.o ABSOLUTE
    am_util_faultisr.c                       0x00000000   Number         0  am_util_faultisr.o ABSOLUTE
    am_util_id.c                             0x00000000   Number         0  am_util_id.o ABSOLUTE
    am_util_regdump.c                        0x00000000   Number         0  am_util_regdump.o ABSOLUTE
    am_util_stdio.c                          0x00000000   Number         0  am_util_stdio.o ABSOLUTE
    am_util_string.c                         0x00000000   Number         0  am_util_string.o ABSOLUTE
    am_util_time.c                           0x00000000   Number         0  am_util_time.o ABSOLUTE
    as7341.c                                 0x00000000   Number         0  as7341.o ABSOLUTE
    dac63002.c                               0x00000000   Number         0  dac63002.o ABSOLUTE
    dc.s                                     0x00000000   Number         0  dc.o ABSOLUTE
    device.c                                 0x00000000   Number         0  device.o ABSOLUTE
    gpio.c                                   0x00000000   Number         0  gpio.o ABSOLUTE
    i2c.c                                    0x00000000   Number         0  i2c.o ABSOLUTE
    main.c                                   0x00000000   Number         0  main.o ABSOLUTE
    mb85rc64ta.c                             0x00000000   Number         0  mb85rc64ta.o ABSOLUTE
    retarget_io.c                            0x00000000   Number         0  retarget_io.o ABSOLUTE
    rtc.c                                    0x00000000   Number         0  rtc.o ABSOLUTE
    shtc3.c                                  0x00000000   Number         0  shtc3.o ABSOLUTE
    spi.c                                    0x00000000   Number         0  spi.o ABSOLUTE
    system_apollo3.c                         0x00000000   Number         0  system_apollo3.o ABSOLUTE
    taskhandler.c                            0x00000000   Number         0  taskhandler.o ABSOLUTE
    timing.c                                 0x00000000   Number         0  timing.o ABSOLUTE
    RESET                                    0x0000c000   Section      312  startup_apollo3.o(RESET)
    $v0                                      0x0000c100   Number         0  startup_apollo3.o(RESET)
    !!!main                                  0x0000c138   Section        8  __main.o(!!!main)
    !!!scatter                               0x0000c140   Section       52  __scatter.o(!!!scatter)
    !!handler_copy                           0x0000c174   Section       26  __scatter_copy.o(!!handler_copy)
    !!handler_zi                             0x0000c190   Section       28  __scatter_zi.o(!!handler_zi)
    .ARM.Collect$$libinit$$00000000          0x0000c1ac   Section        2  libinit.o(.ARM.Collect$$libinit$$00000000)
    .ARM.Collect$$libinit$$00000001          0x0000c1ae   Section        4  libinit2.o(.ARM.Collect$$libinit$$00000001)
    .ARM.Collect$$libinit$$00000004          0x0000c1b2   Section        0  libinit2.o(.ARM.Collect$$libinit$$00000004)
    .ARM.Collect$$libinit$$00000006          0x0000c1b2   Section        0  libinit2.o(.ARM.Collect$$libinit$$00000006)
    .ARM.Collect$$libinit$$0000000C          0x0000c1b2   Section        0  libinit2.o(.ARM.Collect$$libinit$$0000000C)
    .ARM.Collect$$libinit$$0000000E          0x0000c1b2   Section        0  libinit2.o(.ARM.Collect$$libinit$$0000000E)
    .ARM.Collect$$libinit$$00000010          0x0000c1b2   Section        0  libinit2.o(.ARM.Collect$$libinit$$00000010)
    .ARM.Collect$$libinit$$00000013          0x0000c1b2   Section        0  libinit2.o(.ARM.Collect$$libinit$$00000013)
    .ARM.Collect$$libinit$$00000015          0x0000c1b2   Section        0  libinit2.o(.ARM.Collect$$libinit$$00000015)
    .ARM.Collect$$libinit$$00000017          0x0000c1b2   Section        0  libinit2.o(.ARM.Collect$$libinit$$00000017)
    .ARM.Collect$$libinit$$00000019          0x0000c1b2   Section        0  libinit2.o(.ARM.Collect$$libinit$$00000019)
    .ARM.Collect$$libinit$$0000001B          0x0000c1b2   Section        0  libinit2.o(.ARM.Collect$$libinit$$0000001B)
    .ARM.Collect$$libinit$$0000001D          0x0000c1b2   Section        0  libinit2.o(.ARM.Collect$$libinit$$0000001D)
    .ARM.Collect$$libinit$$0000001F          0x0000c1b2   Section        0  libinit2.o(.ARM.Collect$$libinit$$0000001F)
    .ARM.Collect$$libinit$$00000021          0x0000c1b2   Section        0  libinit2.o(.ARM.Collect$$libinit$$00000021)
    .ARM.Collect$$libinit$$00000023          0x0000c1b2   Section        0  libinit2.o(.ARM.Collect$$libinit$$00000023)
    .ARM.Collect$$libinit$$00000025          0x0000c1b2   Section        0  libinit2.o(.ARM.Collect$$libinit$$00000025)
    .ARM.Collect$$libinit$$00000027          0x0000c1b2   Section        0  libinit2.o(.ARM.Collect$$libinit$$00000027)
    .ARM.Collect$$libinit$$0000002E          0x0000c1b2   Section        0  libinit2.o(.ARM.Collect$$libinit$$0000002E)
    .ARM.Collect$$libinit$$00000030          0x0000c1b2   Section        0  libinit2.o(.ARM.Collect$$libinit$$00000030)
    .ARM.Collect$$libinit$$00000032          0x0000c1b2   Section        0  libinit2.o(.ARM.Collect$$libinit$$00000032)
    .ARM.Collect$$libinit$$00000034          0x0000c1b2   Section        0  libinit2.o(.ARM.Collect$$libinit$$00000034)
    .ARM.Collect$$libinit$$00000035          0x0000c1b2   Section        2  libinit2.o(.ARM.Collect$$libinit$$00000035)
    .ARM.Collect$$libshutdown$$00000000      0x0000c1b4   Section        2  libshutdown.o(.ARM.Collect$$libshutdown$$00000000)
    .ARM.Collect$$libshutdown$$00000002      0x0000c1b6   Section        0  libshutdown2.o(.ARM.Collect$$libshutdown$$00000002)
    .ARM.Collect$$libshutdown$$00000004      0x0000c1b6   Section        0  libshutdown2.o(.ARM.Collect$$libshutdown$$00000004)
    .ARM.Collect$$libshutdown$$00000007      0x0000c1b6   Section        0  libshutdown2.o(.ARM.Collect$$libshutdown$$00000007)
    .ARM.Collect$$libshutdown$$0000000A      0x0000c1b6   Section        0  libshutdown2.o(.ARM.Collect$$libshutdown$$0000000A)
    .ARM.Collect$$libshutdown$$0000000C      0x0000c1b6   Section        0  libshutdown2.o(.ARM.Collect$$libshutdown$$0000000C)
    .ARM.Collect$$libshutdown$$0000000F      0x0000c1b6   Section        0  libshutdown2.o(.ARM.Collect$$libshutdown$$0000000F)
    .ARM.Collect$$libshutdown$$00000010      0x0000c1b6   Section        2  libshutdown2.o(.ARM.Collect$$libshutdown$$00000010)
    .ARM.Collect$$rtentry$$00000000          0x0000c1b8   Section        0  __rtentry.o(.ARM.Collect$$rtentry$$00000000)
    .ARM.Collect$$rtentry$$00000002          0x0000c1b8   Section        0  __rtentry2.o(.ARM.Collect$$rtentry$$00000002)
    .ARM.Collect$$rtentry$$00000004          0x0000c1b8   Section        6  __rtentry4.o(.ARM.Collect$$rtentry$$00000004)
    .ARM.Collect$$rtentry$$00000009          0x0000c1be   Section        0  __rtentry2.o(.ARM.Collect$$rtentry$$00000009)
    .ARM.Collect$$rtentry$$0000000A          0x0000c1be   Section        4  __rtentry2.o(.ARM.Collect$$rtentry$$0000000A)
    .ARM.Collect$$rtentry$$0000000C          0x0000c1c2   Section        0  __rtentry2.o(.ARM.Collect$$rtentry$$0000000C)
    .ARM.Collect$$rtentry$$0000000D          0x0000c1c2   Section        8  __rtentry2.o(.ARM.Collect$$rtentry$$0000000D)
    .ARM.Collect$$rtexit$$00000000           0x0000c1ca   Section        2  rtexit.o(.ARM.Collect$$rtexit$$00000000)
    .ARM.Collect$$rtexit$$00000002           0x0000c1cc   Section        0  rtexit2.o(.ARM.Collect$$rtexit$$00000002)
    .ARM.Collect$$rtexit$$00000003           0x0000c1cc   Section        4  rtexit2.o(.ARM.Collect$$rtexit$$00000003)
    .ARM.Collect$$rtexit$$00000004           0x0000c1d0   Section        6  rtexit2.o(.ARM.Collect$$rtexit$$00000004)
    $v0                                      0x0000c1d8   Number         0  startup_apollo3.o(.text)
    .text                                    0x0000c1d8   Section       24  startup_apollo3.o(.text)
    .text                                    0x0000c1f0   Section        0  heapauxi.o(.text)
    .text                                    0x0000c1f8   Section        8  libspace.o(.text)
    .text                                    0x0000c200   Section       74  sys_stackheap_outer.o(.text)
    .text                                    0x0000c24a   Section        0  exit.o(.text)
    .text                                    0x0000c25c   Section        0  sys_exit.o(.text)
    .text                                    0x0000c268   Section        2  use_no_semi.o(.text)
    .text                                    0x0000c26a   Section        0  indicate_semi.o(.text)
    [Anonymous Symbol]                       0x0000c26c   Section        0  am_util_faultisr.o(.text.HardFault_Handler)
    SHTC3_CalcHumidity                       0x0000c289   Thumb Code    48  shtc3.o(.text.SHTC3_CalcHumidity)
    [Anonymous Symbol]                       0x0000c288   Section        0  shtc3.o(.text.SHTC3_CalcHumidity)
    SHTC3_CalcTemperature                    0x0000c2b9   Thumb Code    60  shtc3.o(.text.SHTC3_CalcTemperature)
    [Anonymous Symbol]                       0x0000c2b8   Section        0  shtc3.o(.text.SHTC3_CalcTemperature)
    SHTC3_CheckCrc                           0x0000c2f5   Thumb Code   182  shtc3.o(.text.SHTC3_CheckCrc)
    [Anonymous Symbol]                       0x0000c2f4   Section        0  shtc3.o(.text.SHTC3_CheckCrc)
    [Anonymous Symbol]                       0x0000c3ac   Section        0  shtc3.o(.text.SHTC3_GetTempAndHumi)
    SHTC3_ReadBytesAndCrc                    0x0000c44d   Thumb Code   202  shtc3.o(.text.SHTC3_ReadBytesAndCrc)
    [Anonymous Symbol]                       0x0000c44c   Section        0  shtc3.o(.text.SHTC3_ReadBytesAndCrc)
    SpectrometerMeasurement                  0x0000c519   Thumb Code   160  taskhandler.o(.text.SpectrometerMeasurement)
    [Anonymous Symbol]                       0x0000c518   Section        0  taskhandler.o(.text.SpectrometerMeasurement)
    __NVIC_DisableIRQ                        0x0000c5b9   Thumb Code    56  timing.o(.text.__NVIC_DisableIRQ)
    [Anonymous Symbol]                       0x0000c5b8   Section        0  timing.o(.text.__NVIC_DisableIRQ)
    __NVIC_EnableIRQ                         0x0000c5f1   Thumb Code    48  timing.o(.text.__NVIC_EnableIRQ)
    [Anonymous Symbol]                       0x0000c5f0   Section        0  timing.o(.text.__NVIC_EnableIRQ)
    __NVIC_EnableIRQ                         0x0000c621   Thumb Code    48  taskhandler.o(.text.__NVIC_EnableIRQ)
    [Anonymous Symbol]                       0x0000c620   Section        0  taskhandler.o(.text.__NVIC_EnableIRQ)
    [Anonymous Symbol]                       0x0000c650   Section        0  adc.o(.text.am_adc_isr)
    [Anonymous Symbol]                       0x0000c6a0   Section        0  timing.o(.text.am_ctimer_isr)
    [Anonymous Symbol]                       0x0000c6b8   Section        0  i2c.o(.text.am_device_command_read)
    [Anonymous Symbol]                       0x0000c730   Section        0  i2c.o(.text.am_device_command_write)
    [Anonymous Symbol]                       0x0000c7a4   Section        0  dac63002.o(.text.am_devices_dac63002_1_set_output)
    [Anonymous Symbol]                       0x0000c7fc   Section        0  gpio.o(.text.am_gpio_isr)
    [Anonymous Symbol]                       0x0000c824   Section        0  am_hal_adc.o(.text.am_hal_adc_interrupt_clear)
    [Anonymous Symbol]                       0x0000c878   Section        0  am_hal_adc.o(.text.am_hal_adc_interrupt_status)
    [Anonymous Symbol]                       0x0000c8fc   Section        0  am_hal_cachectrl.o(.text.am_hal_cachectrl_control)
    [Anonymous Symbol]                       0x0000cb9c   Section        0  am_hal_clkgen.o(.text.am_hal_clkgen_control)
    [Anonymous Symbol]                       0x0000cd30   Section        0  am_hal_clkgen.o(.text.am_hal_clkgen_status_get)
    [Anonymous Symbol]                       0x0000cd94   Section        0  am_hal_cmdq.o(.text.am_hal_cmdq_disable)
    [Anonymous Symbol]                       0x0000ce00   Section        0  am_hal_cmdq.o(.text.am_hal_cmdq_enable)
    [Anonymous Symbol]                       0x0000ce6c   Section        0  am_hal_cmdq.o(.text.am_hal_cmdq_init)
    [Anonymous Symbol]                       0x0000cfa0   Section        0  am_hal_ctimer.o(.text.am_hal_ctimer_int_clear)
    [Anonymous Symbol]                       0x0000cfc4   Section        0  am_hal_flash.o(.text.am_hal_flash_delay)
    [Anonymous Symbol]                       0x0000d014   Section        0  am_hal_flash.o(.text.am_hal_flash_delay_status_check)
    [Anonymous Symbol]                       0x0000d088   Section        0  am_hal_flash.o(.text.am_hal_flash_load_ui32)
    [Anonymous Symbol]                       0x0000d0a0   Section        0  am_hal_flash.o(.text.am_hal_flash_store_ui32)
    [Anonymous Symbol]                       0x0000d0dc   Section        0  am_hal_gpio.o(.text.am_hal_gpio_interrupt_clear)
    [Anonymous Symbol]                       0x0000d124   Section        0  am_hal_gpio.o(.text.am_hal_gpio_interrupt_enable)
    [Anonymous Symbol]                       0x0000d174   Section        0  am_hal_gpio.o(.text.am_hal_gpio_interrupt_register)
    [Anonymous Symbol]                       0x0000d1b0   Section        0  am_hal_gpio.o(.text.am_hal_gpio_interrupt_service)
    [Anonymous Symbol]                       0x0000d2a0   Section        0  am_hal_gpio.o(.text.am_hal_gpio_interrupt_status_get)
    [Anonymous Symbol]                       0x0000d33c   Section        0  am_hal_gpio.o(.text.am_hal_gpio_pinconfig)
    [Anonymous Symbol]                       0x0000d700   Section        0  am_hal_gpio.o(.text.am_hal_gpio_state_write)
    [Anonymous Symbol]                       0x0000d7d4   Section        0  am_hal_interrupt.o(.text.am_hal_interrupt_master_disable)
    [Anonymous Symbol]                       0x0000d7dc   Section        0  am_hal_interrupt.o(.text.am_hal_interrupt_master_enable)
    [Anonymous Symbol]                       0x0000d7e4   Section        0  am_hal_interrupt.o(.text.am_hal_interrupt_master_set)
    [Anonymous Symbol]                       0x0000d7ec   Section        0  am_hal_iom.o(.text.am_hal_iom_CQDisable)
    [Anonymous Symbol]                       0x0000d804   Section        0  am_hal_iom.o(.text.am_hal_iom_CQEnable)
    [Anonymous Symbol]                       0x0000d848   Section        0  am_hal_iom.o(.text.am_hal_iom_CQInit)
    [Anonymous Symbol]                       0x0000d8a8   Section        0  am_hal_iom.o(.text.am_hal_iom_blocking_transfer)
    [Anonymous Symbol]                       0x0000ddb4   Section        0  am_hal_iom.o(.text.am_hal_iom_configure)
    [Anonymous Symbol]                       0x0000e008   Section        0  am_hal_iom.o(.text.am_hal_iom_enable)
    [Anonymous Symbol]                       0x0000e100   Section        0  am_hal_iom.o(.text.am_hal_iom_initialize)
    [Anonymous Symbol]                       0x0000e1a0   Section        0  am_hal_iom.o(.text.am_hal_iom_power_ctrl)
    [Anonymous Symbol]                       0x0000e50c   Section        0  am_hal_mcuctrl.o(.text.am_hal_mcuctrl_control)
    [Anonymous Symbol]                       0x0000e760   Section        0  am_hal_mcuctrl.o(.text.am_hal_mcuctrl_info_get)
    [Anonymous Symbol]                       0x0000e80c   Section        0  am_hal_pwrctrl.o(.text.am_hal_pwrctrl_blebuck_trim)
    [Anonymous Symbol]                       0x0000e860   Section        0  am_hal_pwrctrl.o(.text.am_hal_pwrctrl_low_power_init)
    [Anonymous Symbol]                       0x0000e97c   Section        0  am_hal_pwrctrl.o(.text.am_hal_pwrctrl_periph_disable)
    [Anonymous Symbol]                       0x0000ea38   Section        0  am_hal_pwrctrl.o(.text.am_hal_pwrctrl_periph_enable)
    [Anonymous Symbol]                       0x0000eb1c   Section        0  am_hal_rtc.o(.text.am_hal_rtc_int_clear)
    [Anonymous Symbol]                       0x0000eb30   Section        0  am_hal_rtc.o(.text.am_hal_rtc_int_status_get)
    [Anonymous Symbol]                       0x0000eb80   Section        0  am_hal_rtc.o(.text.am_hal_rtc_osc_disable)
    [Anonymous Symbol]                       0x0000eb94   Section        0  am_hal_stimer.o(.text.am_hal_stimer_compare_delta_set)
    [Anonymous Symbol]                       0x0000ec4c   Section        0  am_hal_stimer.o(.text.am_hal_stimer_config)
    [Anonymous Symbol]                       0x0000ec68   Section        0  am_hal_stimer.o(.text.am_hal_stimer_int_clear)
    [Anonymous Symbol]                       0x0000ec7c   Section        0  am_hal_stimer.o(.text.am_hal_stimer_int_disable)
    [Anonymous Symbol]                       0x0000ec94   Section        0  am_hal_stimer.o(.text.am_hal_stimer_int_enable)
    [Anonymous Symbol]                       0x0000ecac   Section        0  am_hal_sysctrl.o(.text.am_hal_sysctrl_sleep)
    [Anonymous Symbol]                       0x0000ee00   Section        0  rtc.o(.text.am_rtc_isr)
    [Anonymous Symbol]                       0x0000ee18   Section        0  timing.o(.text.am_stimer_cmpr0_isr)
    [Anonymous Symbol]                       0x0000ee70   Section        0  timing.o(.text.am_stimer_cmpr4_isr)
    [Anonymous Symbol]                       0x0000ee88   Section        0  timing.o(.text.am_stimer_cmpr5_isr)
    [Anonymous Symbol]                       0x0000eed0   Section        0  am_util_delay.o(.text.am_util_delay_ms)
    [Anonymous Symbol]                       0x0000ef00   Section        0  am_util_faultisr.o(.text.am_util_faultisr_collect_data)
    [Anonymous Symbol]                       0x0000efd4   Section        0  as7341.o(.text.as7341IRQ)
    [Anonymous Symbol]                       0x0000eff4   Section        0  as7341.o(.text.as7341_clearInterrupt)
    [Anonymous Symbol]                       0x0000f048   Section        0  as7341.o(.text.as7341_config)
    [Anonymous Symbol]                       0x0000f078   Section        0  as7341.o(.text.as7341_enable)
    [Anonymous Symbol]                       0x0000f0cc   Section        0  as7341.o(.text.as7341_getSpectralGain)
    [Anonymous Symbol]                       0x0000f0dc   Section        0  as7341.o(.text.as7341_readRegister)
    [Anonymous Symbol]                       0x0000f138   Section        0  as7341.o(.text.as7341_setGain)
    [Anonymous Symbol]                       0x0000f270   Section        0  as7341.o(.text.as7341_setIntegrationTime)
    [Anonymous Symbol]                       0x0000f328   Section        0  as7341.o(.text.as7341_setInterruptMode)
    [Anonymous Symbol]                       0x0000f588   Section        0  as7341.o(.text.as7341_setWaitTime)
    [Anonymous Symbol]                       0x0000f5f4   Section        0  as7341.o(.text.as7341_startMeasurement)
    [Anonymous Symbol]                       0x0000f688   Section        0  as7341.o(.text.as7341_stopMeasuring)
    [Anonymous Symbol]                       0x0000f6e0   Section        0  as7341.o(.text.as7341_testCommunication)
    [Anonymous Symbol]                       0x0000f750   Section        0  as7341.o(.text.as7341_transmitMeasurementsFIFO)
    [Anonymous Symbol]                       0x0000f7e0   Section        0  as7341.o(.text.as7341_writeSMUXmapping)
    build_cmd                                0x0000fbe9   Thumb Code   126  am_hal_iom.o(.text.build_cmd)
    [Anonymous Symbol]                       0x0000fbe8   Section        0  am_hal_iom.o(.text.build_cmd)
    compute_freq                             0x0000fc69   Thumb Code    84  am_hal_iom.o(.text.compute_freq)
    [Anonymous Symbol]                       0x0000fc68   Section        0  am_hal_iom.o(.text.compute_freq)
    [Anonymous Symbol]                       0x0000fcbc   Section        0  dac63002.o(.text.dataPrepare)
    [Anonymous Symbol]                       0x0000fce0   Section        0  i2c.o(.text.device_I2C_init)
    device_info_get                          0x0000fe55   Thumb Code   320  am_hal_mcuctrl.o(.text.device_info_get)
    [Anonymous Symbol]                       0x0000fe54   Section        0  am_hal_mcuctrl.o(.text.device_info_get)
    enable_submodule                         0x0000ff95   Thumb Code    72  am_hal_iom.o(.text.enable_submodule)
    [Anonymous Symbol]                       0x0000ff94   Section        0  am_hal_iom.o(.text.enable_submodule)
    [Anonymous Symbol]                       0x0000ffdc   Section        0  taskhandler.o(.text.executeSpecMeasurement)
    [Anonymous Symbol]                       0x000100ec   Section        0  taskhandler.o(.text.executeTempMeasurement)
    [Anonymous Symbol]                       0x00010138   Section        0  am_util_faultisr.o(.text.getStackedReg)
    [Anonymous Symbol]                       0x00010140   Section        0  gpio.o(.text.gpioWrite)
    [Anonymous Symbol]                       0x00010178   Section        0  taskhandler.o(.text.initSpecMeasurement)
    [Anonymous Symbol]                       0x00010210   Section        0  am_hal_iom.o(.text.internal_iom_get_int_err)
    internal_iom_reset_on_error              0x0001028d   Thumb Code   590  am_hal_iom.o(.text.internal_iom_reset_on_error)
    [Anonymous Symbol]                       0x0001028c   Section        0  am_hal_iom.o(.text.internal_iom_reset_on_error)
    iom_get_interface_clock_cfg              0x000104dd   Thumb Code   602  am_hal_iom.o(.text.iom_get_interface_clock_cfg)
    [Anonymous Symbol]                       0x000104dc   Section        0  am_hal_iom.o(.text.iom_get_interface_clock_cfg)
    [Anonymous Symbol]                       0x00010738   Section        0  main.o(.text.main)
    mcuctrl_fault_status                     0x0001076d   Thumb Code   100  am_hal_mcuctrl.o(.text.mcuctrl_fault_status)
    [Anonymous Symbol]                       0x0001076c   Section        0  am_hal_mcuctrl.o(.text.mcuctrl_fault_status)
    onebit                                   0x000107d1   Thumb Code    40  am_hal_iom.o(.text.onebit)
    [Anonymous Symbol]                       0x000107d0   Section        0  am_hal_iom.o(.text.onebit)
    pincfg_equ                               0x000107f9   Thumb Code    34  am_hal_gpio.o(.text.pincfg_equ)
    [Anonymous Symbol]                       0x000107f8   Section        0  am_hal_gpio.o(.text.pincfg_equ)
    pwrctrl_periph_disable_msk_check         0x0001081d   Thumb Code   222  am_hal_pwrctrl.o(.text.pwrctrl_periph_disable_msk_check)
    [Anonymous Symbol]                       0x0001081c   Section        0  am_hal_pwrctrl.o(.text.pwrctrl_periph_disable_msk_check)
    set_LPMMODE                              0x000108fd   Thumb Code   102  am_hal_cachectrl.o(.text.set_LPMMODE)
    [Anonymous Symbol]                       0x000108fc   Section        0  am_hal_cachectrl.o(.text.set_LPMMODE)
    set_RDWAIT                               0x00010965   Thumb Code   102  am_hal_cachectrl.o(.text.set_RDWAIT)
    [Anonymous Symbol]                       0x00010964   Section        0  am_hal_cachectrl.o(.text.set_RDWAIT)
    set_SEDELAY                              0x000109cd   Thumb Code   102  am_hal_cachectrl.o(.text.set_SEDELAY)
    [Anonymous Symbol]                       0x000109cc   Section        0  am_hal_cachectrl.o(.text.set_SEDELAY)
    simobuck_updates                         0x00010a35   Thumb Code   160  am_hal_pwrctrl.o(.text.simobuck_updates)
    [Anonymous Symbol]                       0x00010a34   Section        0  am_hal_pwrctrl.o(.text.simobuck_updates)
    [Anonymous Symbol]                       0x00010ad4   Section        0  timing.o(.text.timerDelay)
    [Anonymous Symbol]                       0x00010b3c   Section        0  device.o(.text.turnOffPARLAI)
    [Anonymous Symbol]                       0x00010b58   Section        0  device.o(.text.turnOffTemp)
    [Anonymous Symbol]                       0x00010b74   Section        0  device.o(.text.turnOnI2C)
    [Anonymous Symbol]                       0x00010bd4   Section        0  device.o(.text.turnOnPARLAI)
    [Anonymous Symbol]                       0x00010c0c   Section        0  device.o(.text.turnOnTemp)
    [Anonymous Symbol]                       0x00010c44   Section        0  am_hal_iom.o(.text.validate_transaction)
    $v0                                      0x00010d20   Number         0  fpinit.o(x$fpl$fpinit)
    x$fpl$fpinit                             0x00010d20   Section       26  fpinit.o(x$fpl$fpinit)
    gAmHalCmdQReg                            0x00010df0   Data         320  am_hal_cmdq.o(.rodata.gAmHalCmdQReg)
    [Anonymous Symbol]                       0x00010df0   Section        0  am_hal_cmdq.o(.rodata.gAmHalCmdQReg)
    g_ui8Bit76Capabilities                   0x00011020   Data          50  am_hal_gpio.o(.rodata.g_ui8Bit76Capabilities)
    [Anonymous Symbol]                       0x00011020   Section        0  am_hal_gpio.o(.rodata.g_ui8Bit76Capabilities)
    g_ui8Inpen                               0x00011052   Data          50  am_hal_gpio.o(.rodata.g_ui8Inpen)
    [Anonymous Symbol]                       0x00011052   Section        0  am_hal_gpio.o(.rodata.g_ui8Inpen)
    g_ui8NCEtable                            0x00011084   Data         200  am_hal_gpio.o(.rodata.g_ui8NCEtable)
    [Anonymous Symbol]                       0x00011084   Section        0  am_hal_gpio.o(.rodata.g_ui8NCEtable)
    g_ui8nCEpins                             0x0001114c   Data          50  am_hal_gpio.o(.rodata.g_ui8nCEpins)
    [Anonymous Symbol]                       0x0001114c   Section        0  am_hal_gpio.o(.rodata.g_ui8nCEpins)
    as_gain                                  0x1000001a   Data           1  taskhandler.o(.data.as_gain)
    [Anonymous Symbol]                       0x1000001a   Section        0  taskhandler.o(.data.as_gain)
    spectral_gain                            0x10000020   Data           4  as7341.o(.data.spectral_gain)
    [Anonymous Symbol]                       0x10000020   Section        0  as7341.o(.data.spectral_gain)
    .bss                                     0x10000028   Section       96  libspace.o(.bss)
    gAmHalCmdq                               0x10000498   Data         352  am_hal_cmdq.o(.bss.gAmHalCmdq)
    [Anonymous Symbol]                       0x10000498   Section        0  am_hal_cmdq.o(.bss.gAmHalCmdq)
    g_ADCHandle                              0x100005fc   Data           4  adc.o(.bss.g_ADCHandle)
    [Anonymous Symbol]                       0x100005fc   Section        0  adc.o(.bss.g_ADCHandle)
    g_ui32BusWriteFlush                      0x100039dc   Data           4  am_hal_sysctrl.o(.bss.g_ui32BusWriteFlush)
    [Anonymous Symbol]                       0x100039dc   Section        0  am_hal_sysctrl.o(.bss.g_ui32BusWriteFlush)
    gpio_pHandlerCtxt                        0x100039e0   Data         200  am_hal_gpio.o(.bss.gpio_pHandlerCtxt)
    [Anonymous Symbol]                       0x100039e0   Section        0  am_hal_gpio.o(.bss.gpio_pHandlerCtxt)
    gpio_ppfnHandlers                        0x10003aa8   Data         200  am_hal_gpio.o(.bss.gpio_ppfnHandlers)
    [Anonymous Symbol]                       0x10003aa8   Section        0  am_hal_gpio.o(.bss.gpio_ppfnHandlers)
    parInitialized                           0x10003b80   Data           1  taskhandler.o(.bss.parInitialized)
    [Anonymous Symbol]                       0x10003b80   Section        0  taskhandler.o(.bss.parInitialized)
    HeapMem                                  0x10003bb0   Data           0  startup_apollo3.o(HEAP)
    StackMem                                 0x10003bb0   Data           0  startup_apollo3.o(STACK)
    HEAP                                     0x10003bb0   Section        0  startup_apollo3.o(HEAP)
    STACK                                    0x10003bb0   Section     4096  startup_apollo3.o(STACK)

    Global Symbols

    Symbol Name                              Value     Ov Type        Size  Object(Section)

    BuildAttributes$$THM_ISAv4$E$P$D$K$B$S$7EM$VFPi3$EXTD16$VFPS$VFMA$PE$A:L22UL41UL21$X:L11$S22US41US21$IEEE1$IW$~IW$USESV6$~STKCKD$USESV7$~SHL$OTIME$ROPI$IEEEX$EBA8$UX$STANDARDLIB$REQ8$PRES8$EABIv2 0x00000000   Number         0  anon$$obj.o ABSOLUTE
    __ARM_exceptions_init                     - Undefined Weak Reference
    __alloca_initialize                       - Undefined Weak Reference
    __arm_preinit_                            - Undefined Weak Reference
    __arm_relocate_pie_                       - Undefined Weak Reference
    __cpp_initialize__aeabi_                  - Undefined Weak Reference
    __cxa_finalize                            - Undefined Weak Reference
    __rt_locale                               - Undefined Weak Reference
    __sigvec_lookup                           - Undefined Weak Reference
    _atexit_init                              - Undefined Weak Reference
    _call_atexit_fns                          - Undefined Weak Reference
    _clock_init                               - Undefined Weak Reference
    _fp_trap_init                             - Undefined Weak Reference
    _fp_trap_shutdown                         - Undefined Weak Reference
    _get_lc_collate                           - Undefined Weak Reference
    _get_lc_ctype                             - Undefined Weak Reference
    _get_lc_monetary                          - Undefined Weak Reference
    _get_lc_numeric                           - Undefined Weak Reference
    _get_lc_time                              - Undefined Weak Reference
    _getenv_init                              - Undefined Weak Reference
    _handle_redirection                       - Undefined Weak Reference
    _init_alloc                               - Undefined Weak Reference
    _init_user_alloc                          - Undefined Weak Reference
    _initio                                   - Undefined Weak Reference
    _rand_init                                - Undefined Weak Reference
    _signal_finish                            - Undefined Weak Reference
    _signal_init                              - Undefined Weak Reference
    _terminate_alloc                          - Undefined Weak Reference
    _terminate_user_alloc                     - Undefined Weak Reference
    _terminateio                              - Undefined Weak Reference
    __Vectors                                0x0000c000   Data           0  startup_apollo3.o(RESET)
    __Patchable                              0x0000c0c0   Data           0  startup_apollo3.o(RESET)
    Reset_Handler                            0x0000c101   Thumb Code    28  startup_apollo3.o(RESET)
    NMI_Handler                              0x0000c11f   Thumb Code     2  startup_apollo3.o(RESET)
    MemManage_Handler                        0x0000c121   Thumb Code     2  startup_apollo3.o(RESET)
    BusFault_Handler                         0x0000c123   Thumb Code     2  startup_apollo3.o(RESET)
    UsageFault_Handler                       0x0000c125   Thumb Code     2  startup_apollo3.o(RESET)
    SecureFault_Handler                      0x0000c127   Thumb Code     2  startup_apollo3.o(RESET)
    SVC_Handler                              0x0000c129   Thumb Code     2  startup_apollo3.o(RESET)
    DebugMon_Handler                         0x0000c12b   Thumb Code     2  startup_apollo3.o(RESET)
    PendSV_Handler                           0x0000c12d   Thumb Code     2  startup_apollo3.o(RESET)
    SysTick_Handler                          0x0000c12f   Thumb Code     2  startup_apollo3.o(RESET)
    am_ble_isr                               0x0000c131   Thumb Code     0  startup_apollo3.o(RESET)
    am_brownout_isr                          0x0000c131   Thumb Code     0  startup_apollo3.o(RESET)
    am_clkgen_isr                            0x0000c131   Thumb Code     0  startup_apollo3.o(RESET)
    am_iomaster0_isr                         0x0000c131   Thumb Code     0  startup_apollo3.o(RESET)
    am_iomaster1_isr                         0x0000c131   Thumb Code     0  startup_apollo3.o(RESET)
    am_iomaster2_isr                         0x0000c131   Thumb Code     0  startup_apollo3.o(RESET)
    am_iomaster3_isr                         0x0000c131   Thumb Code     0  startup_apollo3.o(RESET)
    am_iomaster4_isr                         0x0000c131   Thumb Code     0  startup_apollo3.o(RESET)
    am_iomaster5_isr                         0x0000c131   Thumb Code     0  startup_apollo3.o(RESET)
    am_ioslave_acc_isr                       0x0000c131   Thumb Code     0  startup_apollo3.o(RESET)
    am_ioslave_ios_isr                       0x0000c131   Thumb Code     0  startup_apollo3.o(RESET)
    am_mspi0_isr                             0x0000c131   Thumb Code     0  startup_apollo3.o(RESET)
    am_pdm0_isr                              0x0000c131   Thumb Code     0  startup_apollo3.o(RESET)
    am_scard_isr                             0x0000c131   Thumb Code     0  startup_apollo3.o(RESET)
    am_software0_isr                         0x0000c131   Thumb Code     0  startup_apollo3.o(RESET)
    am_stimer_cmpr1_isr                      0x0000c131   Thumb Code     0  startup_apollo3.o(RESET)
    am_stimer_cmpr2_isr                      0x0000c131   Thumb Code     0  startup_apollo3.o(RESET)
    am_stimer_cmpr3_isr                      0x0000c131   Thumb Code     0  startup_apollo3.o(RESET)
    am_stimer_cmpr6_isr                      0x0000c131   Thumb Code     0  startup_apollo3.o(RESET)
    am_stimer_cmpr7_isr                      0x0000c131   Thumb Code     0  startup_apollo3.o(RESET)
    am_stimer_isr                            0x0000c131   Thumb Code     0  startup_apollo3.o(RESET)
    am_uart0_isr                             0x0000c131   Thumb Code     0  startup_apollo3.o(RESET)
    am_uart1_isr                             0x0000c131   Thumb Code     0  startup_apollo3.o(RESET)
    am_uart_isr                              0x0000c131   Thumb Code     0  startup_apollo3.o(RESET)
    am_vcomp_isr                             0x0000c131   Thumb Code     0  startup_apollo3.o(RESET)
    am_watchdog_isr                          0x0000c131   Thumb Code     0  startup_apollo3.o(RESET)
    __main                                   0x0000c139   Thumb Code     8  __main.o(!!!main)
    __scatterload                            0x0000c141   Thumb Code     0  __scatter.o(!!!scatter)
    __scatterload_rt2                        0x0000c141   Thumb Code    44  __scatter.o(!!!scatter)
    __scatterload_rt2_thumb_only             0x0000c141   Thumb Code     0  __scatter.o(!!!scatter)
    __scatterload_null                       0x0000c14f   Thumb Code     0  __scatter.o(!!!scatter)
    __scatterload_copy                       0x0000c175   Thumb Code    26  __scatter_copy.o(!!handler_copy)
    __scatterload_zeroinit                   0x0000c191   Thumb Code    28  __scatter_zi.o(!!handler_zi)
    __rt_lib_init                            0x0000c1ad   Thumb Code     0  libinit.o(.ARM.Collect$$libinit$$00000000)
    __rt_lib_init_fp_1                       0x0000c1af   Thumb Code     0  libinit2.o(.ARM.Collect$$libinit$$00000001)
    __rt_lib_init_alloca_1                   0x0000c1b3   Thumb Code     0  libinit2.o(.ARM.Collect$$libinit$$00000030)
    __rt_lib_init_argv_1                     0x0000c1b3   Thumb Code     0  libinit2.o(.ARM.Collect$$libinit$$0000002E)
    __rt_lib_init_atexit_1                   0x0000c1b3   Thumb Code     0  libinit2.o(.ARM.Collect$$libinit$$0000001D)
    __rt_lib_init_clock_1                    0x0000c1b3   Thumb Code     0  libinit2.o(.ARM.Collect$$libinit$$00000023)
    __rt_lib_init_cpp_1                      0x0000c1b3   Thumb Code     0  libinit2.o(.ARM.Collect$$libinit$$00000034)
    __rt_lib_init_exceptions_1               0x0000c1b3   Thumb Code     0  libinit2.o(.ARM.Collect$$libinit$$00000032)
    __rt_lib_init_fp_trap_1                  0x0000c1b3   Thumb Code     0  libinit2.o(.ARM.Collect$$libinit$$00000021)
    __rt_lib_init_getenv_1                   0x0000c1b3   Thumb Code     0  libinit2.o(.ARM.Collect$$libinit$$00000025)
    __rt_lib_init_heap_1                     0x0000c1b3   Thumb Code     0  libinit2.o(.ARM.Collect$$libinit$$0000000C)
    __rt_lib_init_lc_collate_1               0x0000c1b3   Thumb Code     0  libinit2.o(.ARM.Collect$$libinit$$00000013)
    __rt_lib_init_lc_ctype_1                 0x0000c1b3   Thumb Code     0  libinit2.o(.ARM.Collect$$libinit$$00000015)
    __rt_lib_init_lc_monetary_1              0x0000c1b3   Thumb Code     0  libinit2.o(.ARM.Collect$$libinit$$00000017)
    __rt_lib_init_lc_numeric_1               0x0000c1b3   Thumb Code     0  libinit2.o(.ARM.Collect$$libinit$$00000019)
    __rt_lib_init_lc_time_1                  0x0000c1b3   Thumb Code     0  libinit2.o(.ARM.Collect$$libinit$$0000001B)
    __rt_lib_init_preinit_1                  0x0000c1b3   Thumb Code     0  libinit2.o(.ARM.Collect$$libinit$$00000006)
    __rt_lib_init_rand_1                     0x0000c1b3   Thumb Code     0  libinit2.o(.ARM.Collect$$libinit$$00000010)
    __rt_lib_init_relocate_pie_1             0x0000c1b3   Thumb Code     0  libinit2.o(.ARM.Collect$$libinit$$00000004)
    __rt_lib_init_return                     0x0000c1b3   Thumb Code     0  libinit2.o(.ARM.Collect$$libinit$$00000035)
    __rt_lib_init_signal_1                   0x0000c1b3   Thumb Code     0  libinit2.o(.ARM.Collect$$libinit$$0000001F)
    __rt_lib_init_stdio_1                    0x0000c1b3   Thumb Code     0  libinit2.o(.ARM.Collect$$libinit$$00000027)
    __rt_lib_init_user_alloc_1               0x0000c1b3   Thumb Code     0  libinit2.o(.ARM.Collect$$libinit$$0000000E)
    __rt_lib_shutdown                        0x0000c1b5   Thumb Code     0  libshutdown.o(.ARM.Collect$$libshutdown$$00000000)
    __rt_lib_shutdown_cpp_1                  0x0000c1b7   Thumb Code     0  libshutdown2.o(.ARM.Collect$$libshutdown$$00000002)
    __rt_lib_shutdown_fp_trap_1              0x0000c1b7   Thumb Code     0  libshutdown2.o(.ARM.Collect$$libshutdown$$00000007)
    __rt_lib_shutdown_heap_1                 0x0000c1b7   Thumb Code     0  libshutdown2.o(.ARM.Collect$$libshutdown$$0000000F)
    __rt_lib_shutdown_return                 0x0000c1b7   Thumb Code     0  libshutdown2.o(.ARM.Collect$$libshutdown$$00000010)
    __rt_lib_shutdown_signal_1               0x0000c1b7   Thumb Code     0  libshutdown2.o(.ARM.Collect$$libshutdown$$0000000A)
    __rt_lib_shutdown_stdio_1                0x0000c1b7   Thumb Code     0  libshutdown2.o(.ARM.Collect$$libshutdown$$00000004)
    __rt_lib_shutdown_user_alloc_1           0x0000c1b7   Thumb Code     0  libshutdown2.o(.ARM.Collect$$libshutdown$$0000000C)
    __rt_entry                               0x0000c1b9   Thumb Code     0  __rtentry.o(.ARM.Collect$$rtentry$$00000000)
    __rt_entry_presh_1                       0x0000c1b9   Thumb Code     0  __rtentry2.o(.ARM.Collect$$rtentry$$00000002)
    __rt_entry_sh                            0x0000c1b9   Thumb Code     0  __rtentry4.o(.ARM.Collect$$rtentry$$00000004)
    __rt_entry_li                            0x0000c1bf   Thumb Code     0  __rtentry2.o(.ARM.Collect$$rtentry$$0000000A)
    __rt_entry_postsh_1                      0x0000c1bf   Thumb Code     0  __rtentry2.o(.ARM.Collect$$rtentry$$00000009)
    __rt_entry_main                          0x0000c1c3   Thumb Code     0  __rtentry2.o(.ARM.Collect$$rtentry$$0000000D)
    __rt_entry_postli_1                      0x0000c1c3   Thumb Code     0  __rtentry2.o(.ARM.Collect$$rtentry$$0000000C)
    __rt_exit                                0x0000c1cb   Thumb Code     0  rtexit.o(.ARM.Collect$$rtexit$$00000000)
    __rt_exit_ls                             0x0000c1cd   Thumb Code     0  rtexit2.o(.ARM.Collect$$rtexit$$00000003)
    __rt_exit_prels_1                        0x0000c1cd   Thumb Code     0  rtexit2.o(.ARM.Collect$$rtexit$$00000002)
    __rt_exit_exit                           0x0000c1d1   Thumb Code     0  rtexit2.o(.ARM.Collect$$rtexit$$00000004)
    __user_initial_stackheap                 0x0000c1d9   Thumb Code    10  startup_apollo3.o(.text)
    __use_two_region_memory                  0x0000c1f1   Thumb Code     2  heapauxi.o(.text)
    __rt_heap_escrow$2region                 0x0000c1f3   Thumb Code     2  heapauxi.o(.text)
    __rt_heap_expand$2region                 0x0000c1f5   Thumb Code     2  heapauxi.o(.text)
    __user_libspace                          0x0000c1f9   Thumb Code     8  libspace.o(.text)
    __user_perproc_libspace                  0x0000c1f9   Thumb Code     0  libspace.o(.text)
    __user_perthread_libspace                0x0000c1f9   Thumb Code     0  libspace.o(.text)
    __user_setup_stackheap                   0x0000c201   Thumb Code    74  sys_stackheap_outer.o(.text)
    exit                                     0x0000c24b   Thumb Code    18  exit.o(.text)
    _sys_exit                                0x0000c25d   Thumb Code     8  sys_exit.o(.text)
    __I$use$semihosting                      0x0000c269   Thumb Code     0  use_no_semi.o(.text)
    __use_no_semihosting_swi                 0x0000c269   Thumb Code     2  use_no_semi.o(.text)
    __semihosting_library_function           0x0000c26b   Thumb Code     0  indicate_semi.o(.text)
    HardFault_Handler                        0x0000c26d   Thumb Code    26  am_util_faultisr.o(.text.HardFault_Handler)
    SHTC3_GetTempAndHumi                     0x0000c3ad   Thumb Code   160  shtc3.o(.text.SHTC3_GetTempAndHumi)
    am_adc_isr                               0x0000c651   Thumb Code    80  adc.o(.text.am_adc_isr)
    am_ctimer_isr                            0x0000c6a1   Thumb Code    22  timing.o(.text.am_ctimer_isr)
    am_device_command_read                   0x0000c6b9   Thumb Code   118  i2c.o(.text.am_device_command_read)
    am_device_command_write                  0x0000c731   Thumb Code   116  i2c.o(.text.am_device_command_write)
    am_devices_dac63002_1_set_output         0x0000c7a5   Thumb Code    88  dac63002.o(.text.am_devices_dac63002_1_set_output)
    am_gpio_isr                              0x0000c7fd   Thumb Code    38  gpio.o(.text.am_gpio_isr)
    am_hal_adc_interrupt_clear               0x0000c825   Thumb Code    82  am_hal_adc.o(.text.am_hal_adc_interrupt_clear)
    am_hal_adc_interrupt_status              0x0000c879   Thumb Code   132  am_hal_adc.o(.text.am_hal_adc_interrupt_status)
    am_hal_cachectrl_control                 0x0000c8fd   Thumb Code   672  am_hal_cachectrl.o(.text.am_hal_cachectrl_control)
    am_hal_clkgen_control                    0x0000cb9d   Thumb Code   404  am_hal_clkgen.o(.text.am_hal_clkgen_control)
    am_hal_clkgen_status_get                 0x0000cd31   Thumb Code    98  am_hal_clkgen.o(.text.am_hal_clkgen_status_get)
    am_hal_cmdq_disable                      0x0000cd95   Thumb Code   108  am_hal_cmdq.o(.text.am_hal_cmdq_disable)
    am_hal_cmdq_enable                       0x0000ce01   Thumb Code   108  am_hal_cmdq.o(.text.am_hal_cmdq_enable)
    am_hal_cmdq_init                         0x0000ce6d   Thumb Code   306  am_hal_cmdq.o(.text.am_hal_cmdq_init)
    am_hal_ctimer_int_clear                  0x0000cfa1   Thumb Code    34  am_hal_ctimer.o(.text.am_hal_ctimer_int_clear)
    am_hal_flash_delay                       0x0000cfc5   Thumb Code    80  am_hal_flash.o(.text.am_hal_flash_delay)
    am_hal_flash_delay_status_check          0x0000d015   Thumb Code   116  am_hal_flash.o(.text.am_hal_flash_delay_status_check)
    am_hal_flash_load_ui32                   0x0000d089   Thumb Code    24  am_hal_flash.o(.text.am_hal_flash_load_ui32)
    am_hal_flash_store_ui32                  0x0000d0a1   Thumb Code    60  am_hal_flash.o(.text.am_hal_flash_store_ui32)
    am_hal_gpio_interrupt_clear              0x0000d0dd   Thumb Code    72  am_hal_gpio.o(.text.am_hal_gpio_interrupt_clear)
    am_hal_gpio_interrupt_enable             0x0000d125   Thumb Code    80  am_hal_gpio.o(.text.am_hal_gpio_interrupt_enable)
    am_hal_gpio_interrupt_register           0x0000d175   Thumb Code    60  am_hal_gpio.o(.text.am_hal_gpio_interrupt_register)
    am_hal_gpio_interrupt_service            0x0000d1b1   Thumb Code   238  am_hal_gpio.o(.text.am_hal_gpio_interrupt_service)
    am_hal_gpio_interrupt_status_get         0x0000d2a1   Thumb Code   156  am_hal_gpio.o(.text.am_hal_gpio_interrupt_status_get)
    am_hal_gpio_pinconfig                    0x0000d33d   Thumb Code   964  am_hal_gpio.o(.text.am_hal_gpio_pinconfig)
    am_hal_gpio_state_write                  0x0000d701   Thumb Code   212  am_hal_gpio.o(.text.am_hal_gpio_state_write)
    am_hal_interrupt_master_disable          0x0000d7d5   Thumb Code     8  am_hal_interrupt.o(.text.am_hal_interrupt_master_disable)
    am_hal_interrupt_master_enable           0x0000d7dd   Thumb Code     8  am_hal_interrupt.o(.text.am_hal_interrupt_master_enable)
    am_hal_interrupt_master_set              0x0000d7e5   Thumb Code     6  am_hal_interrupt.o(.text.am_hal_interrupt_master_set)
    am_hal_iom_CQDisable                     0x0000d7ed   Thumb Code    24  am_hal_iom.o(.text.am_hal_iom_CQDisable)
    am_hal_iom_CQEnable                      0x0000d805   Thumb Code    68  am_hal_iom.o(.text.am_hal_iom_CQEnable)
    am_hal_iom_CQInit                        0x0000d849   Thumb Code    96  am_hal_iom.o(.text.am_hal_iom_CQInit)
    am_hal_iom_blocking_transfer             0x0000d8a9   Thumb Code  1290  am_hal_iom.o(.text.am_hal_iom_blocking_transfer)
    am_hal_iom_configure                     0x0000ddb5   Thumb Code   594  am_hal_iom.o(.text.am_hal_iom_configure)
    am_hal_iom_enable                        0x0000e009   Thumb Code   248  am_hal_iom.o(.text.am_hal_iom_enable)
    am_hal_iom_initialize                    0x0000e101   Thumb Code   158  am_hal_iom.o(.text.am_hal_iom_initialize)
    am_hal_iom_power_ctrl                    0x0000e1a1   Thumb Code   874  am_hal_iom.o(.text.am_hal_iom_power_ctrl)
    am_hal_mcuctrl_control                   0x0000e50d   Thumb Code   596  am_hal_mcuctrl.o(.text.am_hal_mcuctrl_control)
    am_hal_mcuctrl_info_get                  0x0000e761   Thumb Code   172  am_hal_mcuctrl.o(.text.am_hal_mcuctrl_info_get)
    am_hal_pwrctrl_blebuck_trim              0x0000e80d   Thumb Code    82  am_hal_pwrctrl.o(.text.am_hal_pwrctrl_blebuck_trim)
    am_hal_pwrctrl_low_power_init            0x0000e861   Thumb Code   282  am_hal_pwrctrl.o(.text.am_hal_pwrctrl_low_power_init)
    am_hal_pwrctrl_periph_disable            0x0000e97d   Thumb Code   186  am_hal_pwrctrl.o(.text.am_hal_pwrctrl_periph_disable)
    am_hal_pwrctrl_periph_enable             0x0000ea39   Thumb Code   226  am_hal_pwrctrl.o(.text.am_hal_pwrctrl_periph_enable)
    am_hal_rtc_int_clear                     0x0000eb1d   Thumb Code    20  am_hal_rtc.o(.text.am_hal_rtc_int_clear)
    am_hal_rtc_int_status_get                0x0000eb31   Thumb Code    78  am_hal_rtc.o(.text.am_hal_rtc_int_status_get)
    am_hal_rtc_osc_disable                   0x0000eb81   Thumb Code    18  am_hal_rtc.o(.text.am_hal_rtc_osc_disable)
    am_hal_stimer_compare_delta_set          0x0000eb95   Thumb Code   184  am_hal_stimer.o(.text.am_hal_stimer_compare_delta_set)
    am_hal_stimer_config                     0x0000ec4d   Thumb Code    26  am_hal_stimer.o(.text.am_hal_stimer_config)
    am_hal_stimer_int_clear                  0x0000ec69   Thumb Code    20  am_hal_stimer.o(.text.am_hal_stimer_int_clear)
    am_hal_stimer_int_disable                0x0000ec7d   Thumb Code    24  am_hal_stimer.o(.text.am_hal_stimer_int_disable)
    am_hal_stimer_int_enable                 0x0000ec95   Thumb Code    24  am_hal_stimer.o(.text.am_hal_stimer_int_enable)
    am_hal_sysctrl_sleep                     0x0000ecad   Thumb Code   338  am_hal_sysctrl.o(.text.am_hal_sysctrl_sleep)
    am_rtc_isr                               0x0000ee01   Thumb Code    22  rtc.o(.text.am_rtc_isr)
    am_stimer_cmpr0_isr                      0x0000ee19   Thumb Code    86  timing.o(.text.am_stimer_cmpr0_isr)
    am_stimer_cmpr4_isr                      0x0000ee71   Thumb Code    22  timing.o(.text.am_stimer_cmpr4_isr)
    am_stimer_cmpr5_isr                      0x0000ee89   Thumb Code    72  timing.o(.text.am_stimer_cmpr5_isr)
    am_util_delay_ms                         0x0000eed1   Thumb Code    48  am_util_delay.o(.text.am_util_delay_ms)
    am_util_faultisr_collect_data            0x0000ef01   Thumb Code   210  am_util_faultisr.o(.text.am_util_faultisr_collect_data)
    as7341IRQ                                0x0000efd5   Thumb Code    30  as7341.o(.text.as7341IRQ)
    as7341_clearInterrupt                    0x0000eff5   Thumb Code    84  as7341.o(.text.as7341_clearInterrupt)
    as7341_config                            0x0000f049   Thumb Code    46  as7341.o(.text.as7341_config)
    as7341_enable                            0x0000f079   Thumb Code    82  as7341.o(.text.as7341_enable)
    as7341_getSpectralGain                   0x0000f0cd   Thumb Code    14  as7341.o(.text.as7341_getSpectralGain)
    as7341_readRegister                      0x0000f0dd   Thumb Code    90  as7341.o(.text.as7341_readRegister)
    as7341_setGain                           0x0000f139   Thumb Code   312  as7341.o(.text.as7341_setGain)
    as7341_setIntegrationTime                0x0000f271   Thumb Code   184  as7341.o(.text.as7341_setIntegrationTime)
    as7341_setInterruptMode                  0x0000f329   Thumb Code   608  as7341.o(.text.as7341_setInterruptMode)
    as7341_setWaitTime                       0x0000f589   Thumb Code   106  as7341.o(.text.as7341_setWaitTime)
    as7341_startMeasurement                  0x0000f5f5   Thumb Code   148  as7341.o(.text.as7341_startMeasurement)
    as7341_stopMeasuring                     0x0000f689   Thumb Code    88  as7341.o(.text.as7341_stopMeasuring)
    as7341_testCommunication                 0x0000f6e1   Thumb Code   110  as7341.o(.text.as7341_testCommunication)
    as7341_transmitMeasurementsFIFO          0x0000f751   Thumb Code   142  as7341.o(.text.as7341_transmitMeasurementsFIFO)
    as7341_writeSMUXmapping                  0x0000f7e1   Thumb Code  1030  as7341.o(.text.as7341_writeSMUXmapping)
    dataPrepare                              0x0000fcbd   Thumb Code    36  dac63002.o(.text.dataPrepare)
    device_I2C_init                          0x0000fce1   Thumb Code   370  i2c.o(.text.device_I2C_init)
    executeSpecMeasurement                   0x0000ffdd   Thumb Code   272  taskhandler.o(.text.executeSpecMeasurement)
    executeTempMeasurement                   0x000100ed   Thumb Code    74  taskhandler.o(.text.executeTempMeasurement)
    getStackedReg                            0x00010139   Thumb Code     8  am_util_faultisr.o(.text.getStackedReg)
    gpioWrite                                0x00010141   Thumb Code    56  gpio.o(.text.gpioWrite)
    initSpecMeasurement                      0x00010179   Thumb Code   150  taskhandler.o(.text.initSpecMeasurement)
    internal_iom_get_int_err                 0x00010211   Thumb Code   124  am_hal_iom.o(.text.internal_iom_get_int_err)
    main                                     0x00010739   Thumb Code    50  main.o(.text.main)
    timerDelay                               0x00010ad5   Thumb Code   104  timing.o(.text.timerDelay)
    turnOffPARLAI                            0x00010b3d   Thumb Code    28  device.o(.text.turnOffPARLAI)
    turnOffTemp                              0x00010b59   Thumb Code    28  device.o(.text.turnOffTemp)
    turnOnI2C                                0x00010b75   Thumb Code    96  device.o(.text.turnOnI2C)
    turnOnPARLAI                             0x00010bd5   Thumb Code    56  device.o(.text.turnOnPARLAI)
    turnOnTemp                               0x00010c0d   Thumb Code    56  device.o(.text.turnOnTemp)
    validate_transaction                     0x00010c45   Thumb Code   220  am_hal_iom.o(.text.validate_transaction)
    _fp_init                                 0x00010d21   Thumb Code    26  fpinit.o(x$fpl$fpinit)
    __fplib_config_fpu_vfp                   0x00010d39   Thumb Code     0  fpinit.o(x$fpl$fpinit)
    __fplib_config_pureend_doubles           0x00010d39   Thumb Code     0  fpinit.o(x$fpl$fpinit)
    am_hal_pwrctrl_peripheral_control        0x00010d3c   Data         180  am_hal_pwrctrl.o(.rodata.am_hal_pwrctrl_peripheral_control)
    g_AM_BSP_GPIO_IOM1_SCL                   0x00010f30   Data           4  gpio.o(.rodata.g_AM_BSP_GPIO_IOM1_SCL)
    g_AM_BSP_GPIO_IOM1_SDA                   0x00010f34   Data           4  gpio.o(.rodata.g_AM_BSP_GPIO_IOM1_SDA)
    g_AM_HAL_GPIO_DISABLE                    0x00010f38   Data           4  am_hal_gpio.o(.rodata.g_AM_HAL_GPIO_DISABLE)
    g_AM_HAL_GPIO_OUTPUT                     0x00010f3c   Data           4  am_hal_gpio.o(.rodata.g_AM_HAL_GPIO_OUTPUT)
    g_am_hal_flash                           0x00010f40   Data          96  am_hal_flash.o(.rodata.g_am_hal_flash)
    g_am_hal_mcuctrl_flash_size              0x00010fa0   Data          64  am_hal_mcuctrl.o(.rodata.g_am_hal_mcuctrl_flash_size)
    g_am_hal_mcuctrl_sram_size               0x00010fe0   Data          64  am_hal_mcuctrl.o(.rodata.g_am_hal_mcuctrl_sram_size)
    gpioPullIntPAR                           0x00011180   Data           4  gpio.o(.rodata.gpioPullIntPAR)
    Region$$Table$$Base                      0x00011184   Number         0  anon$$obj.o(Region$$Table)
    Region$$Table$$Limit                     0x000111a4   Number         0  anon$$obj.o(Region$$Table)
    I2C_cfg                                  0x10000000   Data          20  i2c.o(.data.I2C_cfg)
    adcChMap                                 0x10000014   Data           6  as7341.o(.data.adcChMap)
    dacdata                                  0x1000001c   Data           2  timing.o(.data.dacdata)
    __libspace_start                         0x10000028   Data          96  libspace.o(.bss)
    I2C_dev                                  0x10000088   Data          12  i2c.o(.bss.I2C_dev)
    __temporary_stack_top$libspace           0x10000088   Data           0  libspace.o(.bss)
    I2Cbuffer                                0x10000094   Data        1024  i2c.o(.bss.I2Cbuffer)
    PAM_phase                                0x10000494   Data           1  device.o(.bss.PAM_phase)
    conversionFinished                       0x10000495   Data           1  adc.o(.bss.conversionFinished)
    firstChannels                            0x10000496   Data           1  as7341.o(.bss.firstChannels)
    gAmHalResetStatus                        0x100005f8   Data           4  am_hal_reset.o(.bss.gAmHalResetStatus)
    g_IOMhandles                             0x10000600   Data       13272  am_hal_iom.o(.bss.g_IOMhandles)
    g_am_hal_sysctrl_sleep_count             0x100039d8   Data           4  am_hal_sysctrl.o(.bss.g_am_hal_sysctrl_sleep_count)
    integration_time                         0x10003b70   Data           2  as7341.o(.bss.integration_time)
    interval                                 0x10003b74   Data           4  timing.o(.bss.interval)
    my_IomdevHdl                             0x10003b78   Data           4  i2c.o(.bss.my_IomdevHdl)
    my_pIomHandle                            0x10003b7c   Data           4  i2c.o(.bss.my_pIomHandle)
    pin                                      0x10003b84   Data           4  timing.o(.bss.pin)
    spectralDataFIFO                         0x10003b88   Data          36  taskhandler.o(.bss.spectralDataFIFO)
    wait                                     0x10003bac   Data           4  timing.o(.bss.wait)



==============================================================================

Memory Map of the image

  Image Entry point : 0x0000c139

  Load Region LR_IROM1 (Base: 0x0000c000, Size: 0x000051d0, Max: 0x000f4000, ABSOLUTE)

    Execution Region ER_IROM1 (Exec base: 0x0000c000, Load base: 0x0000c000, Size: 0x000051a4, Max: 0x000f4000, ABSOLUTE)

    Exec Addr    Load Addr    Size         Type   Attr      Idx    E Section Name        Object

    0x0000c000   0x0000c000   0x00000138   Code   RO         3725    RESET               startup_apollo3.o
    0x0000c138   0x0000c138   0x00000008   Code   RO         3765  * !!!main             c_w.l(__main.o)
    0x0000c140   0x0000c140   0x00000034   Code   RO         4110    !!!scatter          c_w.l(__scatter.o)
    0x0000c174   0x0000c174   0x0000001a   Code   RO         4112    !!handler_copy      c_w.l(__scatter_copy.o)
    0x0000c18e   0x0000c18e   0x00000002   PAD
    0x0000c190   0x0000c190   0x0000001c   Code   RO         4114    !!handler_zi        c_w.l(__scatter_zi.o)
    0x0000c1ac   0x0000c1ac   0x00000002   Code   RO         3979    .ARM.Collect$$libinit$$00000000  c_w.l(libinit.o)
    0x0000c1ae   0x0000c1ae   0x00000004   Code   RO         3988    .ARM.Collect$$libinit$$00000001  c_w.l(libinit2.o)
    0x0000c1b2   0x0000c1b2   0x00000000   Code   RO         3991    .ARM.Collect$$libinit$$00000004  c_w.l(libinit2.o)
    0x0000c1b2   0x0000c1b2   0x00000000   Code   RO         3993    .ARM.Collect$$libinit$$00000006  c_w.l(libinit2.o)
    0x0000c1b2   0x0000c1b2   0x00000000   Code   RO         3996    .ARM.Collect$$libinit$$0000000C  c_w.l(libinit2.o)
    0x0000c1b2   0x0000c1b2   0x00000000   Code   RO         3998    .ARM.Collect$$libinit$$0000000E  c_w.l(libinit2.o)
    0x0000c1b2   0x0000c1b2   0x00000000   Code   RO         4000    .ARM.Collect$$libinit$$00000010  c_w.l(libinit2.o)
    0x0000c1b2   0x0000c1b2   0x00000000   Code   RO         4003    .ARM.Collect$$libinit$$00000013  c_w.l(libinit2.o)
    0x0000c1b2   0x0000c1b2   0x00000000   Code   RO         4005    .ARM.Collect$$libinit$$00000015  c_w.l(libinit2.o)
    0x0000c1b2   0x0000c1b2   0x00000000   Code   RO         4007    .ARM.Collect$$libinit$$00000017  c_w.l(libinit2.o)
    0x0000c1b2   0x0000c1b2   0x00000000   Code   RO         4009    .ARM.Collect$$libinit$$00000019  c_w.l(libinit2.o)
    0x0000c1b2   0x0000c1b2   0x00000000   Code   RO         4011    .ARM.Collect$$libinit$$0000001B  c_w.l(libinit2.o)
    0x0000c1b2   0x0000c1b2   0x00000000   Code   RO         4013    .ARM.Collect$$libinit$$0000001D  c_w.l(libinit2.o)
    0x0000c1b2   0x0000c1b2   0x00000000   Code   RO         4015    .ARM.Collect$$libinit$$0000001F  c_w.l(libinit2.o)
    0x0000c1b2   0x0000c1b2   0x00000000   Code   RO         4017    .ARM.Collect$$libinit$$00000021  c_w.l(libinit2.o)
    0x0000c1b2   0x0000c1b2   0x00000000   Code   RO         4019    .ARM.Collect$$libinit$$00000023  c_w.l(libinit2.o)
    0x0000c1b2   0x0000c1b2   0x00000000   Code   RO         4021    .ARM.Collect$$libinit$$00000025  c_w.l(libinit2.o)
    0x0000c1b2   0x0000c1b2   0x00000000   Code   RO         4023    .ARM.Collect$$libinit$$00000027  c_w.l(libinit2.o)
    0x0000c1b2   0x0000c1b2   0x00000000   Code   RO         4027    .ARM.Collect$$libinit$$0000002E  c_w.l(libinit2.o)
    0x0000c1b2   0x0000c1b2   0x00000000   Code   RO         4029    .ARM.Collect$$libinit$$00000030  c_w.l(libinit2.o)
    0x0000c1b2   0x0000c1b2   0x00000000   Code   RO         4031    .ARM.Collect$$libinit$$00000032  c_w.l(libinit2.o)
    0x0000c1b2   0x0000c1b2   0x00000000   Code   RO         4033    .ARM.Collect$$libinit$$00000034  c_w.l(libinit2.o)
    0x0000c1b2   0x0000c1b2   0x00000002   Code   RO         4034    .ARM.Collect$$libinit$$00000035  c_w.l(libinit2.o)
    0x0000c1b4   0x0000c1b4   0x00000002   Code   RO         4065    .ARM.Collect$$libshutdown$$00000000  c_w.l(libshutdown.o)
    0x0000c1b6   0x0000c1b6   0x00000000   Code   RO         4093    .ARM.Collect$$libshutdown$$00000002  c_w.l(libshutdown2.o)
    0x0000c1b6   0x0000c1b6   0x00000000   Code   RO         4095    .ARM.Collect$$libshutdown$$00000004  c_w.l(libshutdown2.o)
    0x0000c1b6   0x0000c1b6   0x00000000   Code   RO         4098    .ARM.Collect$$libshutdown$$00000007  c_w.l(libshutdown2.o)
    0x0000c1b6   0x0000c1b6   0x00000000   Code   RO         4101    .ARM.Collect$$libshutdown$$0000000A  c_w.l(libshutdown2.o)
    0x0000c1b6   0x0000c1b6   0x00000000   Code   RO         4103    .ARM.Collect$$libshutdown$$0000000C  c_w.l(libshutdown2.o)
    0x0000c1b6   0x0000c1b6   0x00000000   Code   RO         4106    .ARM.Collect$$libshutdown$$0000000F  c_w.l(libshutdown2.o)
    0x0000c1b6   0x0000c1b6   0x00000002   Code   RO         4107    .ARM.Collect$$libshutdown$$00000010  c_w.l(libshutdown2.o)
    0x0000c1b8   0x0000c1b8   0x00000000   Code   RO         3872    .ARM.Collect$$rtentry$$00000000  c_w.l(__rtentry.o)
    0x0000c1b8   0x0000c1b8   0x00000000   Code   RO         3940    .ARM.Collect$$rtentry$$00000002  c_w.l(__rtentry2.o)
    0x0000c1b8   0x0000c1b8   0x00000006   Code   RO         3952    .ARM.Collect$$rtentry$$00000004  c_w.l(__rtentry4.o)
    0x0000c1be   0x0000c1be   0x00000000   Code   RO         3942    .ARM.Collect$$rtentry$$00000009  c_w.l(__rtentry2.o)
    0x0000c1be   0x0000c1be   0x00000004   Code   RO         3943    .ARM.Collect$$rtentry$$0000000A  c_w.l(__rtentry2.o)
    0x0000c1c2   0x0000c1c2   0x00000000   Code   RO         3945    .ARM.Collect$$rtentry$$0000000C  c_w.l(__rtentry2.o)
    0x0000c1c2   0x0000c1c2   0x00000008   Code   RO         3946    .ARM.Collect$$rtentry$$0000000D  c_w.l(__rtentry2.o)
    0x0000c1ca   0x0000c1ca   0x00000002   Code   RO         3980    .ARM.Collect$$rtexit$$00000000  c_w.l(rtexit.o)
    0x0000c1cc   0x0000c1cc   0x00000000   Code   RO         4040    .ARM.Collect$$rtexit$$00000002  c_w.l(rtexit2.o)
    0x0000c1cc   0x0000c1cc   0x00000004   Code   RO         4041    .ARM.Collect$$rtexit$$00000003  c_w.l(rtexit2.o)
    0x0000c1d0   0x0000c1d0   0x00000006   Code   RO         4042    .ARM.Collect$$rtexit$$00000004  c_w.l(rtexit2.o)
    0x0000c1d6   0x0000c1d6   0x00000002   PAD
    0x0000c1d8   0x0000c1d8   0x00000018   Code   RO         3726    .text               startup_apollo3.o
    0x0000c1f0   0x0000c1f0   0x00000006   Code   RO         3763    .text               c_w.l(heapauxi.o)
    0x0000c1f6   0x0000c1f6   0x00000002   PAD
    0x0000c1f8   0x0000c1f8   0x00000008   Code   RO         3963    .text               c_w.l(libspace.o)
    0x0000c200   0x0000c200   0x0000004a   Code   RO         3966    .text               c_w.l(sys_stackheap_outer.o)
    0x0000c24a   0x0000c24a   0x00000012   Code   RO         3968    .text               c_w.l(exit.o)
    0x0000c25c   0x0000c25c   0x0000000c   Code   RO         4035    .text               c_w.l(sys_exit.o)
    0x0000c268   0x0000c268   0x00000002   Code   RO         4054    .text               c_w.l(use_no_semi.o)
    0x0000c26a   0x0000c26a   0x00000000   Code   RO         4056    .text               c_w.l(indicate_semi.o)
    0x0000c26a   0x0000c26a   0x00000002   PAD
    0x0000c26c   0x0000c26c   0x0000001a   Code   RO         1777    .text.HardFault_Handler  am_util_faultisr.o
    0x0000c286   0x0000c286   0x00000002   PAD
    0x0000c288   0x0000c288   0x00000030   Code   RO         1609    .text.SHTC3_CalcHumidity  shtc3.o
    0x0000c2b8   0x0000c2b8   0x0000003c   Code   RO         1607    .text.SHTC3_CalcTemperature  shtc3.o
    0x0000c2f4   0x0000c2f4   0x000000b6   Code   RO         1613    .text.SHTC3_CheckCrc  shtc3.o
    0x0000c3aa   0x0000c3aa   0x00000002   PAD
    0x0000c3ac   0x0000c3ac   0x000000a0   Code   RO         1603    .text.SHTC3_GetTempAndHumi  shtc3.o
    0x0000c44c   0x0000c44c   0x000000ca   Code   RO         1605    .text.SHTC3_ReadBytesAndCrc  shtc3.o
    0x0000c516   0x0000c516   0x00000002   PAD
    0x0000c518   0x0000c518   0x000000a0   Code   RO         1718    .text.SpectrometerMeasurement  taskhandler.o
    0x0000c5b8   0x0000c5b8   0x00000038   Code   RO         1656    .text.__NVIC_DisableIRQ  timing.o
    0x0000c5f0   0x0000c5f0   0x00000030   Code   RO         1652    .text.__NVIC_EnableIRQ  timing.o
    0x0000c620   0x0000c620   0x00000030   Code   RO         1714    .text.__NVIC_EnableIRQ  taskhandler.o
    0x0000c650   0x0000c650   0x00000050   Code   RO         1260    .text.am_adc_isr    adc.o
    0x0000c6a0   0x0000c6a0   0x00000016   Code   RO         1666    .text.am_ctimer_isr  timing.o
    0x0000c6b6   0x0000c6b6   0x00000002   PAD
    0x0000c6b8   0x0000c6b8   0x00000076   Code   RO         1570    .text.am_device_command_read  i2c.o
    0x0000c72e   0x0000c72e   0x00000002   PAD
    0x0000c730   0x0000c730   0x00000074   Code   RO         1568    .text.am_device_command_write  i2c.o
    0x0000c7a4   0x0000c7a4   0x00000058   Code   RO         1410    .text.am_devices_dac63002_1_set_output  dac63002.o
    0x0000c7fc   0x0000c7fc   0x00000026   Code   RO         1536    .text.am_gpio_isr   gpio.o
    0x0000c822   0x0000c822   0x00000002   PAD
    0x0000c824   0x0000c824   0x00000052   Code   RO           35    .text.am_hal_adc_interrupt_clear  am_hal_adc.o
    0x0000c876   0x0000c876   0x00000002   PAD
    0x0000c878   0x0000c878   0x00000084   Code   RO           33    .text.am_hal_adc_interrupt_status  am_hal_adc.o
    0x0000c8fc   0x0000c8fc   0x000002a0   Code   RO          206    .text.am_hal_cachectrl_control  am_hal_cachectrl.o
    0x0000cb9c   0x0000cb9c   0x00000194   Code   RO          224    .text.am_hal_clkgen_control  am_hal_clkgen.o
    0x0000cd30   0x0000cd30   0x00000062   Code   RO          226    .text.am_hal_clkgen_status_get  am_hal_clkgen.o
    0x0000cd92   0x0000cd92   0x00000002   PAD
    0x0000cd94   0x0000cd94   0x0000006c   Code   RO          251    .text.am_hal_cmdq_disable  am_hal_cmdq.o
    0x0000ce00   0x0000ce00   0x0000006c   Code   RO          249    .text.am_hal_cmdq_enable  am_hal_cmdq.o
    0x0000ce6c   0x0000ce6c   0x00000132   Code   RO          247    .text.am_hal_cmdq_init  am_hal_cmdq.o
    0x0000cf9e   0x0000cf9e   0x00000002   PAD
    0x0000cfa0   0x0000cfa0   0x00000022   Code   RO          326    .text.am_hal_ctimer_int_clear  am_hal_ctimer.o
    0x0000cfc2   0x0000cfc2   0x00000002   PAD
    0x0000cfc4   0x0000cfc4   0x00000050   Code   RO          398    .text.am_hal_flash_delay  am_hal_flash.o
    0x0000d014   0x0000d014   0x00000074   Code   RO          402    .text.am_hal_flash_delay_status_check  am_hal_flash.o
    0x0000d088   0x0000d088   0x00000018   Code   RO          446    .text.am_hal_flash_load_ui32  am_hal_flash.o
    0x0000d0a0   0x0000d0a0   0x0000003c   Code   RO          448    .text.am_hal_flash_store_ui32  am_hal_flash.o
    0x0000d0dc   0x0000d0dc   0x00000048   Code   RO          488    .text.am_hal_gpio_interrupt_clear  am_hal_gpio.o
    0x0000d124   0x0000d124   0x00000050   Code   RO          484    .text.am_hal_gpio_interrupt_enable  am_hal_gpio.o
    0x0000d174   0x0000d174   0x0000003c   Code   RO          492    .text.am_hal_gpio_interrupt_register  am_hal_gpio.o
    0x0000d1b0   0x0000d1b0   0x000000ee   Code   RO          496    .text.am_hal_gpio_interrupt_service  am_hal_gpio.o
    0x0000d29e   0x0000d29e   0x00000002   PAD
    0x0000d2a0   0x0000d2a0   0x0000009c   Code   RO          490    .text.am_hal_gpio_interrupt_status_get  am_hal_gpio.o
    0x0000d33c   0x0000d33c   0x000003c4   Code   RO          472    .text.am_hal_gpio_pinconfig  am_hal_gpio.o
    0x0000d700   0x0000d700   0x000000d4   Code   RO          482    .text.am_hal_gpio_state_write  am_hal_gpio.o
    0x0000d7d4   0x0000d7d4   0x00000008   Code   RO          530    .text.am_hal_interrupt_master_disable  am_hal_interrupt.o
    0x0000d7dc   0x0000d7dc   0x00000008   Code   RO          528    .text.am_hal_interrupt_master_enable  am_hal_interrupt.o
    0x0000d7e4   0x0000d7e4   0x00000006   Code   RO          532    .text.am_hal_interrupt_master_set  am_hal_interrupt.o
    0x0000d7ea   0x0000d7ea   0x00000002   PAD
    0x0000d7ec   0x0000d7ec   0x00000018   Code   RO          553    .text.am_hal_iom_CQDisable  am_hal_iom.o
    0x0000d804   0x0000d804   0x00000044   Code   RO          551    .text.am_hal_iom_CQEnable  am_hal_iom.o
    0x0000d848   0x0000d848   0x00000060   Code   RO          543    .text.am_hal_iom_CQInit  am_hal_iom.o
    0x0000d8a8   0x0000d8a8   0x0000050a   Code   RO          589    .text.am_hal_iom_blocking_transfer  am_hal_iom.o
    0x0000ddb2   0x0000ddb2   0x00000002   PAD
    0x0000ddb4   0x0000ddb4   0x00000252   Code   RO          585    .text.am_hal_iom_configure  am_hal_iom.o
    0x0000e006   0x0000e006   0x00000002   PAD
    0x0000e008   0x0000e008   0x000000f8   Code   RO          563    .text.am_hal_iom_enable  am_hal_iom.o
    0x0000e100   0x0000e100   0x0000009e   Code   RO          561    .text.am_hal_iom_initialize  am_hal_iom.o
    0x0000e19e   0x0000e19e   0x00000002   PAD
    0x0000e1a0   0x0000e1a0   0x0000036a   Code   RO          583    .text.am_hal_iom_power_ctrl  am_hal_iom.o
    0x0000e50a   0x0000e50a   0x00000002   PAD
    0x0000e50c   0x0000e50c   0x00000254   Code   RO          705    .text.am_hal_mcuctrl_control  am_hal_mcuctrl.o
    0x0000e760   0x0000e760   0x000000ac   Code   RO          709    .text.am_hal_mcuctrl_info_get  am_hal_mcuctrl.o
    0x0000e80c   0x0000e80c   0x00000052   Code   RO          854    .text.am_hal_pwrctrl_blebuck_trim  am_hal_pwrctrl.o
    0x0000e85e   0x0000e85e   0x00000002   PAD
    0x0000e860   0x0000e860   0x0000011a   Code   RO          850    .text.am_hal_pwrctrl_low_power_init  am_hal_pwrctrl.o
    0x0000e97a   0x0000e97a   0x00000002   PAD
    0x0000e97c   0x0000e97c   0x000000ba   Code   RO          838    .text.am_hal_pwrctrl_periph_disable  am_hal_pwrctrl.o
    0x0000ea36   0x0000ea36   0x00000002   PAD
    0x0000ea38   0x0000ea38   0x000000e2   Code   RO          836    .text.am_hal_pwrctrl_periph_enable  am_hal_pwrctrl.o
    0x0000eb1a   0x0000eb1a   0x00000002   PAD
    0x0000eb1c   0x0000eb1c   0x00000014   Code   RO          917    .text.am_hal_rtc_int_clear  am_hal_rtc.o
    0x0000eb30   0x0000eb30   0x0000004e   Code   RO          919    .text.am_hal_rtc_int_status_get  am_hal_rtc.o
    0x0000eb7e   0x0000eb7e   0x00000002   PAD
    0x0000eb80   0x0000eb80   0x00000012   Code   RO          905    .text.am_hal_rtc_osc_disable  am_hal_rtc.o
    0x0000eb92   0x0000eb92   0x00000002   PAD
    0x0000eb94   0x0000eb94   0x000000b8   Code   RO         1054    .text.am_hal_stimer_compare_delta_set  am_hal_stimer.o
    0x0000ec4c   0x0000ec4c   0x0000001a   Code   RO         1048    .text.am_hal_stimer_config  am_hal_stimer.o
    0x0000ec66   0x0000ec66   0x00000002   PAD
    0x0000ec68   0x0000ec68   0x00000014   Code   RO         1076    .text.am_hal_stimer_int_clear  am_hal_stimer.o
    0x0000ec7c   0x0000ec7c   0x00000018   Code   RO         1072    .text.am_hal_stimer_int_disable  am_hal_stimer.o
    0x0000ec94   0x0000ec94   0x00000018   Code   RO         1068    .text.am_hal_stimer_int_enable  am_hal_stimer.o
    0x0000ecac   0x0000ecac   0x00000152   Code   RO         1087    .text.am_hal_sysctrl_sleep  am_hal_sysctrl.o
    0x0000edfe   0x0000edfe   0x00000002   PAD
    0x0000ee00   0x0000ee00   0x00000016   Code   RO         1699    .text.am_rtc_isr    rtc.o
    0x0000ee16   0x0000ee16   0x00000002   PAD
    0x0000ee18   0x0000ee18   0x00000056   Code   RO         1660    .text.am_stimer_cmpr0_isr  timing.o
    0x0000ee6e   0x0000ee6e   0x00000002   PAD
    0x0000ee70   0x0000ee70   0x00000016   Code   RO         1662    .text.am_stimer_cmpr4_isr  timing.o
    0x0000ee86   0x0000ee86   0x00000002   PAD
    0x0000ee88   0x0000ee88   0x00000048   Code   RO         1664    .text.am_stimer_cmpr5_isr  timing.o
    0x0000eed0   0x0000eed0   0x00000030   Code   RO         1766    .text.am_util_delay_ms  am_util_delay.o
    0x0000ef00   0x0000ef00   0x000000d2   Code   RO         1781    .text.am_util_faultisr_collect_data  am_util_faultisr.o
    0x0000efd2   0x0000efd2   0x00000002   PAD
    0x0000efd4   0x0000efd4   0x0000001e   Code   RO         1366    .text.as7341IRQ     as7341.o
    0x0000eff2   0x0000eff2   0x00000002   PAD
    0x0000eff4   0x0000eff4   0x00000054   Code   RO         1332    .text.as7341_clearInterrupt  as7341.o
    0x0000f048   0x0000f048   0x0000002e   Code   RO         1362    .text.as7341_config  as7341.o
    0x0000f076   0x0000f076   0x00000002   PAD
    0x0000f078   0x0000f078   0x00000052   Code   RO         1326    .text.as7341_enable  as7341.o
    0x0000f0ca   0x0000f0ca   0x00000002   PAD
    0x0000f0cc   0x0000f0cc   0x0000000e   Code   RO         1356    .text.as7341_getSpectralGain  as7341.o
    0x0000f0da   0x0000f0da   0x00000002   PAD
    0x0000f0dc   0x0000f0dc   0x0000005a   Code   RO         1330    .text.as7341_readRegister  as7341.o
    0x0000f136   0x0000f136   0x00000002   PAD
    0x0000f138   0x0000f138   0x00000138   Code   RO         1354    .text.as7341_setGain  as7341.o
    0x0000f270   0x0000f270   0x000000b8   Code   RO         1342    .text.as7341_setIntegrationTime  as7341.o
    0x0000f328   0x0000f328   0x00000260   Code   RO         1340    .text.as7341_setInterruptMode  as7341.o
    0x0000f588   0x0000f588   0x0000006a   Code   RO         1338    .text.as7341_setWaitTime  as7341.o
    0x0000f5f2   0x0000f5f2   0x00000002   PAD
    0x0000f5f4   0x0000f5f4   0x00000094   Code   RO         1336    .text.as7341_startMeasurement  as7341.o
    0x0000f688   0x0000f688   0x00000058   Code   RO         1358    .text.as7341_stopMeasuring  as7341.o
    0x0000f6e0   0x0000f6e0   0x0000006e   Code   RO         1360    .text.as7341_testCommunication  as7341.o
    0x0000f74e   0x0000f74e   0x00000002   PAD
    0x0000f750   0x0000f750   0x0000008e   Code   RO         1352    .text.as7341_transmitMeasurementsFIFO  as7341.o
    0x0000f7de   0x0000f7de   0x00000002   PAD
    0x0000f7e0   0x0000f7e0   0x00000406   Code   RO         1334    .text.as7341_writeSMUXmapping  as7341.o
    0x0000fbe6   0x0000fbe6   0x00000002   PAD
    0x0000fbe8   0x0000fbe8   0x0000007e   Code   RO          591    .text.build_cmd     am_hal_iom.o
    0x0000fc66   0x0000fc66   0x00000002   PAD
    0x0000fc68   0x0000fc68   0x00000054   Code   RO          613    .text.compute_freq  am_hal_iom.o
    0x0000fcbc   0x0000fcbc   0x00000024   Code   RO         1390    .text.dataPrepare   dac63002.o
    0x0000fce0   0x0000fce0   0x00000172   Code   RO         1564    .text.device_I2C_init  i2c.o
    0x0000fe52   0x0000fe52   0x00000002   PAD
    0x0000fe54   0x0000fe54   0x00000140   Code   RO          711    .text.device_info_get  am_hal_mcuctrl.o
    0x0000ff94   0x0000ff94   0x00000048   Code   RO          565    .text.enable_submodule  am_hal_iom.o
    0x0000ffdc   0x0000ffdc   0x00000110   Code   RO         1716    .text.executeSpecMeasurement  taskhandler.o
    0x000100ec   0x000100ec   0x0000004a   Code   RO         1720    .text.executeTempMeasurement  taskhandler.o
    0x00010136   0x00010136   0x00000002   PAD
    0x00010138   0x00010138   0x00000008   Code   RO         1779    .text.getStackedReg  am_util_faultisr.o
    0x00010140   0x00010140   0x00000038   Code   RO         1526    .text.gpioWrite     gpio.o
    0x00010178   0x00010178   0x00000096   Code   RO         1712    .text.initSpecMeasurement  taskhandler.o
    0x0001020e   0x0001020e   0x00000002   PAD
    0x00010210   0x00010210   0x0000007c   Code   RO          541    .text.internal_iom_get_int_err  am_hal_iom.o
    0x0001028c   0x0001028c   0x0000024e   Code   RO          579    .text.internal_iom_reset_on_error  am_hal_iom.o
    0x000104da   0x000104da   0x00000002   PAD
    0x000104dc   0x000104dc   0x0000025a   Code   RO          587    .text.iom_get_interface_clock_cfg  am_hal_iom.o
    0x00010736   0x00010736   0x00000002   PAD
    0x00010738   0x00010738   0x00000032   Code   RO            2    .text.main          main.o
    0x0001076a   0x0001076a   0x00000002   PAD
    0x0001076c   0x0001076c   0x00000064   Code   RO          713    .text.mcuctrl_fault_status  am_hal_mcuctrl.o
    0x000107d0   0x000107d0   0x00000028   Code   RO          615    .text.onebit        am_hal_iom.o
    0x000107f8   0x000107f8   0x00000022   Code   RO          474    .text.pincfg_equ    am_hal_gpio.o
    0x0001081a   0x0001081a   0x00000002   PAD
    0x0001081c   0x0001081c   0x000000de   Code   RO          840    .text.pwrctrl_periph_disable_msk_check  am_hal_pwrctrl.o
    0x000108fa   0x000108fa   0x00000002   PAD
    0x000108fc   0x000108fc   0x00000066   Code   RO          208    .text.set_LPMMODE   am_hal_cachectrl.o
    0x00010962   0x00010962   0x00000002   PAD
    0x00010964   0x00010964   0x00000066   Code   RO          212    .text.set_RDWAIT    am_hal_cachectrl.o
    0x000109ca   0x000109ca   0x00000002   PAD
    0x000109cc   0x000109cc   0x00000066   Code   RO          210    .text.set_SEDELAY   am_hal_cachectrl.o
    0x00010a32   0x00010a32   0x00000002   PAD
    0x00010a34   0x00010a34   0x000000a0   Code   RO          852    .text.simobuck_updates  am_hal_pwrctrl.o
    0x00010ad4   0x00010ad4   0x00000068   Code   RO         1654    .text.timerDelay    timing.o
    0x00010b3c   0x00010b3c   0x0000001c   Code   RO         1455    .text.turnOffPARLAI  device.o
    0x00010b58   0x00010b58   0x0000001c   Code   RO         1459    .text.turnOffTemp   device.o
    0x00010b74   0x00010b74   0x00000060   Code   RO         1445    .text.turnOnI2C     device.o
    0x00010bd4   0x00010bd4   0x00000038   Code   RO         1453    .text.turnOnPARLAI  device.o
    0x00010c0c   0x00010c0c   0x00000038   Code   RO         1457    .text.turnOnTemp    device.o
    0x00010c44   0x00010c44   0x000000dc   Code   RO          555    .text.validate_transaction  am_hal_iom.o
    0x00010d20   0x00010d20   0x0000001a   Code   RO         4052    x$fpl$fpinit        fz_wm.l(fpinit.o)
    0x00010d3a   0x00010d3a   0x00000002   PAD
    0x00010d3c   0x00010d3c   0x000000b4   Data   RO          857    .rodata.am_hal_pwrctrl_peripheral_control  am_hal_pwrctrl.o
    0x00010df0   0x00010df0   0x00000140   Data   RO          274    .rodata.gAmHalCmdQReg  am_hal_cmdq.o
    0x00010f30   0x00010f30   0x00000004   Data   RO         1548    .rodata.g_AM_BSP_GPIO_IOM1_SCL  gpio.o
    0x00010f34   0x00010f34   0x00000004   Data   RO         1549    .rodata.g_AM_BSP_GPIO_IOM1_SDA  gpio.o
    0x00010f38   0x00010f38   0x00000004   Data   RO          502    .rodata.g_AM_HAL_GPIO_DISABLE  am_hal_gpio.o
    0x00010f3c   0x00010f3c   0x00000004   Data   RO          510    .rodata.g_AM_HAL_GPIO_OUTPUT  am_hal_gpio.o
    0x00010f40   0x00010f40   0x00000060   Data   RO          450    .rodata.g_am_hal_flash  am_hal_flash.o
    0x00010fa0   0x00010fa0   0x00000040   Data   RO          715    .rodata.g_am_hal_mcuctrl_flash_size  am_hal_mcuctrl.o
    0x00010fe0   0x00010fe0   0x00000040   Data   RO          716    .rodata.g_am_hal_mcuctrl_sram_size  am_hal_mcuctrl.o
    0x00011020   0x00011020   0x00000032   Data   RO          515    .rodata.g_ui8Bit76Capabilities  am_hal_gpio.o
    0x00011052   0x00011052   0x00000032   Data   RO          516    .rodata.g_ui8Inpen  am_hal_gpio.o
    0x00011084   0x00011084   0x000000c8   Data   RO          518    .rodata.g_ui8NCEtable  am_hal_gpio.o
    0x0001114c   0x0001114c   0x00000032   Data   RO          517    .rodata.g_ui8nCEpins  am_hal_gpio.o
    0x0001117e   0x0001117e   0x00000002   PAD
    0x00011180   0x00011180   0x00000004   Data   RO         1556    .rodata.gpioPullIntPAR  gpio.o
    0x00011184   0x00011184   0x00000020   Data   RO         4109    Region$$Table       anon$$obj.o


    Execution Region RW_IRAM1 (Exec base: 0x10000000, Load base: 0x000111a8, Size: 0x00004bb0, Max: 0x00060000, ABSOLUTE)

    Exec Addr    Load Addr    Size         Type   Attr      Idx    E Section Name        Object

    0x10000000   0x000111a8   0x00000014   Data   RW         1572    .data.I2C_cfg       i2c.o
    0x10000014   0x000111bc   0x00000006   Data   RW         1369    .data.adcChMap      as7341.o
    0x1000001a   0x000111c2   0x00000001   Data   RW         1723    .data.as_gain       taskhandler.o
    0x1000001b   0x000111c3   0x00000001   PAD
    0x1000001c   0x000111c4   0x00000002   Data   RW         1674    .data.dacdata       timing.o
    0x1000001e   0x000111c6   0x00000002   PAD
    0x10000020   0x000111c8   0x00000004   Data   RW         1377    .data.spectral_gain  as7341.o
    0x10000024   0x000111cc   0x00000004   PAD
    0x10000028        -       0x00000060   Zero   RW         3964    .bss                c_w.l(libspace.o)
    0x10000088        -       0x0000000c   Zero   RW         1574    .bss.I2C_dev        i2c.o
    0x10000094        -       0x00000400   Zero   RW         1573    .bss.I2Cbuffer      i2c.o
    0x10000494        -       0x00000001   Zero   RW         1506    .bss.PAM_phase      device.o
    0x10000495        -       0x00000001   Zero   RW         1287    .bss.conversionFinished  adc.o
    0x10000496        -       0x00000001   Zero   RW         1370    .bss.firstChannels  as7341.o
    0x10000497   0x000111cc   0x00000001   PAD
    0x10000498        -       0x00000160   Zero   RW          273    .bss.gAmHalCmdq     am_hal_cmdq.o
    0x100005f8        -       0x00000004   Zero   RW          893    .bss.gAmHalResetStatus  am_hal_reset.o
    0x100005fc        -       0x00000004   Zero   RW         1281    .bss.g_ADCHandle    adc.o
    0x10000600        -       0x000033d8   Zero   RW          617    .bss.g_IOMhandles   am_hal_iom.o
    0x100039d8        -       0x00000004   Zero   RW         1101    .bss.g_am_hal_sysctrl_sleep_count  am_hal_sysctrl.o
    0x100039dc        -       0x00000004   Zero   RW         1102    .bss.g_ui32BusWriteFlush  am_hal_sysctrl.o
    0x100039e0        -       0x000000c8   Zero   RW          520    .bss.gpio_pHandlerCtxt  am_hal_gpio.o
    0x10003aa8        -       0x000000c8   Zero   RW          519    .bss.gpio_ppfnHandlers  am_hal_gpio.o
    0x10003b70        -       0x00000002   Zero   RW         1375    .bss.integration_time  as7341.o
    0x10003b72   0x000111cc   0x00000002   PAD
    0x10003b74        -       0x00000004   Zero   RW         1675    .bss.interval       timing.o
    0x10003b78        -       0x00000004   Zero   RW         1576    .bss.my_IomdevHdl   i2c.o
    0x10003b7c        -       0x00000004   Zero   RW         1575    .bss.my_pIomHandle  i2c.o
    0x10003b80        -       0x00000001   Zero   RW         1722    .bss.parInitialized  taskhandler.o
    0x10003b81   0x000111cc   0x00000003   PAD
    0x10003b84        -       0x00000004   Zero   RW         1672    .bss.pin            timing.o
    0x10003b88        -       0x00000024   Zero   RW         1724    .bss.spectralDataFIFO  taskhandler.o
    0x10003bac        -       0x00000004   Zero   RW         1673    .bss.wait           timing.o
    0x10003bb0        -       0x00000000   Zero   RW         3724    HEAP                startup_apollo3.o
    0x10003bb0        -       0x00001000   Zero   RW         3723    STACK               startup_apollo3.o


==============================================================================

Image component sizes


      Code (inc. data)   RO Data    RW Data    ZI Data      Debug   Object Name

        80          0          0          0          5      14681   adc.o
       214          0          0          0          0      16076   am_hal_adc.o
       978         18          0          0          0       7789   am_hal_cachectrl.o
       502         10          0          0          0      18169   am_hal_clkgen.o
       522          0        320          0        352       7372   am_hal_cmdq.o
        34          0          0          0          0      53775   am_hal_ctimer.o
       280          0         96          0          0      20619   am_hal_flash.o
      1816         10        358          0        400      31288   am_hal_gpio.o
        22          0          0          0          0        854   am_hal_interrupt.o
      5210          0          0          0      13272      41849   am_hal_iom.o
      1188         38        128          0          0      14449   am_hal_mcuctrl.o
      1158          0        180          0          0      21610   am_hal_pwrctrl.o
         0          0          0          0          4       5231   am_hal_reset.o
       116          0          0          0          0       8013   am_hal_rtc.o
       278          0          0          0          0      44557   am_hal_stimer.o
       338          0          0          0          8      11588   am_hal_sysctrl.o
        48          0          0          0          0       1352   am_util_delay.o
       244          0          0          0          0       2032   am_util_faultisr.o
      3074         12          0         10          3       7720   as7341.o
       124          0          0          0          0       7019   dac63002.o
       264          0          0          0          1       6365   device.o
        94          0         12          0          0       4082   gpio.o
       604          0          0         20       1044       4052   i2c.o
        50          0          0          0          0       2041   main.o
        22          0          0          0          0       4982   rtc.o
       652         20          0          0          0       3183   shtc3.o
       336        276          0          0       4096       1344   startup_apollo3.o
       704          0          0          1         37       4670   taskhandler.o
       410          0          0          2         12       5384   timing.o

    ----------------------------------------------------------------------
     19460        384       1128         36      19244     372146   Object Totals
         0          0         32          0          0          0   (incl. Generated)
        98          0          2          3         10          0   (incl. Padding)

    ----------------------------------------------------------------------

      Code (inc. data)   RO Data    RW Data    ZI Data      Debug   Library Member Name

         8          0          0          0          0         68   __main.o
         0          0          0          0          0          0   __rtentry.o
        12          0          0          0          0          0   __rtentry2.o
         6          0          0          0          0          0   __rtentry4.o
        52          8          0          0          0          0   __scatter.o
        26          0          0          0          0          0   __scatter_copy.o
        28          0          0          0          0          0   __scatter_zi.o
        18          0          0          0          0         80   exit.o
         6          0          0          0          0        152   heapauxi.o
         0          0          0          0          0          0   indicate_semi.o
         2          0          0          0          0          0   libinit.o
         6          0          0          0          0          0   libinit2.o
         2          0          0          0          0          0   libshutdown.o
         2          0          0          0          0          0   libshutdown2.o
         8          4          0          0         96         68   libspace.o
         2          0          0          0          0          0   rtexit.o
        10          0          0          0          0          0   rtexit2.o
        12          4          0          0          0         68   sys_exit.o
        74          0          0          0          0         80   sys_stackheap_outer.o
         2          0          0          0          0         68   use_no_semi.o
        26          0          0          0          0        116   fpinit.o

    ----------------------------------------------------------------------
       312         16          0          0         96        700   Library Totals
        10          0          0          0          0          0   (incl. Padding)

    ----------------------------------------------------------------------

      Code (inc. data)   RO Data    RW Data    ZI Data      Debug   Library Name

       276         16          0          0         96        584   c_w.l
        26          0          0          0          0        116   fz_wm.l

    ----------------------------------------------------------------------
       312         16          0          0         96        700   Library Totals

    ----------------------------------------------------------------------

==============================================================================


      Code (inc. data)   RO Data    RW Data    ZI Data      Debug   

     19772        400       1128         36      19340     372070   Grand Totals
     19772        400       1128         36      19340     372070   ELF Image Totals
     19772        400       1128         36          0          0   ROM Totals

==============================================================================

    Total RO  Size (Code + RO Data)                20900 (  20.41kB)
    Total RW  Size (RW Data + ZI Data)             19376 (  18.92kB)
    Total ROM Size (Code + RO Data + RW Data)      20936 (  20.45kB)

==============================================================================

