<!doctype html public "-//w3c//dtd html 4.0 transitional//en">
<html><head>
<title>Static Call Graph - [.\Objects\blankApollo.axf]</title></head>
<body><HR>
<H1>Static Call Graph for image .\Objects\blankApollo.axf</H1><HR>
<BR><P>#&#060CALLGRAPH&#062# ARM Linker, 6220000: Last Updated: Sat Feb 15 19:44:52 2025
<BR><P>
<H3>Maximum Stack Usage =       1440 bytes + Unknown(Cycles, Untraceable Function Pointers)</H3><H3>
Call chain for Maximum Stack Depth:</H3>
__rt_entry_main &rArr; main &rArr; periodicUplink &rArr; UplinkProcess &rArr; PrepareTxFrame &rArr; LmHandlerSend &rArr; LoRaMacMcpsRequest &rArr; Send &rArr; ScheduleTx &rArr; SendFrameOnChannel &rArr; SecureFrame &rArr; LoRaMacCryptoSecureMessage &rArr; ComputeCmacB1 &rArr; SecureElementComputeAesCmac &rArr; ComputeCmac &rArr; AES_CMAC_Final &rArr; aes_encrypt &rArr; mix_sub_columns &rArr; copy_block
<P>
<H3>
Mutually Recursive functions
</H3> <LI><a href="#[28]">NMI_Handler</a>&nbsp;&nbsp;&nbsp;&rArr;&nbsp;&nbsp;&nbsp;<a href="#[28]">NMI_Handler</a><BR>
 <LI><a href="#[2a]">MemManage_Handler</a>&nbsp;&nbsp;&nbsp;&rArr;&nbsp;&nbsp;&nbsp;<a href="#[2a]">MemManage_Handler</a><BR>
 <LI><a href="#[2b]">BusFault_Handler</a>&nbsp;&nbsp;&nbsp;&rArr;&nbsp;&nbsp;&nbsp;<a href="#[2b]">BusFault_Handler</a><BR>
 <LI><a href="#[2c]">UsageFault_Handler</a>&nbsp;&nbsp;&nbsp;&rArr;&nbsp;&nbsp;&nbsp;<a href="#[2c]">UsageFault_Handler</a><BR>
 <LI><a href="#[2d]">SecureFault_Handler</a>&nbsp;&nbsp;&nbsp;&rArr;&nbsp;&nbsp;&nbsp;<a href="#[2d]">SecureFault_Handler</a><BR>
 <LI><a href="#[2e]">SVC_Handler</a>&nbsp;&nbsp;&nbsp;&rArr;&nbsp;&nbsp;&nbsp;<a href="#[2e]">SVC_Handler</a><BR>
 <LI><a href="#[2f]">DebugMon_Handler</a>&nbsp;&nbsp;&nbsp;&rArr;&nbsp;&nbsp;&nbsp;<a href="#[2f]">DebugMon_Handler</a><BR>
 <LI><a href="#[30]">PendSV_Handler</a>&nbsp;&nbsp;&nbsp;&rArr;&nbsp;&nbsp;&nbsp;<a href="#[30]">PendSV_Handler</a><BR>
 <LI><a href="#[31]">SysTick_Handler</a>&nbsp;&nbsp;&nbsp;&rArr;&nbsp;&nbsp;&nbsp;<a href="#[31]">SysTick_Handler</a><BR>
 <LI><a href="#[3e]">am_ble_isr</a>&nbsp;&nbsp;&nbsp;&rArr;&nbsp;&nbsp;&nbsp;<a href="#[3e]">am_ble_isr</a><BR>
 <LI><a href="#[86]">RadioSetPublicNetwork</a>&nbsp;&nbsp;&nbsp;&rArr;&nbsp;&nbsp;&nbsp;<a href="#[72]">RadioSetModem</a><BR>
</UL>
<P>
<H3>
Function Pointers
</H3><UL>
 <LI><a href="#[7]">BoardGetBatteryLevel</a> from board.o(.text.BoardGetBatteryLevel) referenced 2 times from periodicuplink.o(.data.LmHandlerCallbacks)
 <LI><a href="#[8]">BoardGetRandomSeed</a> from board.o(.text.BoardGetRandomSeed) referenced 2 times from periodicuplink.o(.data.LmHandlerCallbacks)
 <LI><a href="#[2b]">BusFault_Handler</a> from startup_apollo3.o(RESET) referenced from startup_apollo3.o(RESET)
 <LI><a href="#[2f]">DebugMon_Handler</a> from startup_apollo3.o(RESET) referenced from startup_apollo3.o(RESET)
 <LI><a href="#[29]">HardFault_Handler</a> from am_util_faultisr.o(.text.HardFault_Handler) referenced from startup_apollo3.o(RESET)
 <LI><a href="#[5a]">LmHandlerDeviceTimeReq</a> from lmhandler.o(.text.LmHandlerDeviceTimeReq) referenced 2 times from lmhandler.o(.text.LmHandlerPackageRegister)
 <LI><a href="#[59]">LmHandlerJoinRequest</a> from lmhandler.o(.text.LmHandlerJoinRequest) referenced 2 times from lmhandler.o(.text.LmHandlerPackageRegister)
 <LI><a href="#[14]">LmhpClockSyncInit</a> from lmhpclocksync.o(.text.LmhpClockSyncInit) referenced 2 times from lmhpclocksync.o(.data.LmhpClockSyncPackage)
 <LI><a href="#[15]">LmhpClockSyncIsInitialized</a> from lmhpclocksync.o(.text.LmhpClockSyncIsInitialized) referenced 2 times from lmhpclocksync.o(.data.LmhpClockSyncPackage)
 <LI><a href="#[16]">LmhpClockSyncIsTxPending</a> from lmhpclocksync.o(.text.LmhpClockSyncIsTxPending) referenced 2 times from lmhpclocksync.o(.data.LmhpClockSyncPackage)
 <LI><a href="#[18]">LmhpClockSyncOnMcpsConfirm</a> from lmhpclocksync.o(.text.LmhpClockSyncOnMcpsConfirm) referenced 2 times from lmhpclocksync.o(.data.LmhpClockSyncPackage)
 <LI><a href="#[19]">LmhpClockSyncOnMcpsIndication</a> from lmhpclocksync.o(.text.LmhpClockSyncOnMcpsIndication) referenced 2 times from lmhpclocksync.o(.data.LmhpClockSyncPackage)
 <LI><a href="#[17]">LmhpClockSyncProcess</a> from lmhpclocksync.o(.text.LmhpClockSyncProcess) referenced 2 times from lmhpclocksync.o(.data.LmhpClockSyncPackage)
 <LI><a href="#[0]">LmhpComplianceInit</a> from lmhpcompliance.o(.text.LmhpComplianceInit) referenced 2 times from lmhpcompliance.o(.data.CompliancePackage)
 <LI><a href="#[1]">LmhpComplianceIsInitialized</a> from lmhpcompliance.o(.text.LmhpComplianceIsInitialized) referenced 2 times from lmhpcompliance.o(.data.CompliancePackage)
 <LI><a href="#[2]">LmhpComplianceIsTxPending</a> from lmhpcompliance.o(.text.LmhpComplianceIsTxPending) referenced 2 times from lmhpcompliance.o(.data.CompliancePackage)
 <LI><a href="#[4]">LmhpComplianceOnMcpsIndication</a> from lmhpcompliance.o(.text.LmhpComplianceOnMcpsIndication) referenced 2 times from lmhpcompliance.o(.data.CompliancePackage)
 <LI><a href="#[5]">LmhpComplianceOnMlmeConfirm</a> from lmhpcompliance.o(.text.LmhpComplianceOnMlmeConfirm) referenced 2 times from lmhpcompliance.o(.data.CompliancePackage)
 <LI><a href="#[6]">LmhpComplianceOnMlmeIndication</a> from lmhpcompliance.o(.text.LmhpComplianceOnMlmeIndication) referenced 2 times from lmhpcompliance.o(.data.CompliancePackage)
 <LI><a href="#[3]">LmhpComplianceProcess</a> from lmhpcompliance.o(.text.LmhpComplianceProcess) referenced 2 times from lmhpcompliance.o(.data.CompliancePackage)
 <LI><a href="#[1d]">LmhpFragmentationInit</a> from lmhpfragmentation.o(.text.LmhpFragmentationInit) referenced 2 times from lmhpfragmentation.o(.data.LmhpFragmentationPackage)
 <LI><a href="#[1e]">LmhpFragmentationIsInitialized</a> from lmhpfragmentation.o(.text.LmhpFragmentationIsInitialized) referenced 2 times from lmhpfragmentation.o(.data.LmhpFragmentationPackage)
 <LI><a href="#[1f]">LmhpFragmentationIsTxPending</a> from lmhpfragmentation.o(.text.LmhpFragmentationIsTxPending) referenced 2 times from lmhpfragmentation.o(.data.LmhpFragmentationPackage)
 <LI><a href="#[21]">LmhpFragmentationOnMcpsIndication</a> from lmhpfragmentation.o(.text.LmhpFragmentationOnMcpsIndication) referenced 2 times from lmhpfragmentation.o(.data.LmhpFragmentationPackage)
 <LI><a href="#[20]">LmhpFragmentationProcess</a> from lmhpfragmentation.o(.text.LmhpFragmentationProcess) referenced 2 times from lmhpfragmentation.o(.data.LmhpFragmentationPackage)
 <LI><a href="#[22]">LmhpRemoteMcastSetupInit</a> from lmhpremotemcastsetup.o(.text.LmhpRemoteMcastSetupInit) referenced 2 times from lmhpremotemcastsetup.o(.data.LmhpRemoteMcastSetupPackage)
 <LI><a href="#[23]">LmhpRemoteMcastSetupIsInitialized</a> from lmhpremotemcastsetup.o(.text.LmhpRemoteMcastSetupIsInitialized) referenced 2 times from lmhpremotemcastsetup.o(.data.LmhpRemoteMcastSetupPackage)
 <LI><a href="#[24]">LmhpRemoteMcastSetupIsTxPending</a> from lmhpremotemcastsetup.o(.text.LmhpRemoteMcastSetupIsTxPending) referenced 2 times from lmhpremotemcastsetup.o(.data.LmhpRemoteMcastSetupPackage)
 <LI><a href="#[26]">LmhpRemoteMcastSetupOnMcpsIndication</a> from lmhpremotemcastsetup.o(.text.LmhpRemoteMcastSetupOnMcpsIndication) referenced 2 times from lmhpremotemcastsetup.o(.data.LmhpRemoteMcastSetupPackage)
 <LI><a href="#[25]">LmhpRemoteMcastSetupProcess</a> from lmhpremotemcastsetup.o(.text.LmhpRemoteMcastSetupProcess) referenced 2 times from lmhpremotemcastsetup.o(.data.LmhpRemoteMcastSetupPackage)
 <LI><a href="#[54]">McpsConfirm</a> from lmhandler.o(.text.McpsConfirm) referenced 2 times from lmhandler.o(.text.LmHandlerInit)
 <LI><a href="#[55]">McpsIndication</a> from lmhandler.o(.text.McpsIndication) referenced 2 times from lmhandler.o(.text.LmHandlerInit)
 <LI><a href="#[2a]">MemManage_Handler</a> from startup_apollo3.o(RESET) referenced from startup_apollo3.o(RESET)
 <LI><a href="#[56]">MlmeConfirm</a> from lmhandler.o(.text.MlmeConfirm) referenced 2 times from lmhandler.o(.text.LmHandlerInit)
 <LI><a href="#[57]">MlmeIndication</a> from lmhandler.o(.text.MlmeIndication) referenced 2 times from lmhandler.o(.text.LmHandlerInit)
 <LI><a href="#[28]">NMI_Handler</a> from startup_apollo3.o(RESET) referenced from startup_apollo3.o(RESET)
 <LI><a href="#[58]">NvmDataMgmtEvent</a> from nvmdatamgmt.o(.text.NvmDataMgmtEvent) referenced 2 times from lmhandler.o(.text.LmHandlerInit)
 <LI><a href="#[53]">OnAbpJoinPendingTimerEvent</a> from loramac.o(.text.OnAbpJoinPendingTimerEvent) referenced 2 times from loramac.o(.text.AbpJoinPendingStart)
 <LI><a href="#[12]">OnBeaconStatusChange</a> from periodicuplink.o(.text.OnBeaconStatusChange) referenced 2 times from periodicuplink.o(.data.LmHandlerCallbacks)
 <LI><a href="#[11]">OnClassChange</a> from periodicuplink.o(.text.OnClassChange) referenced 2 times from periodicuplink.o(.data.LmHandlerCallbacks)
 <LI><a href="#[64]">OnForceRejoinReqCycleTimerEvent</a> from loramac.o(.text.OnForceRejoinReqCycleTimerEvent) referenced 2 times from loramac.o(.text.LoRaMacInitialization)
 <LI><a href="#[5b]">OnFragmentTxDelay</a> from lmhpfragmentation.o(.text.OnFragmentTxDelay) referenced 2 times from lmhpfragmentation.o(.text.LmhpFragmentationInit)
 <LI><a href="#[e]">OnJoinRequest</a> from periodicuplink.o(.text.OnJoinRequest) referenced 2 times from periodicuplink.o(.data.LmHandlerCallbacks)
 <LI><a href="#[c]">OnMacMcpsRequest</a> from periodicuplink.o(.text.OnMacMcpsRequest) referenced 2 times from periodicuplink.o(.data.LmHandlerCallbacks)
 <LI><a href="#[d]">OnMacMlmeRequest</a> from periodicuplink.o(.text.OnMacMlmeRequest) referenced 2 times from periodicuplink.o(.data.LmHandlerCallbacks)
 <LI><a href="#[9]">OnMacProcessNotify</a> from periodicuplink.o(.text.OnMacProcessNotify) referenced 2 times from periodicuplink.o(.data.LmHandlerCallbacks)
 <LI><a href="#[b]">OnNetworkParametersChange</a> from periodicuplink.o(.text.OnNetworkParametersChange) referenced 2 times from periodicuplink.o(.data.LmHandlerCallbacks)
 <LI><a href="#[a]">OnNvmDataChange</a> from periodicuplink.o(.text.OnNvmDataChange) referenced 2 times from periodicuplink.o(.data.LmHandlerCallbacks)
 <LI><a href="#[1c]">OnPingSlotPeriodicityChanged</a> from periodicuplink.o(.text.OnPingSlotPeriodicityChanged) referenced 2 times from periodicuplink.o(.data.LmhpComplianceParams)
 <LI><a href="#[66]">OnRadioRxDone</a> from loramac.o(.text.OnRadioRxDone) referenced 2 times from loramac.o(.text.LoRaMacInitialization)
 <LI><a href="#[67]">OnRadioRxError</a> from loramac.o(.text.OnRadioRxError) referenced 2 times from loramac.o(.text.LoRaMacInitialization)
 <LI><a href="#[69]">OnRadioRxTimeout</a> from loramac.o(.text.OnRadioRxTimeout) referenced 2 times from loramac.o(.text.LoRaMacInitialization)
 <LI><a href="#[65]">OnRadioTxDone</a> from loramac.o(.text.OnRadioTxDone) referenced 2 times from loramac.o(.text.LoRaMacInitialization)
 <LI><a href="#[68]">OnRadioTxTimeout</a> from loramac.o(.text.OnRadioTxTimeout) referenced 2 times from loramac.o(.text.LoRaMacInitialization)
 <LI><a href="#[62]">OnRejoin0CycleTimerEvent</a> from loramac.o(.text.OnRejoin0CycleTimerEvent) referenced 2 times from loramac.o(.text.LoRaMacInitialization)
 <LI><a href="#[63]">OnRejoin1CycleTimerEvent</a> from loramac.o(.text.OnRejoin1CycleTimerEvent) referenced 2 times from loramac.o(.text.LoRaMacInitialization)
 <LI><a href="#[61]">OnRetransmitTimeoutTimerEvent</a> from loramac.o(.text.OnRetransmitTimeoutTimerEvent) referenced 2 times from loramac.o(.text.LoRaMacInitialization)
 <LI><a href="#[10]">OnRxData</a> from periodicuplink.o(.text.OnRxData) referenced 2 times from periodicuplink.o(.data.LmHandlerCallbacks)
 <LI><a href="#[5f]">OnRxWindow1TimerEvent</a> from loramac.o(.text.OnRxWindow1TimerEvent) referenced 2 times from loramac.o(.text.LoRaMacInitialization)
 <LI><a href="#[60]">OnRxWindow2TimerEvent</a> from loramac.o(.text.OnRxWindow2TimerEvent) referenced 2 times from loramac.o(.text.LoRaMacInitialization)
 <LI><a href="#[5c]">OnSessionStartTimer</a> from lmhpremotemcastsetup.o(.text.OnSessionStartTimer) referenced 2 times from lmhpremotemcastsetup.o(.text.LmhpRemoteMcastSetupInit)
 <LI><a href="#[5d]">OnSessionStopTimer</a> from lmhpremotemcastsetup.o(.text.OnSessionStopTimer) referenced 2 times from lmhpremotemcastsetup.o(.text.LmhpRemoteMcastSetupInit)
 <LI><a href="#[13]">OnSysTimeUpdate</a> from periodicuplink.o(.text.OnSysTimeUpdate) referenced 2 times from periodicuplink.o(.data.LmHandlerCallbacks)
 <LI><a href="#[f]">OnTxData</a> from periodicuplink.o(.text.OnTxData) referenced 2 times from periodicuplink.o(.data.LmHandlerCallbacks)
 <LI><a href="#[5e]">OnTxDelayedTimerEvent</a> from loramac.o(.text.OnTxDelayedTimerEvent) referenced 2 times from loramac.o(.text.LoRaMacInitialization)
 <LI><a href="#[1b]">OnTxFrameCtrlChanged</a> from periodicuplink.o(.text.OnTxFrameCtrlChanged) referenced 2 times from periodicuplink.o(.data.LmhpComplianceParams)
 <LI><a href="#[1a]">OnTxPeriodicityChanged</a> from periodicuplink.o(.text.OnTxPeriodicityChanged) referenced 2 times from periodicuplink.o(.data.LmhpComplianceParams)
 <LI><a href="#[6d]">OnTxTimerEvent</a> from periodicuplink.o(.text.OnTxTimerEvent) referenced 2 times from periodicuplink.o(.text.StartTxProcess)
 <LI><a href="#[30]">PendSV_Handler</a> from startup_apollo3.o(RESET) referenced from startup_apollo3.o(RESET)
 <LI><a href="#[78]">RadioCheckRfFrequency</a> from radio.o(.text.RadioCheckRfFrequency) referenced from radio.o(.rodata.Radio)
 <LI><a href="#[71]">RadioGetStatus</a> from radio.o(.text.RadioGetStatus) referenced from radio.o(.rodata.Radio)
 <LI><a href="#[87]">RadioGetWakeupTime</a> from radio.o(.text.RadioGetWakeupTime) referenced from radio.o(.rodata.Radio)
 <LI><a href="#[70]">RadioInit</a> from radio.o(.text.RadioInit) referenced from radio.o(.rodata.Radio)
 <LI><a href="#[88]">RadioIrqProcess</a> from radio.o(.text.RadioIrqProcess) referenced from radio.o(.rodata.Radio)
 <LI><a href="#[74]">RadioIsChannelFree</a> from radio.o(.text.RadioIsChannelFree) referenced from radio.o(.rodata.Radio)
 <LI><a href="#[6a]">RadioOnDioIrq</a> from radio.o(.text.RadioOnDioIrq) referenced 2 times from radio.o(.text.RadioInit)
 <LI><a href="#[6c]">RadioOnRxTimeoutIrq</a> from radio.o(.text.RadioOnRxTimeoutIrq) referenced 2 times from radio.o(.text.RadioInit)
 <LI><a href="#[6b]">RadioOnTxTimeoutIrq</a> from radio.o(.text.RadioOnTxTimeoutIrq) referenced 2 times from radio.o(.text.RadioInit)
 <LI><a href="#[75]">RadioRandom</a> from radio.o(.text.RadioRandom) referenced from radio.o(.rodata.Radio)
 <LI><a href="#[82]">RadioRead</a> from radio.o(.text.RadioRead) referenced from radio.o(.rodata.Radio)
 <LI><a href="#[84]">RadioReadBuffer</a> from radio.o(.text.RadioReadBuffer) referenced from radio.o(.rodata.Radio)
 <LI><a href="#[80]">RadioRssi</a> from radio.o(.text.RadioRssi) referenced from radio.o(.rodata.Radio)
 <LI><a href="#[7d]">RadioRx</a> from radio.o(.text.RadioRx) referenced from radio.o(.rodata.Radio)
 <LI><a href="#[89]">RadioRxBoosted</a> from radio.o(.text.RadioRxBoosted) referenced from radio.o(.rodata.Radio)
 <LI><a href="#[7a]">RadioSend</a> from radio.o(.text.RadioSend) referenced from radio.o(.rodata.Radio)
 <LI><a href="#[73]">RadioSetChannel</a> from radio.o(.text.RadioSetChannel) referenced from radio.o(.rodata.Radio)
 <LI><a href="#[85]">RadioSetMaxPayloadLength</a> from radio.o(.text.RadioSetMaxPayloadLength) referenced from radio.o(.rodata.Radio)
 <LI><a href="#[72]">RadioSetModem</a> from radio.o(.text.RadioSetModem) referenced from radio.o(.rodata.Radio)
 <LI><a href="#[86]">RadioSetPublicNetwork</a> from radio.o(.text.RadioSetPublicNetwork) referenced from radio.o(.rodata.Radio)
 <LI><a href="#[76]">RadioSetRxConfig</a> from radio.o(.text.RadioSetRxConfig) referenced from radio.o(.rodata.Radio)
 <LI><a href="#[8a]">RadioSetRxDutyCycle</a> from radio.o(.text.RadioSetRxDutyCycle) referenced from radio.o(.rodata.Radio)
 <LI><a href="#[77]">RadioSetTxConfig</a> from radio.o(.text.RadioSetTxConfig) referenced from radio.o(.rodata.Radio)
 <LI><a href="#[7f]">RadioSetTxContinuousWave</a> from radio.o(.text.RadioSetTxContinuousWave) referenced from radio.o(.rodata.Radio)
 <LI><a href="#[7b]">RadioSleep</a> from radio.o(.text.RadioSleep) referenced from radio.o(.rodata.Radio)
 <LI><a href="#[7c]">RadioStandby</a> from radio.o(.text.RadioStandby) referenced from radio.o(.rodata.Radio)
 <LI><a href="#[7e]">RadioStartCad</a> from radio.o(.text.RadioStartCad) referenced from radio.o(.rodata.Radio)
 <LI><a href="#[79]">RadioTimeOnAir</a> from radio.o(.text.RadioTimeOnAir) referenced from radio.o(.rodata.Radio)
 <LI><a href="#[81]">RadioWrite</a> from radio.o(.text.RadioWrite) referenced from radio.o(.rodata.Radio)
 <LI><a href="#[83]">RadioWriteBuffer</a> from radio.o(.text.RadioWriteBuffer) referenced from radio.o(.rodata.Radio)
 <LI><a href="#[27]">Reset_Handler</a> from startup_apollo3.o(RESET) referenced from startup_apollo3.o(RESET)
 <LI><a href="#[2e]">SVC_Handler</a> from startup_apollo3.o(RESET) referenced from startup_apollo3.o(RESET)
 <LI><a href="#[2d]">SecureFault_Handler</a> from startup_apollo3.o(RESET) referenced from startup_apollo3.o(RESET)
 <LI><a href="#[31]">SysTick_Handler</a> from startup_apollo3.o(RESET) referenced from startup_apollo3.o(RESET)
 <LI><a href="#[2c]">UsageFault_Handler</a> from startup_apollo3.o(RESET) referenced from startup_apollo3.o(RESET)
 <LI><a href="#[52]">__main</a> from __main.o(!!!main) referenced from startup_apollo3.o(RESET)
 <LI><a href="#[44]">am_adc_isr</a> from adc.o(.text.am_adc_isr) referenced from startup_apollo3.o(RESET)
 <LI><a href="#[3e]">am_ble_isr</a> from startup_apollo3.o(RESET) referenced from startup_apollo3.o(RESET)
 <LI><a href="#[32]">am_brownout_isr</a> from startup_apollo3.o(RESET) referenced from startup_apollo3.o(RESET)
 <LI><a href="#[51]">am_clkgen_isr</a> from startup_apollo3.o(RESET) referenced from startup_apollo3.o(RESET)
 <LI><a href="#[40]">am_ctimer_isr</a> from timing.o(.text.am_ctimer_isr) referenced from startup_apollo3.o(RESET)
 <LI><a href="#[3f]">am_gpio_isr</a> from gpio.o(.text.am_gpio_isr) referenced from startup_apollo3.o(RESET)
 <LI><a href="#[6e]">am_hal_itm_print</a> from am_hal_itm.o(.text.am_hal_itm_print) referenced 2 times from gpio.o(.text.enable_printf)
 <LI><a href="#[38]">am_iomaster0_isr</a> from startup_apollo3.o(RESET) referenced from startup_apollo3.o(RESET)
 <LI><a href="#[39]">am_iomaster1_isr</a> from startup_apollo3.o(RESET) referenced from startup_apollo3.o(RESET)
 <LI><a href="#[3a]">am_iomaster2_isr</a> from startup_apollo3.o(RESET) referenced from startup_apollo3.o(RESET)
 <LI><a href="#[3b]">am_iomaster3_isr</a> from startup_apollo3.o(RESET) referenced from startup_apollo3.o(RESET)
 <LI><a href="#[3c]">am_iomaster4_isr</a> from startup_apollo3.o(RESET) referenced from startup_apollo3.o(RESET)
 <LI><a href="#[3d]">am_iomaster5_isr</a> from startup_apollo3.o(RESET) referenced from startup_apollo3.o(RESET)
 <LI><a href="#[37]">am_ioslave_acc_isr</a> from startup_apollo3.o(RESET) referenced from startup_apollo3.o(RESET)
 <LI><a href="#[36]">am_ioslave_ios_isr</a> from startup_apollo3.o(RESET) referenced from startup_apollo3.o(RESET)
 <LI><a href="#[46]">am_mspi0_isr</a> from startup_apollo3.o(RESET) referenced from startup_apollo3.o(RESET)
 <LI><a href="#[45]">am_pdm0_isr</a> from startup_apollo3.o(RESET) referenced from startup_apollo3.o(RESET)
 <LI><a href="#[34]">am_rtc_isr</a> from rtc-board.o(.text.am_rtc_isr) referenced from startup_apollo3.o(RESET)
 <LI><a href="#[43]">am_scard_isr</a> from startup_apollo3.o(RESET) referenced from startup_apollo3.o(RESET)
 <LI><a href="#[47]">am_software0_isr</a> from startup_apollo3.o(RESET) referenced from startup_apollo3.o(RESET)
 <LI><a href="#[49]">am_stimer_cmpr0_isr</a> from timing.o(.text.am_stimer_cmpr0_isr) referenced from startup_apollo3.o(RESET)
 <LI><a href="#[4a]">am_stimer_cmpr1_isr</a> from startup_apollo3.o(RESET) referenced from startup_apollo3.o(RESET)
 <LI><a href="#[4b]">am_stimer_cmpr2_isr</a> from startup_apollo3.o(RESET) referenced from startup_apollo3.o(RESET)
 <LI><a href="#[4c]">am_stimer_cmpr3_isr</a> from startup_apollo3.o(RESET) referenced from startup_apollo3.o(RESET)
 <LI><a href="#[4d]">am_stimer_cmpr4_isr</a> from timing.o(.text.am_stimer_cmpr4_isr) referenced from startup_apollo3.o(RESET)
 <LI><a href="#[4e]">am_stimer_cmpr5_isr</a> from timing.o(.text.am_stimer_cmpr5_isr) referenced from startup_apollo3.o(RESET)
 <LI><a href="#[4f]">am_stimer_cmpr6_isr</a> from startup_apollo3.o(RESET) referenced from startup_apollo3.o(RESET)
 <LI><a href="#[50]">am_stimer_cmpr7_isr</a> from startup_apollo3.o(RESET) referenced from startup_apollo3.o(RESET)
 <LI><a href="#[48]">am_stimer_isr</a> from startup_apollo3.o(RESET) referenced from startup_apollo3.o(RESET)
 <LI><a href="#[42]">am_uart1_isr</a> from startup_apollo3.o(RESET) referenced from startup_apollo3.o(RESET)
 <LI><a href="#[41]">am_uart_isr</a> from startup_apollo3.o(RESET) referenced from startup_apollo3.o(RESET)
 <LI><a href="#[35]">am_vcomp_isr</a> from startup_apollo3.o(RESET) referenced from startup_apollo3.o(RESET)
 <LI><a href="#[33]">am_watchdog_isr</a> from startup_apollo3.o(RESET) referenced from startup_apollo3.o(RESET)
 <LI><a href="#[6f]">as7341IRQ</a> from as7341.o(.text.as7341IRQ) referenced 2 times from taskhandler.o(.text.initSpecMeasurement)
</UL>
<P>
<H3>
Global Symbols
</H3>
<P><STRONG><a name="[27]"></a>Reset_Handler</STRONG> (Thumb, 28 bytes, Stack size 0 bytes, startup_apollo3.o(RESET))
<BR>[Address Reference Count : 1]<UL><LI> startup_apollo3.o(RESET)
</UL>
<P><STRONG><a name="[28]"></a>NMI_Handler</STRONG> (Thumb, 2 bytes, Stack size 0 bytes, startup_apollo3.o(RESET))
<BR><BR>[Calls]<UL><LI><a href="#[28]">&gt;&gt;</a>&nbsp;&nbsp;&nbsp;NMI_Handler
</UL>
<BR>[Called By]<UL><LI><a href="#[28]">&gt;&gt;</a>&nbsp;&nbsp;&nbsp;NMI_Handler
</UL>
<BR>[Address Reference Count : 1]<UL><LI> startup_apollo3.o(RESET)
</UL>
<P><STRONG><a name="[2a]"></a>MemManage_Handler</STRONG> (Thumb, 2 bytes, Stack size 0 bytes, startup_apollo3.o(RESET))
<BR><BR>[Calls]<UL><LI><a href="#[2a]">&gt;&gt;</a>&nbsp;&nbsp;&nbsp;MemManage_Handler
</UL>
<BR>[Called By]<UL><LI><a href="#[2a]">&gt;&gt;</a>&nbsp;&nbsp;&nbsp;MemManage_Handler
</UL>
<BR>[Address Reference Count : 1]<UL><LI> startup_apollo3.o(RESET)
</UL>
<P><STRONG><a name="[2b]"></a>BusFault_Handler</STRONG> (Thumb, 2 bytes, Stack size 0 bytes, startup_apollo3.o(RESET))
<BR><BR>[Calls]<UL><LI><a href="#[2b]">&gt;&gt;</a>&nbsp;&nbsp;&nbsp;BusFault_Handler
</UL>
<BR>[Called By]<UL><LI><a href="#[2b]">&gt;&gt;</a>&nbsp;&nbsp;&nbsp;BusFault_Handler
</UL>
<BR>[Address Reference Count : 1]<UL><LI> startup_apollo3.o(RESET)
</UL>
<P><STRONG><a name="[2c]"></a>UsageFault_Handler</STRONG> (Thumb, 2 bytes, Stack size 0 bytes, startup_apollo3.o(RESET))
<BR><BR>[Calls]<UL><LI><a href="#[2c]">&gt;&gt;</a>&nbsp;&nbsp;&nbsp;UsageFault_Handler
</UL>
<BR>[Called By]<UL><LI><a href="#[2c]">&gt;&gt;</a>&nbsp;&nbsp;&nbsp;UsageFault_Handler
</UL>
<BR>[Address Reference Count : 1]<UL><LI> startup_apollo3.o(RESET)
</UL>
<P><STRONG><a name="[2d]"></a>SecureFault_Handler</STRONG> (Thumb, 2 bytes, Stack size 0 bytes, startup_apollo3.o(RESET))
<BR><BR>[Calls]<UL><LI><a href="#[2d]">&gt;&gt;</a>&nbsp;&nbsp;&nbsp;SecureFault_Handler
</UL>
<BR>[Called By]<UL><LI><a href="#[2d]">&gt;&gt;</a>&nbsp;&nbsp;&nbsp;SecureFault_Handler
</UL>
<BR>[Address Reference Count : 1]<UL><LI> startup_apollo3.o(RESET)
</UL>
<P><STRONG><a name="[2e]"></a>SVC_Handler</STRONG> (Thumb, 2 bytes, Stack size 0 bytes, startup_apollo3.o(RESET))
<BR><BR>[Calls]<UL><LI><a href="#[2e]">&gt;&gt;</a>&nbsp;&nbsp;&nbsp;SVC_Handler
</UL>
<BR>[Called By]<UL><LI><a href="#[2e]">&gt;&gt;</a>&nbsp;&nbsp;&nbsp;SVC_Handler
</UL>
<BR>[Address Reference Count : 1]<UL><LI> startup_apollo3.o(RESET)
</UL>
<P><STRONG><a name="[2f]"></a>DebugMon_Handler</STRONG> (Thumb, 2 bytes, Stack size 0 bytes, startup_apollo3.o(RESET))
<BR><BR>[Calls]<UL><LI><a href="#[2f]">&gt;&gt;</a>&nbsp;&nbsp;&nbsp;DebugMon_Handler
</UL>
<BR>[Called By]<UL><LI><a href="#[2f]">&gt;&gt;</a>&nbsp;&nbsp;&nbsp;DebugMon_Handler
</UL>
<BR>[Address Reference Count : 1]<UL><LI> startup_apollo3.o(RESET)
</UL>
<P><STRONG><a name="[30]"></a>PendSV_Handler</STRONG> (Thumb, 2 bytes, Stack size 0 bytes, startup_apollo3.o(RESET))
<BR><BR>[Calls]<UL><LI><a href="#[30]">&gt;&gt;</a>&nbsp;&nbsp;&nbsp;PendSV_Handler
</UL>
<BR>[Called By]<UL><LI><a href="#[30]">&gt;&gt;</a>&nbsp;&nbsp;&nbsp;PendSV_Handler
</UL>
<BR>[Address Reference Count : 1]<UL><LI> startup_apollo3.o(RESET)
</UL>
<P><STRONG><a name="[31]"></a>SysTick_Handler</STRONG> (Thumb, 2 bytes, Stack size 0 bytes, startup_apollo3.o(RESET))
<BR><BR>[Calls]<UL><LI><a href="#[31]">&gt;&gt;</a>&nbsp;&nbsp;&nbsp;SysTick_Handler
</UL>
<BR>[Called By]<UL><LI><a href="#[31]">&gt;&gt;</a>&nbsp;&nbsp;&nbsp;SysTick_Handler
</UL>
<BR>[Address Reference Count : 1]<UL><LI> startup_apollo3.o(RESET)
</UL>
<P><STRONG><a name="[3e]"></a>am_ble_isr</STRONG> (Thumb, 0 bytes, Stack size 0 bytes, startup_apollo3.o(RESET))
<BR><BR>[Calls]<UL><LI><a href="#[3e]">&gt;&gt;</a>&nbsp;&nbsp;&nbsp;am_ble_isr
</UL>
<BR>[Called By]<UL><LI><a href="#[3e]">&gt;&gt;</a>&nbsp;&nbsp;&nbsp;am_ble_isr
</UL>
<BR>[Address Reference Count : 1]<UL><LI> startup_apollo3.o(RESET)
</UL>
<P><STRONG><a name="[32]"></a>am_brownout_isr</STRONG> (Thumb, 0 bytes, Stack size 0 bytes, startup_apollo3.o(RESET))
<BR>[Address Reference Count : 1]<UL><LI> startup_apollo3.o(RESET)
</UL>
<P><STRONG><a name="[51]"></a>am_clkgen_isr</STRONG> (Thumb, 0 bytes, Stack size 0 bytes, startup_apollo3.o(RESET))
<BR>[Address Reference Count : 1]<UL><LI> startup_apollo3.o(RESET)
</UL>
<P><STRONG><a name="[38]"></a>am_iomaster0_isr</STRONG> (Thumb, 0 bytes, Stack size 0 bytes, startup_apollo3.o(RESET))
<BR>[Address Reference Count : 1]<UL><LI> startup_apollo3.o(RESET)
</UL>
<P><STRONG><a name="[39]"></a>am_iomaster1_isr</STRONG> (Thumb, 0 bytes, Stack size 0 bytes, startup_apollo3.o(RESET))
<BR>[Address Reference Count : 1]<UL><LI> startup_apollo3.o(RESET)
</UL>
<P><STRONG><a name="[3a]"></a>am_iomaster2_isr</STRONG> (Thumb, 0 bytes, Stack size 0 bytes, startup_apollo3.o(RESET))
<BR>[Address Reference Count : 1]<UL><LI> startup_apollo3.o(RESET)
</UL>
<P><STRONG><a name="[3b]"></a>am_iomaster3_isr</STRONG> (Thumb, 0 bytes, Stack size 0 bytes, startup_apollo3.o(RESET))
<BR>[Address Reference Count : 1]<UL><LI> startup_apollo3.o(RESET)
</UL>
<P><STRONG><a name="[3c]"></a>am_iomaster4_isr</STRONG> (Thumb, 0 bytes, Stack size 0 bytes, startup_apollo3.o(RESET))
<BR>[Address Reference Count : 1]<UL><LI> startup_apollo3.o(RESET)
</UL>
<P><STRONG><a name="[3d]"></a>am_iomaster5_isr</STRONG> (Thumb, 0 bytes, Stack size 0 bytes, startup_apollo3.o(RESET))
<BR>[Address Reference Count : 1]<UL><LI> startup_apollo3.o(RESET)
</UL>
<P><STRONG><a name="[37]"></a>am_ioslave_acc_isr</STRONG> (Thumb, 0 bytes, Stack size 0 bytes, startup_apollo3.o(RESET))
<BR>[Address Reference Count : 1]<UL><LI> startup_apollo3.o(RESET)
</UL>
<P><STRONG><a name="[36]"></a>am_ioslave_ios_isr</STRONG> (Thumb, 0 bytes, Stack size 0 bytes, startup_apollo3.o(RESET))
<BR>[Address Reference Count : 1]<UL><LI> startup_apollo3.o(RESET)
</UL>
<P><STRONG><a name="[46]"></a>am_mspi0_isr</STRONG> (Thumb, 0 bytes, Stack size 0 bytes, startup_apollo3.o(RESET))
<BR>[Address Reference Count : 1]<UL><LI> startup_apollo3.o(RESET)
</UL>
<P><STRONG><a name="[45]"></a>am_pdm0_isr</STRONG> (Thumb, 0 bytes, Stack size 0 bytes, startup_apollo3.o(RESET))
<BR>[Address Reference Count : 1]<UL><LI> startup_apollo3.o(RESET)
</UL>
<P><STRONG><a name="[43]"></a>am_scard_isr</STRONG> (Thumb, 0 bytes, Stack size 0 bytes, startup_apollo3.o(RESET))
<BR>[Address Reference Count : 1]<UL><LI> startup_apollo3.o(RESET)
</UL>
<P><STRONG><a name="[47]"></a>am_software0_isr</STRONG> (Thumb, 0 bytes, Stack size 0 bytes, startup_apollo3.o(RESET))
<BR>[Address Reference Count : 1]<UL><LI> startup_apollo3.o(RESET)
</UL>
<P><STRONG><a name="[4a]"></a>am_stimer_cmpr1_isr</STRONG> (Thumb, 0 bytes, Stack size 0 bytes, startup_apollo3.o(RESET))
<BR>[Address Reference Count : 1]<UL><LI> startup_apollo3.o(RESET)
</UL>
<P><STRONG><a name="[4b]"></a>am_stimer_cmpr2_isr</STRONG> (Thumb, 0 bytes, Stack size 0 bytes, startup_apollo3.o(RESET))
<BR>[Address Reference Count : 1]<UL><LI> startup_apollo3.o(RESET)
</UL>
<P><STRONG><a name="[4c]"></a>am_stimer_cmpr3_isr</STRONG> (Thumb, 0 bytes, Stack size 0 bytes, startup_apollo3.o(RESET))
<BR>[Address Reference Count : 1]<UL><LI> startup_apollo3.o(RESET)
</UL>
<P><STRONG><a name="[4f]"></a>am_stimer_cmpr6_isr</STRONG> (Thumb, 0 bytes, Stack size 0 bytes, startup_apollo3.o(RESET))
<BR>[Address Reference Count : 1]<UL><LI> startup_apollo3.o(RESET)
</UL>
<P><STRONG><a name="[50]"></a>am_stimer_cmpr7_isr</STRONG> (Thumb, 0 bytes, Stack size 0 bytes, startup_apollo3.o(RESET))
<BR>[Address Reference Count : 1]<UL><LI> startup_apollo3.o(RESET)
</UL>
<P><STRONG><a name="[48]"></a>am_stimer_isr</STRONG> (Thumb, 0 bytes, Stack size 0 bytes, startup_apollo3.o(RESET))
<BR>[Address Reference Count : 1]<UL><LI> startup_apollo3.o(RESET)
</UL>
<P><STRONG><a name="[8b]"></a>am_uart0_isr</STRONG> (Thumb, 0 bytes, Stack size 0 bytes, startup_apollo3.o(RESET), UNUSED, KEPT)

<P><STRONG><a name="[42]"></a>am_uart1_isr</STRONG> (Thumb, 0 bytes, Stack size 0 bytes, startup_apollo3.o(RESET))
<BR>[Address Reference Count : 1]<UL><LI> startup_apollo3.o(RESET)
</UL>
<P><STRONG><a name="[41]"></a>am_uart_isr</STRONG> (Thumb, 0 bytes, Stack size 0 bytes, startup_apollo3.o(RESET))
<BR>[Address Reference Count : 1]<UL><LI> startup_apollo3.o(RESET)
</UL>
<P><STRONG><a name="[35]"></a>am_vcomp_isr</STRONG> (Thumb, 0 bytes, Stack size 0 bytes, startup_apollo3.o(RESET))
<BR>[Address Reference Count : 1]<UL><LI> startup_apollo3.o(RESET)
</UL>
<P><STRONG><a name="[33]"></a>am_watchdog_isr</STRONG> (Thumb, 0 bytes, Stack size 0 bytes, startup_apollo3.o(RESET))
<BR>[Address Reference Count : 1]<UL><LI> startup_apollo3.o(RESET)
</UL>
<P><STRONG><a name="[52]"></a>__main</STRONG> (Thumb, 8 bytes, Stack size 0 bytes, __main.o(!!!main))
<BR><BR>[Calls]<UL><LI><a href="#[8d]">&gt;&gt;</a>&nbsp;&nbsp;&nbsp;__rt_entry
<LI><a href="#[8c]">&gt;&gt;</a>&nbsp;&nbsp;&nbsp;__scatterload
</UL>
<BR>[Address Reference Count : 1]<UL><LI> startup_apollo3.o(RESET)
</UL>
<P><STRONG><a name="[8c]"></a>__scatterload</STRONG> (Thumb, 0 bytes, Stack size unknown bytes, __scatter.o(!!!scatter))
<BR><BR>[Called By]<UL><LI><a href="#[52]">&gt;&gt;</a>&nbsp;&nbsp;&nbsp;__main
</UL>

<P><STRONG><a name="[8e]"></a>__scatterload_rt2</STRONG> (Thumb, 84 bytes, Stack size unknown bytes, __scatter.o(!!!scatter), UNUSED)
<BR><BR>[Calls]<UL><LI><a href="#[8d]">&gt;&gt;</a>&nbsp;&nbsp;&nbsp;__rt_entry
</UL>

<P><STRONG><a name="[340]"></a>__scatterload_rt2_thumb_only</STRONG> (Thumb, 0 bytes, Stack size unknown bytes, __scatter.o(!!!scatter), UNUSED)

<P><STRONG><a name="[341]"></a>__scatterload_loop</STRONG> (Thumb, 0 bytes, Stack size unknown bytes, __scatter.o(!!!scatter), UNUSED)

<P><STRONG><a name="[342]"></a>__decompress</STRONG> (Thumb, 90 bytes, Stack size unknown bytes, __dczerorl2.o(!!dczerorl2), UNUSED)

<P><STRONG><a name="[343]"></a>__decompress1</STRONG> (Thumb, 0 bytes, Stack size unknown bytes, __dczerorl2.o(!!dczerorl2), UNUSED)

<P><STRONG><a name="[344]"></a>__scatterload_null</STRONG> (Thumb, 2 bytes, Stack size unknown bytes, __scatter.o(!!handler_null), UNUSED)

<P><STRONG><a name="[345]"></a>__scatterload_zeroinit</STRONG> (Thumb, 28 bytes, Stack size unknown bytes, __scatter_zi.o(!!handler_zi), UNUSED)

<P><STRONG><a name="[94]"></a>__rt_lib_init</STRONG> (Thumb, 0 bytes, Stack size unknown bytes, libinit.o(.ARM.Collect$$libinit$$00000000))
<BR><BR>[Called By]<UL><LI><a href="#[93]">&gt;&gt;</a>&nbsp;&nbsp;&nbsp;__rt_entry_li
</UL>

<P><STRONG><a name="[8f]"></a>__rt_lib_init_fp_1</STRONG> (Thumb, 0 bytes, Stack size unknown bytes, libinit2.o(.ARM.Collect$$libinit$$00000001))
<BR><BR>[Calls]<UL><LI><a href="#[90]">&gt;&gt;</a>&nbsp;&nbsp;&nbsp;_fp_init
</UL>

<P><STRONG><a name="[346]"></a>__rt_lib_init_alloca_1</STRONG> (Thumb, 0 bytes, Stack size unknown bytes, libinit2.o(.ARM.Collect$$libinit$$00000030))

<P><STRONG><a name="[347]"></a>__rt_lib_init_argv_1</STRONG> (Thumb, 0 bytes, Stack size unknown bytes, libinit2.o(.ARM.Collect$$libinit$$0000002E))

<P><STRONG><a name="[348]"></a>__rt_lib_init_atexit_1</STRONG> (Thumb, 0 bytes, Stack size unknown bytes, libinit2.o(.ARM.Collect$$libinit$$0000001D))

<P><STRONG><a name="[349]"></a>__rt_lib_init_clock_1</STRONG> (Thumb, 0 bytes, Stack size unknown bytes, libinit2.o(.ARM.Collect$$libinit$$00000023))

<P><STRONG><a name="[34a]"></a>__rt_lib_init_cpp_1</STRONG> (Thumb, 0 bytes, Stack size unknown bytes, libinit2.o(.ARM.Collect$$libinit$$00000034))

<P><STRONG><a name="[34b]"></a>__rt_lib_init_exceptions_1</STRONG> (Thumb, 0 bytes, Stack size unknown bytes, libinit2.o(.ARM.Collect$$libinit$$00000032))

<P><STRONG><a name="[34c]"></a>__rt_lib_init_fp_trap_1</STRONG> (Thumb, 0 bytes, Stack size unknown bytes, libinit2.o(.ARM.Collect$$libinit$$00000021))

<P><STRONG><a name="[34d]"></a>__rt_lib_init_getenv_1</STRONG> (Thumb, 0 bytes, Stack size unknown bytes, libinit2.o(.ARM.Collect$$libinit$$00000025))

<P><STRONG><a name="[34e]"></a>__rt_lib_init_heap_1</STRONG> (Thumb, 0 bytes, Stack size unknown bytes, libinit2.o(.ARM.Collect$$libinit$$0000000C))

<P><STRONG><a name="[34f]"></a>__rt_lib_init_lc_collate_1</STRONG> (Thumb, 0 bytes, Stack size unknown bytes, libinit2.o(.ARM.Collect$$libinit$$00000013))

<P><STRONG><a name="[350]"></a>__rt_lib_init_lc_ctype_1</STRONG> (Thumb, 0 bytes, Stack size unknown bytes, libinit2.o(.ARM.Collect$$libinit$$00000015))

<P><STRONG><a name="[351]"></a>__rt_lib_init_lc_monetary_1</STRONG> (Thumb, 0 bytes, Stack size unknown bytes, libinit2.o(.ARM.Collect$$libinit$$00000017))

<P><STRONG><a name="[352]"></a>__rt_lib_init_lc_numeric_1</STRONG> (Thumb, 0 bytes, Stack size unknown bytes, libinit2.o(.ARM.Collect$$libinit$$00000019))

<P><STRONG><a name="[353]"></a>__rt_lib_init_lc_time_1</STRONG> (Thumb, 0 bytes, Stack size unknown bytes, libinit2.o(.ARM.Collect$$libinit$$0000001B))

<P><STRONG><a name="[354]"></a>__rt_lib_init_preinit_1</STRONG> (Thumb, 0 bytes, Stack size unknown bytes, libinit2.o(.ARM.Collect$$libinit$$00000006))

<P><STRONG><a name="[355]"></a>__rt_lib_init_rand_1</STRONG> (Thumb, 0 bytes, Stack size unknown bytes, libinit2.o(.ARM.Collect$$libinit$$00000010))

<P><STRONG><a name="[356]"></a>__rt_lib_init_relocate_pie_1</STRONG> (Thumb, 0 bytes, Stack size unknown bytes, libinit2.o(.ARM.Collect$$libinit$$00000004))

<P><STRONG><a name="[357]"></a>__rt_lib_init_return</STRONG> (Thumb, 0 bytes, Stack size unknown bytes, libinit2.o(.ARM.Collect$$libinit$$00000035))

<P><STRONG><a name="[358]"></a>__rt_lib_init_signal_1</STRONG> (Thumb, 0 bytes, Stack size unknown bytes, libinit2.o(.ARM.Collect$$libinit$$0000001F))

<P><STRONG><a name="[359]"></a>__rt_lib_init_stdio_1</STRONG> (Thumb, 0 bytes, Stack size unknown bytes, libinit2.o(.ARM.Collect$$libinit$$00000027))

<P><STRONG><a name="[35a]"></a>__rt_lib_init_user_alloc_1</STRONG> (Thumb, 0 bytes, Stack size unknown bytes, libinit2.o(.ARM.Collect$$libinit$$0000000E))

<P><STRONG><a name="[99]"></a>__rt_lib_shutdown</STRONG> (Thumb, 0 bytes, Stack size unknown bytes, libshutdown.o(.ARM.Collect$$libshutdown$$00000000))
<BR><BR>[Called By]<UL><LI><a href="#[98]">&gt;&gt;</a>&nbsp;&nbsp;&nbsp;__rt_exit_ls
</UL>

<P><STRONG><a name="[35b]"></a>__rt_lib_shutdown_cpp_1</STRONG> (Thumb, 0 bytes, Stack size unknown bytes, libshutdown2.o(.ARM.Collect$$libshutdown$$00000002))

<P><STRONG><a name="[35c]"></a>__rt_lib_shutdown_fp_trap_1</STRONG> (Thumb, 0 bytes, Stack size unknown bytes, libshutdown2.o(.ARM.Collect$$libshutdown$$00000007))

<P><STRONG><a name="[35d]"></a>__rt_lib_shutdown_heap_1</STRONG> (Thumb, 0 bytes, Stack size unknown bytes, libshutdown2.o(.ARM.Collect$$libshutdown$$0000000F))

<P><STRONG><a name="[35e]"></a>__rt_lib_shutdown_return</STRONG> (Thumb, 0 bytes, Stack size unknown bytes, libshutdown2.o(.ARM.Collect$$libshutdown$$00000010))

<P><STRONG><a name="[35f]"></a>__rt_lib_shutdown_signal_1</STRONG> (Thumb, 0 bytes, Stack size unknown bytes, libshutdown2.o(.ARM.Collect$$libshutdown$$0000000A))

<P><STRONG><a name="[360]"></a>__rt_lib_shutdown_stdio_1</STRONG> (Thumb, 0 bytes, Stack size unknown bytes, libshutdown2.o(.ARM.Collect$$libshutdown$$00000004))

<P><STRONG><a name="[361]"></a>__rt_lib_shutdown_user_alloc_1</STRONG> (Thumb, 0 bytes, Stack size unknown bytes, libshutdown2.o(.ARM.Collect$$libshutdown$$0000000C))

<P><STRONG><a name="[8d]"></a>__rt_entry</STRONG> (Thumb, 0 bytes, Stack size unknown bytes, __rtentry.o(.ARM.Collect$$rtentry$$00000000))
<BR><BR>[Called By]<UL><LI><a href="#[52]">&gt;&gt;</a>&nbsp;&nbsp;&nbsp;__main
<LI><a href="#[8e]">&gt;&gt;</a>&nbsp;&nbsp;&nbsp;__scatterload_rt2
</UL>

<P><STRONG><a name="[362]"></a>__rt_entry_presh_1</STRONG> (Thumb, 0 bytes, Stack size unknown bytes, __rtentry2.o(.ARM.Collect$$rtentry$$00000002))

<P><STRONG><a name="[91]"></a>__rt_entry_sh</STRONG> (Thumb, 0 bytes, Stack size unknown bytes, __rtentry4.o(.ARM.Collect$$rtentry$$00000004))
<BR><BR>[Stack]<UL><LI>Max Depth = 8 + Unknown Stack Size
<LI>Call Chain = __rt_entry_sh &rArr; __user_setup_stackheap
</UL>
<BR>[Calls]<UL><LI><a href="#[92]">&gt;&gt;</a>&nbsp;&nbsp;&nbsp;__user_setup_stackheap
</UL>

<P><STRONG><a name="[93]"></a>__rt_entry_li</STRONG> (Thumb, 0 bytes, Stack size unknown bytes, __rtentry2.o(.ARM.Collect$$rtentry$$0000000A))
<BR><BR>[Calls]<UL><LI><a href="#[94]">&gt;&gt;</a>&nbsp;&nbsp;&nbsp;__rt_lib_init
</UL>

<P><STRONG><a name="[363]"></a>__rt_entry_postsh_1</STRONG> (Thumb, 0 bytes, Stack size unknown bytes, __rtentry2.o(.ARM.Collect$$rtentry$$00000009))

<P><STRONG><a name="[95]"></a>__rt_entry_main</STRONG> (Thumb, 0 bytes, Stack size unknown bytes, __rtentry2.o(.ARM.Collect$$rtentry$$0000000D))
<BR><BR>[Stack]<UL><LI>Max Depth = 1440 + Unknown Stack Size
<LI>Call Chain = __rt_entry_main &rArr; main &rArr; periodicUplink &rArr; UplinkProcess &rArr; PrepareTxFrame &rArr; LmHandlerSend &rArr; LoRaMacMcpsRequest &rArr; Send &rArr; ScheduleTx &rArr; SendFrameOnChannel &rArr; SecureFrame &rArr; LoRaMacCryptoSecureMessage &rArr; ComputeCmacB1 &rArr; SecureElementComputeAesCmac &rArr; ComputeCmac &rArr; AES_CMAC_Final &rArr; aes_encrypt &rArr; mix_sub_columns &rArr; copy_block
</UL>
<BR>[Calls]<UL><LI><a href="#[96]">&gt;&gt;</a>&nbsp;&nbsp;&nbsp;main
<LI><a href="#[97]">&gt;&gt;</a>&nbsp;&nbsp;&nbsp;exit
</UL>

<P><STRONG><a name="[364]"></a>__rt_entry_postli_1</STRONG> (Thumb, 0 bytes, Stack size unknown bytes, __rtentry2.o(.ARM.Collect$$rtentry$$0000000C))

<P><STRONG><a name="[a5]"></a>__rt_exit</STRONG> (Thumb, 0 bytes, Stack size unknown bytes, rtexit.o(.ARM.Collect$$rtexit$$00000000))
<BR><BR>[Called By]<UL><LI><a href="#[97]">&gt;&gt;</a>&nbsp;&nbsp;&nbsp;exit
</UL>

<P><STRONG><a name="[98]"></a>__rt_exit_ls</STRONG> (Thumb, 0 bytes, Stack size unknown bytes, rtexit2.o(.ARM.Collect$$rtexit$$00000003))
<BR><BR>[Calls]<UL><LI><a href="#[99]">&gt;&gt;</a>&nbsp;&nbsp;&nbsp;__rt_lib_shutdown
</UL>

<P><STRONG><a name="[365]"></a>__rt_exit_prels_1</STRONG> (Thumb, 0 bytes, Stack size unknown bytes, rtexit2.o(.ARM.Collect$$rtexit$$00000002))

<P><STRONG><a name="[9a]"></a>__rt_exit_exit</STRONG> (Thumb, 0 bytes, Stack size unknown bytes, rtexit2.o(.ARM.Collect$$rtexit$$00000004))
<BR><BR>[Calls]<UL><LI><a href="#[9b]">&gt;&gt;</a>&nbsp;&nbsp;&nbsp;_sys_exit
</UL>

<P><STRONG><a name="[a4]"></a>__user_initial_stackheap</STRONG> (Thumb, 10 bytes, Stack size 0 bytes, startup_apollo3.o(.text))
<BR><BR>[Called By]<UL><LI><a href="#[92]">&gt;&gt;</a>&nbsp;&nbsp;&nbsp;__user_setup_stackheap
</UL>

<P><STRONG><a name="[285]"></a>__aeabi_memcpy4</STRONG> (Thumb, 0 bytes, Stack size 8 bytes, rt_memcpy_w.o(.text))
<BR><BR>[Stack]<UL><LI>Max Depth = 8<LI>Call Chain = __aeabi_memcpy4
</UL>
<BR>[Called By]<UL><LI><a href="#[197]">&gt;&gt;</a>&nbsp;&nbsp;&nbsp;SecureElementInit
</UL>

<P><STRONG><a name="[366]"></a>__aeabi_memcpy8</STRONG> (Thumb, 0 bytes, Stack size 8 bytes, rt_memcpy_w.o(.text), UNUSED)

<P><STRONG><a name="[367]"></a>__rt_memcpy_w</STRONG> (Thumb, 100 bytes, Stack size 8 bytes, rt_memcpy_w.o(.text), UNUSED)

<P><STRONG><a name="[368]"></a>_memcpy_lastbytes_aligned</STRONG> (Thumb, 0 bytes, Stack size unknown bytes, rt_memcpy_w.o(.text), UNUSED)

<P><STRONG><a name="[168]"></a>__aeabi_memclr</STRONG> (Thumb, 0 bytes, Stack size unknown bytes, rt_memclr.o(.text))
<BR><BR>[Called By]<UL><LI><a href="#[169]">&gt;&gt;</a>&nbsp;&nbsp;&nbsp;SecureElementProcessJoinAccept
<LI><a href="#[167]">&gt;&gt;</a>&nbsp;&nbsp;&nbsp;LoRaMacCryptoHandleJoinAccept
</UL>

<P><STRONG><a name="[369]"></a>__rt_memclr</STRONG> (Thumb, 0 bytes, Stack size unknown bytes, rt_memclr.o(.text), UNUSED)

<P><STRONG><a name="[9c]"></a>_memset</STRONG> (Thumb, 64 bytes, Stack size 0 bytes, rt_memclr.o(.text), UNUSED)
<BR><BR>[Calls]<UL><LI><a href="#[9d]">&gt;&gt;</a>&nbsp;&nbsp;&nbsp;_memset_w
</UL>

<P><STRONG><a name="[a2]"></a>__aeabi_memclr4</STRONG> (Thumb, 0 bytes, Stack size unknown bytes, rt_memclr_w.o(.text))
<BR><BR>[Called By]<UL><LI><a href="#[239]">&gt;&gt;</a>&nbsp;&nbsp;&nbsp;RegionEU868InitDefaults
<LI><a href="#[9f]">&gt;&gt;</a>&nbsp;&nbsp;&nbsp;_localtime_r
</UL>

<P><STRONG><a name="[36a]"></a>__aeabi_memclr8</STRONG> (Thumb, 0 bytes, Stack size unknown bytes, rt_memclr_w.o(.text), UNUSED)

<P><STRONG><a name="[36b]"></a>__rt_memclr_w</STRONG> (Thumb, 0 bytes, Stack size unknown bytes, rt_memclr_w.o(.text), UNUSED)

<P><STRONG><a name="[9d]"></a>_memset_w</STRONG> (Thumb, 74 bytes, Stack size 4 bytes, rt_memclr_w.o(.text), UNUSED)
<BR><BR>[Called By]<UL><LI><a href="#[9c]">&gt;&gt;</a>&nbsp;&nbsp;&nbsp;_memset
</UL>

<P><STRONG><a name="[9e]"></a>localtime</STRONG> (Thumb, 6 bytes, Stack size 0 bytes, localtime.o(.text))
<BR><BR>[Stack]<UL><LI>Max Depth = 16 + Unknown Stack Size
<LI>Call Chain = localtime &rArr; _localtime_r
</UL>
<BR>[Calls]<UL><LI><a href="#[9f]">&gt;&gt;</a>&nbsp;&nbsp;&nbsp;_localtime_r
</UL>
<BR>[Called By]<UL><LI><a href="#[140]">&gt;&gt;</a>&nbsp;&nbsp;&nbsp;SysTimeSet
</UL>

<P><STRONG><a name="[a0]"></a>mktime</STRONG> (Thumb, 352 bytes, Stack size 56 bytes, mktime.o(.text))
<BR><BR>[Stack]<UL><LI>Max Depth = 64<LI>Call Chain = mktime &rArr; _tm_carry
</UL>
<BR>[Calls]<UL><LI><a href="#[a1]">&gt;&gt;</a>&nbsp;&nbsp;&nbsp;_tm_carry
</UL>
<BR>[Called By]<UL><LI><a href="#[13f]">&gt;&gt;</a>&nbsp;&nbsp;&nbsp;SysTimeGet
</UL>

<P><STRONG><a name="[36c]"></a>__use_two_region_memory</STRONG> (Thumb, 2 bytes, Stack size 0 bytes, heapauxi.o(.text), UNUSED)

<P><STRONG><a name="[36d]"></a>__rt_heap_escrow$2region</STRONG> (Thumb, 2 bytes, Stack size 0 bytes, heapauxi.o(.text), UNUSED)

<P><STRONG><a name="[36e]"></a>__rt_heap_expand$2region</STRONG> (Thumb, 2 bytes, Stack size 0 bytes, heapauxi.o(.text), UNUSED)

<P><STRONG><a name="[9f]"></a>_localtime_r</STRONG> (Thumb, 178 bytes, Stack size 16 bytes, localtime_internal.o(.text))
<BR><BR>[Stack]<UL><LI>Max Depth = 16 + Unknown Stack Size
<LI>Call Chain = _localtime_r
</UL>
<BR>[Calls]<UL><LI><a href="#[a2]">&gt;&gt;</a>&nbsp;&nbsp;&nbsp;__aeabi_memclr4
</UL>
<BR>[Called By]<UL><LI><a href="#[9e]">&gt;&gt;</a>&nbsp;&nbsp;&nbsp;localtime
</UL>

<P><STRONG><a name="[36f]"></a>_n$localtime_r</STRONG> (Thumb, 0 bytes, Stack size 16 bytes, localtime_internal.o(.text), UNUSED)

<P><STRONG><a name="[370]"></a>__user_libspace</STRONG> (Thumb, 8 bytes, Stack size 0 bytes, libspace.o(.text), UNUSED)

<P><STRONG><a name="[a3]"></a>__user_perproc_libspace</STRONG> (Thumb, 0 bytes, Stack size 0 bytes, libspace.o(.text))
<BR><BR>[Called By]<UL><LI><a href="#[92]">&gt;&gt;</a>&nbsp;&nbsp;&nbsp;__user_setup_stackheap
</UL>

<P><STRONG><a name="[371]"></a>__user_perthread_libspace</STRONG> (Thumb, 0 bytes, Stack size 0 bytes, libspace.o(.text), UNUSED)

<P><STRONG><a name="[92]"></a>__user_setup_stackheap</STRONG> (Thumb, 74 bytes, Stack size 8 bytes, sys_stackheap_outer.o(.text))
<BR><BR>[Stack]<UL><LI>Max Depth = 8<LI>Call Chain = __user_setup_stackheap
</UL>
<BR>[Calls]<UL><LI><a href="#[a4]">&gt;&gt;</a>&nbsp;&nbsp;&nbsp;__user_initial_stackheap
<LI><a href="#[a3]">&gt;&gt;</a>&nbsp;&nbsp;&nbsp;__user_perproc_libspace
</UL>
<BR>[Called By]<UL><LI><a href="#[91]">&gt;&gt;</a>&nbsp;&nbsp;&nbsp;__rt_entry_sh
</UL>

<P><STRONG><a name="[97]"></a>exit</STRONG> (Thumb, 18 bytes, Stack size 8 bytes, exit.o(.text))
<BR><BR>[Stack]<UL><LI>Max Depth = 8 + Unknown Stack Size
<LI>Call Chain = exit
</UL>
<BR>[Calls]<UL><LI><a href="#[a5]">&gt;&gt;</a>&nbsp;&nbsp;&nbsp;__rt_exit
</UL>
<BR>[Called By]<UL><LI><a href="#[95]">&gt;&gt;</a>&nbsp;&nbsp;&nbsp;__rt_entry_main
</UL>

<P><STRONG><a name="[9b]"></a>_sys_exit</STRONG> (Thumb, 8 bytes, Stack size 0 bytes, sys_exit.o(.text))
<BR><BR>[Called By]<UL><LI><a href="#[9a]">&gt;&gt;</a>&nbsp;&nbsp;&nbsp;__rt_exit_exit
</UL>

<P><STRONG><a name="[372]"></a>__I$use$semihosting</STRONG> (Thumb, 0 bytes, Stack size 0 bytes, use_no_semi.o(.text), UNUSED)

<P><STRONG><a name="[373]"></a>__use_no_semihosting_swi</STRONG> (Thumb, 2 bytes, Stack size 0 bytes, use_no_semi.o(.text), UNUSED)

<P><STRONG><a name="[374]"></a>__semihosting_library_function</STRONG> (Thumb, 0 bytes, Stack size unknown bytes, indicate_semi.o(.text), UNUSED)

<P><STRONG><a name="[a6]"></a>AES_CMAC_Final</STRONG> (Thumb, 562 bytes, Stack size 88 bytes, cmac.o(.text.AES_CMAC_Final))
<BR><BR>[Stack]<UL><LI>Max Depth = 184<LI>Call Chain = AES_CMAC_Final &rArr; aes_encrypt &rArr; mix_sub_columns &rArr; copy_block
</UL>
<BR>[Calls]<UL><LI><a href="#[a7]">&gt;&gt;</a>&nbsp;&nbsp;&nbsp;memset1
<LI><a href="#[a9]">&gt;&gt;</a>&nbsp;&nbsp;&nbsp;memcpy1
<LI><a href="#[a8]">&gt;&gt;</a>&nbsp;&nbsp;&nbsp;aes_encrypt
</UL>
<BR>[Called By]<UL><LI><a href="#[d2]">&gt;&gt;</a>&nbsp;&nbsp;&nbsp;ComputeCmac
</UL>

<P><STRONG><a name="[aa]"></a>AES_CMAC_Init</STRONG> (Thumb, 40 bytes, Stack size 16 bytes, cmac.o(.text.AES_CMAC_Init))
<BR><BR>[Stack]<UL><LI>Max Depth = 24<LI>Call Chain = AES_CMAC_Init &rArr; memset1
</UL>
<BR>[Calls]<UL><LI><a href="#[a7]">&gt;&gt;</a>&nbsp;&nbsp;&nbsp;memset1
</UL>
<BR>[Called By]<UL><LI><a href="#[d2]">&gt;&gt;</a>&nbsp;&nbsp;&nbsp;ComputeCmac
</UL>

<P><STRONG><a name="[ab]"></a>AES_CMAC_SetKey</STRONG> (Thumb, 22 bytes, Stack size 16 bytes, cmac.o(.text.AES_CMAC_SetKey))
<BR><BR>[Stack]<UL><LI>Max Depth = 68<LI>Call Chain = AES_CMAC_SetKey &rArr; aes_set_key &rArr; copy_block_nn
</UL>
<BR>[Calls]<UL><LI><a href="#[ac]">&gt;&gt;</a>&nbsp;&nbsp;&nbsp;aes_set_key
</UL>
<BR>[Called By]<UL><LI><a href="#[d2]">&gt;&gt;</a>&nbsp;&nbsp;&nbsp;ComputeCmac
</UL>

<P><STRONG><a name="[ad]"></a>AES_CMAC_Update</STRONG> (Thumb, 372 bytes, Stack size 72 bytes, cmac.o(.text.AES_CMAC_Update))
<BR><BR>[Stack]<UL><LI>Max Depth = 168<LI>Call Chain = AES_CMAC_Update &rArr; aes_encrypt &rArr; mix_sub_columns &rArr; copy_block
</UL>
<BR>[Calls]<UL><LI><a href="#[a9]">&gt;&gt;</a>&nbsp;&nbsp;&nbsp;memcpy1
<LI><a href="#[a8]">&gt;&gt;</a>&nbsp;&nbsp;&nbsp;aes_encrypt
</UL>
<BR>[Called By]<UL><LI><a href="#[d2]">&gt;&gt;</a>&nbsp;&nbsp;&nbsp;ComputeCmac
</UL>

<P><STRONG><a name="[c6]"></a>BoardCriticalSectionBegin</STRONG> (Thumb, 22 bytes, Stack size 8 bytes, board.o(.text.BoardCriticalSectionBegin))
<BR><BR>[Stack]<UL><LI>Max Depth = 8<LI>Call Chain = BoardCriticalSectionBegin
</UL>
<BR>[Called By]<UL><LI><a href="#[320]">&gt;&gt;</a>&nbsp;&nbsp;&nbsp;periodicUplink
<LI><a href="#[2a3]">&gt;&gt;</a>&nbsp;&nbsp;&nbsp;UplinkProcess
<LI><a href="#[b2]">&gt;&gt;</a>&nbsp;&nbsp;&nbsp;TimerStart
<LI><a href="#[b0]">&gt;&gt;</a>&nbsp;&nbsp;&nbsp;TimerStop
<LI><a href="#[17f]">&gt;&gt;</a>&nbsp;&nbsp;&nbsp;ProcessRadioTxDone
<LI><a href="#[17e]">&gt;&gt;</a>&nbsp;&nbsp;&nbsp;LoRaMacHandleIrqEvents
<LI><a href="#[268]">&gt;&gt;</a>&nbsp;&nbsp;&nbsp;SX126xWakeup
<LI><a href="#[c5]">&gt;&gt;</a>&nbsp;&nbsp;&nbsp;BoardResetMcu
<LI><a href="#[25]">&gt;&gt;</a>&nbsp;&nbsp;&nbsp;LmhpRemoteMcastSetupProcess
<LI><a href="#[20]">&gt;&gt;</a>&nbsp;&nbsp;&nbsp;LmhpFragmentationProcess
<LI><a href="#[88]">&gt;&gt;</a>&nbsp;&nbsp;&nbsp;RadioIrqProcess
</UL>

<P><STRONG><a name="[148]"></a>BoardCriticalSectionEnd</STRONG> (Thumb, 20 bytes, Stack size 8 bytes, board.o(.text.BoardCriticalSectionEnd))
<BR><BR>[Stack]<UL><LI>Max Depth = 8<LI>Call Chain = BoardCriticalSectionEnd
</UL>
<BR>[Called By]<UL><LI><a href="#[320]">&gt;&gt;</a>&nbsp;&nbsp;&nbsp;periodicUplink
<LI><a href="#[2a3]">&gt;&gt;</a>&nbsp;&nbsp;&nbsp;UplinkProcess
<LI><a href="#[b2]">&gt;&gt;</a>&nbsp;&nbsp;&nbsp;TimerStart
<LI><a href="#[b0]">&gt;&gt;</a>&nbsp;&nbsp;&nbsp;TimerStop
<LI><a href="#[17f]">&gt;&gt;</a>&nbsp;&nbsp;&nbsp;ProcessRadioTxDone
<LI><a href="#[17e]">&gt;&gt;</a>&nbsp;&nbsp;&nbsp;LoRaMacHandleIrqEvents
<LI><a href="#[268]">&gt;&gt;</a>&nbsp;&nbsp;&nbsp;SX126xWakeup
<LI><a href="#[25]">&gt;&gt;</a>&nbsp;&nbsp;&nbsp;LmhpRemoteMcastSetupProcess
<LI><a href="#[20]">&gt;&gt;</a>&nbsp;&nbsp;&nbsp;LmhpFragmentationProcess
<LI><a href="#[88]">&gt;&gt;</a>&nbsp;&nbsp;&nbsp;RadioIrqProcess
</UL>

<P><STRONG><a name="[7]"></a>BoardGetBatteryLevel</STRONG> (Thumb, 4 bytes, Stack size 0 bytes, board.o(.text.BoardGetBatteryLevel))
<BR>[Address Reference Count : 1]<UL><LI> periodicuplink.o(.data.LmHandlerCallbacks)
</UL>
<P><STRONG><a name="[8]"></a>BoardGetRandomSeed</STRONG> (Thumb, 46 bytes, Stack size 12 bytes, board.o(.text.BoardGetRandomSeed))
<BR><BR>[Stack]<UL><LI>Max Depth = 12<LI>Call Chain = BoardGetRandomSeed
</UL>
<BR>[Address Reference Count : 1]<UL><LI> periodicuplink.o(.data.LmHandlerCallbacks)
</UL>
<P><STRONG><a name="[b6]"></a>BoardInitMcu</STRONG> (Thumb, 24 bytes, Stack size 8 bytes, board.o(.text.BoardInitMcu))
<BR><BR>[Stack]<UL><LI>Max Depth = 152<LI>Call Chain = BoardInitMcu &rArr; am_hal_pwrctrl_low_power_init &rArr; am_hal_cachectrl_control &rArr; set_RDWAIT &rArr; am_hal_flash_store_ui32
</UL>
<BR>[Calls]<UL><LI><a href="#[b9]">&gt;&gt;</a>&nbsp;&nbsp;&nbsp;am_hal_rtc_osc_disable
<LI><a href="#[b8]">&gt;&gt;</a>&nbsp;&nbsp;&nbsp;am_hal_pwrctrl_low_power_init
<LI><a href="#[b7]">&gt;&gt;</a>&nbsp;&nbsp;&nbsp;am_hal_clkgen_control
<LI><a href="#[ba]">&gt;&gt;</a>&nbsp;&nbsp;&nbsp;RtcInit
</UL>
<BR>[Called By]<UL><LI><a href="#[320]">&gt;&gt;</a>&nbsp;&nbsp;&nbsp;periodicUplink
</UL>

<P><STRONG><a name="[bb]"></a>BoardInitPeriph</STRONG> (Thumb, 64 bytes, Stack size 8 bytes, board.o(.text.BoardInitPeriph))
<BR><BR>[Stack]<UL><LI>Max Depth = 384<LI>Call Chain = BoardInitPeriph &rArr; am_devices_am1805_config_init &rArr; am_devices_am1805_read_register &rArr; am_device_command_read &rArr; am_hal_iom_blocking_transfer &rArr; internal_iom_reset_on_error &rArr; am_hal_flash_delay
</UL>
<BR>[Calls]<UL><LI><a href="#[bd]">&gt;&gt;</a>&nbsp;&nbsp;&nbsp;am_hal_gpio_pinconfig
<LI><a href="#[c0]">&gt;&gt;</a>&nbsp;&nbsp;&nbsp;enable_printf
<LI><a href="#[bc]">&gt;&gt;</a>&nbsp;&nbsp;&nbsp;turnOnLoRa
<LI><a href="#[be]">&gt;&gt;</a>&nbsp;&nbsp;&nbsp;spi_init
<LI><a href="#[bf]">&gt;&gt;</a>&nbsp;&nbsp;&nbsp;device_I2C_init
<LI><a href="#[c1]">&gt;&gt;</a>&nbsp;&nbsp;&nbsp;timerDelay
<LI><a href="#[c2]">&gt;&gt;</a>&nbsp;&nbsp;&nbsp;am_devices_am1805_config_init
</UL>
<BR>[Called By]<UL><LI><a href="#[320]">&gt;&gt;</a>&nbsp;&nbsp;&nbsp;periodicUplink
</UL>

<P><STRONG><a name="[c3]"></a>BoardLowPowerHandler</STRONG> (Thumb, 10 bytes, Stack size 8 bytes, board.o(.text.BoardLowPowerHandler))
<BR><BR>[Stack]<UL><LI>Max Depth = 72<LI>Call Chain = BoardLowPowerHandler &rArr; am_hal_sysctrl_sleep &rArr; am_hal_flash_delay
</UL>
<BR>[Calls]<UL><LI><a href="#[c4]">&gt;&gt;</a>&nbsp;&nbsp;&nbsp;am_hal_sysctrl_sleep
</UL>
<BR>[Called By]<UL><LI><a href="#[320]">&gt;&gt;</a>&nbsp;&nbsp;&nbsp;periodicUplink
</UL>

<P><STRONG><a name="[c5]"></a>BoardResetMcu</STRONG> (Thumb, 14 bytes, Stack size 16 bytes, board.o(.text.BoardResetMcu))
<BR><BR>[Stack]<UL><LI>Max Depth = 24<LI>Call Chain = BoardResetMcu &rArr; BoardCriticalSectionBegin
</UL>
<BR>[Calls]<UL><LI><a href="#[c6]">&gt;&gt;</a>&nbsp;&nbsp;&nbsp;BoardCriticalSectionBegin
<LI><a href="#[c7]">&gt;&gt;</a>&nbsp;&nbsp;&nbsp;__NVIC_SystemReset
</UL>
<BR>[Called By]<UL><LI><a href="#[3]">&gt;&gt;</a>&nbsp;&nbsp;&nbsp;LmhpComplianceProcess
</UL>

<P><STRONG><a name="[188]"></a>Crc32</STRONG> (Thumb, 156 bytes, Stack size 24 bytes, utilities.o(.text.Crc32))
<BR><BR>[Stack]<UL><LI>Max Depth = 24<LI>Call Chain = Crc32
</UL>
<BR>[Called By]<UL><LI><a href="#[1ab]">&gt;&gt;</a>&nbsp;&nbsp;&nbsp;RestoreNvmData
<LI><a href="#[187]">&gt;&gt;</a>&nbsp;&nbsp;&nbsp;LoRaMacHandleNvm
</UL>

<P><STRONG><a name="[1c3]"></a>Crc32Finalize</STRONG> (Thumb, 12 bytes, Stack size 4 bytes, utilities.o(.text.Crc32Finalize))
<BR><BR>[Stack]<UL><LI>Max Depth = 4<LI>Call Chain = Crc32Finalize
</UL>
<BR>[Called By]<UL><LI><a href="#[1be]">&gt;&gt;</a>&nbsp;&nbsp;&nbsp;NvmmCrc32Check
</UL>

<P><STRONG><a name="[1c1]"></a>Crc32Init</STRONG> (Thumb, 6 bytes, Stack size 0 bytes, utilities.o(.text.Crc32Init))
<BR><BR>[Called By]<UL><LI><a href="#[1be]">&gt;&gt;</a>&nbsp;&nbsp;&nbsp;NvmmCrc32Check
</UL>

<P><STRONG><a name="[1c2]"></a>Crc32Update</STRONG> (Thumb, 154 bytes, Stack size 28 bytes, utilities.o(.text.Crc32Update))
<BR><BR>[Stack]<UL><LI>Max Depth = 28<LI>Call Chain = Crc32Update
</UL>
<BR>[Called By]<UL><LI><a href="#[1be]">&gt;&gt;</a>&nbsp;&nbsp;&nbsp;NvmmCrc32Check
</UL>

<P><STRONG><a name="[dc]"></a>DelayMs</STRONG> (Thumb, 16 bytes, Stack size 16 bytes, delay.o(.text.DelayMs))
<BR><BR>[Stack]<UL><LI>Max Depth = 64<LI>Call Chain = DelayMs &rArr; am_util_delay_ms &rArr; am_hal_flash_delay
</UL>
<BR>[Calls]<UL><LI><a href="#[dd]">&gt;&gt;</a>&nbsp;&nbsp;&nbsp;am_util_delay_ms
</UL>
<BR>[Called By]<UL><LI><a href="#[195]">&gt;&gt;</a>&nbsp;&nbsp;&nbsp;SX126xWaitOnBusy
<LI><a href="#[26d]">&gt;&gt;</a>&nbsp;&nbsp;&nbsp;SX126xReset
<LI><a href="#[f2]">&gt;&gt;</a>&nbsp;&nbsp;&nbsp;EepromMcuReadBuffer
<LI><a href="#[f6]">&gt;&gt;</a>&nbsp;&nbsp;&nbsp;EepromMcuWriteBuffer
<LI><a href="#[7b]">&gt;&gt;</a>&nbsp;&nbsp;&nbsp;RadioSleep
<LI><a href="#[74]">&gt;&gt;</a>&nbsp;&nbsp;&nbsp;RadioIsChannelFree
</UL>

<P><STRONG><a name="[1ef]"></a>DetermineFrameType</STRONG> (Thumb, 166 bytes, Stack size 12 bytes, loramac.o(.text.DetermineFrameType))
<BR><BR>[Stack]<UL><LI>Max Depth = 12<LI>Call Chain = DetermineFrameType
</UL>
<BR>[Called By]<UL><LI><a href="#[180]">&gt;&gt;</a>&nbsp;&nbsp;&nbsp;ProcessRadioRxDone
</UL>

<P><STRONG><a name="[e3]"></a>DisplayAppInfo</STRONG> (Thumb, 88 bytes, Stack size 24 bytes, lmhandlermsgdisplay.o(.text.DisplayAppInfo))
<BR><BR>[Stack]<UL><LI>Max Depth = 384<LI>Call Chain = DisplayAppInfo &rArr; am_util_stdio_printf &rArr; am_util_stdio_vsprintf &rArr; ftoa &rArr; uint64_to_str &rArr; divu64_10
</UL>
<BR>[Calls]<UL><LI><a href="#[e4]">&gt;&gt;</a>&nbsp;&nbsp;&nbsp;am_util_stdio_printf
</UL>
<BR>[Called By]<UL><LI><a href="#[320]">&gt;&gt;</a>&nbsp;&nbsp;&nbsp;periodicUplink
</UL>

<P><STRONG><a name="[e5]"></a>DisplayBeaconUpdate</STRONG> (Thumb, 220 bytes, Stack size 24 bytes, lmhandlermsgdisplay.o(.text.DisplayBeaconUpdate))
<BR><BR>[Stack]<UL><LI>Max Depth = 400<LI>Call Chain = DisplayBeaconUpdate &rArr; PrintHexBuffer &rArr; am_util_stdio_printf &rArr; am_util_stdio_vsprintf &rArr; ftoa &rArr; uint64_to_str &rArr; divu64_10
</UL>
<BR>[Calls]<UL><LI><a href="#[e4]">&gt;&gt;</a>&nbsp;&nbsp;&nbsp;am_util_stdio_printf
<LI><a href="#[e6]">&gt;&gt;</a>&nbsp;&nbsp;&nbsp;PrintHexBuffer
</UL>
<BR>[Called By]<UL><LI><a href="#[12]">&gt;&gt;</a>&nbsp;&nbsp;&nbsp;OnBeaconStatusChange
</UL>

<P><STRONG><a name="[e7]"></a>DisplayClassUpdate</STRONG> (Thumb, 38 bytes, Stack size 16 bytes, lmhandlermsgdisplay.o(.text.DisplayClassUpdate))
<BR><BR>[Stack]<UL><LI>Max Depth = 376<LI>Call Chain = DisplayClassUpdate &rArr; am_util_stdio_printf &rArr; am_util_stdio_vsprintf &rArr; ftoa &rArr; uint64_to_str &rArr; divu64_10
</UL>
<BR>[Calls]<UL><LI><a href="#[e4]">&gt;&gt;</a>&nbsp;&nbsp;&nbsp;am_util_stdio_printf
</UL>
<BR>[Called By]<UL><LI><a href="#[11]">&gt;&gt;</a>&nbsp;&nbsp;&nbsp;OnClassChange
</UL>

<P><STRONG><a name="[e8]"></a>DisplayJoinRequestUpdate</STRONG> (Thumb, 164 bytes, Stack size 16 bytes, lmhandlermsgdisplay.o(.text.DisplayJoinRequestUpdate))
<BR><BR>[Stack]<UL><LI>Max Depth = 376<LI>Call Chain = DisplayJoinRequestUpdate &rArr; am_util_stdio_printf &rArr; am_util_stdio_vsprintf &rArr; ftoa &rArr; uint64_to_str &rArr; divu64_10
</UL>
<BR>[Calls]<UL><LI><a href="#[e4]">&gt;&gt;</a>&nbsp;&nbsp;&nbsp;am_util_stdio_printf
</UL>
<BR>[Called By]<UL><LI><a href="#[e]">&gt;&gt;</a>&nbsp;&nbsp;&nbsp;OnJoinRequest
</UL>

<P><STRONG><a name="[e9]"></a>DisplayMacMcpsRequestUpdate</STRONG> (Thumb, 250 bytes, Stack size 24 bytes, lmhandlermsgdisplay.o(.text.DisplayMacMcpsRequestUpdate))
<BR><BR>[Stack]<UL><LI>Max Depth = 384<LI>Call Chain = DisplayMacMcpsRequestUpdate &rArr; am_util_stdio_printf &rArr; am_util_stdio_vsprintf &rArr; ftoa &rArr; uint64_to_str &rArr; divu64_10
</UL>
<BR>[Calls]<UL><LI><a href="#[e4]">&gt;&gt;</a>&nbsp;&nbsp;&nbsp;am_util_stdio_printf
</UL>
<BR>[Called By]<UL><LI><a href="#[c]">&gt;&gt;</a>&nbsp;&nbsp;&nbsp;OnMacMcpsRequest
</UL>

<P><STRONG><a name="[ea]"></a>DisplayMacMlmeRequestUpdate</STRONG> (Thumb, 290 bytes, Stack size 24 bytes, lmhandlermsgdisplay.o(.text.DisplayMacMlmeRequestUpdate))
<BR><BR>[Stack]<UL><LI>Max Depth = 384<LI>Call Chain = DisplayMacMlmeRequestUpdate &rArr; am_util_stdio_printf &rArr; am_util_stdio_vsprintf &rArr; ftoa &rArr; uint64_to_str &rArr; divu64_10
</UL>
<BR>[Calls]<UL><LI><a href="#[e4]">&gt;&gt;</a>&nbsp;&nbsp;&nbsp;am_util_stdio_printf
</UL>
<BR>[Called By]<UL><LI><a href="#[d]">&gt;&gt;</a>&nbsp;&nbsp;&nbsp;OnMacMlmeRequest
</UL>

<P><STRONG><a name="[eb]"></a>DisplayNetworkParametersUpdate</STRONG> (Thumb, 226 bytes, Stack size 24 bytes, lmhandlermsgdisplay.o(.text.DisplayNetworkParametersUpdate))
<BR><BR>[Stack]<UL><LI>Max Depth = 384<LI>Call Chain = DisplayNetworkParametersUpdate &rArr; am_util_stdio_printf &rArr; am_util_stdio_vsprintf &rArr; ftoa &rArr; uint64_to_str &rArr; divu64_10
</UL>
<BR>[Calls]<UL><LI><a href="#[e4]">&gt;&gt;</a>&nbsp;&nbsp;&nbsp;am_util_stdio_printf
</UL>
<BR>[Called By]<UL><LI><a href="#[b]">&gt;&gt;</a>&nbsp;&nbsp;&nbsp;OnNetworkParametersChange
</UL>

<P><STRONG><a name="[ec]"></a>DisplayNvmDataChange</STRONG> (Thumb, 70 bytes, Stack size 16 bytes, lmhandlermsgdisplay.o(.text.DisplayNvmDataChange))
<BR><BR>[Stack]<UL><LI>Max Depth = 376<LI>Call Chain = DisplayNvmDataChange &rArr; am_util_stdio_printf &rArr; am_util_stdio_vsprintf &rArr; ftoa &rArr; uint64_to_str &rArr; divu64_10
</UL>
<BR>[Calls]<UL><LI><a href="#[e4]">&gt;&gt;</a>&nbsp;&nbsp;&nbsp;am_util_stdio_printf
</UL>
<BR>[Called By]<UL><LI><a href="#[a]">&gt;&gt;</a>&nbsp;&nbsp;&nbsp;OnNvmDataChange
</UL>

<P><STRONG><a name="[ed]"></a>DisplayRxUpdate</STRONG> (Thumb, 314 bytes, Stack size 48 bytes, lmhandlermsgdisplay.o(.text.DisplayRxUpdate))
<BR><BR>[Stack]<UL><LI>Max Depth = 424<LI>Call Chain = DisplayRxUpdate &rArr; PrintHexBuffer &rArr; am_util_stdio_printf &rArr; am_util_stdio_vsprintf &rArr; ftoa &rArr; uint64_to_str &rArr; divu64_10
</UL>
<BR>[Calls]<UL><LI><a href="#[e4]">&gt;&gt;</a>&nbsp;&nbsp;&nbsp;am_util_stdio_printf
<LI><a href="#[e6]">&gt;&gt;</a>&nbsp;&nbsp;&nbsp;PrintHexBuffer
</UL>
<BR>[Called By]<UL><LI><a href="#[10]">&gt;&gt;</a>&nbsp;&nbsp;&nbsp;OnRxData
</UL>

<P><STRONG><a name="[ee]"></a>DisplayTxUpdate</STRONG> (Thumb, 562 bytes, Stack size 64 bytes, lmhandlermsgdisplay.o(.text.DisplayTxUpdate))
<BR><BR>[Stack]<UL><LI>Max Depth = 440<LI>Call Chain = DisplayTxUpdate &rArr; PrintHexBuffer &rArr; am_util_stdio_printf &rArr; am_util_stdio_vsprintf &rArr; ftoa &rArr; uint64_to_str &rArr; divu64_10
</UL>
<BR>[Calls]<UL><LI><a href="#[e4]">&gt;&gt;</a>&nbsp;&nbsp;&nbsp;am_util_stdio_printf
<LI><a href="#[f0]">&gt;&gt;</a>&nbsp;&nbsp;&nbsp;LoRaMacMibGetRequestConfirm
<LI><a href="#[f1]">&gt;&gt;</a>&nbsp;&nbsp;&nbsp;LmHandlerGetActiveRegion
<LI><a href="#[ef]">&gt;&gt;</a>&nbsp;&nbsp;&nbsp;LmHandlerGetCurrentClass
<LI><a href="#[e6]">&gt;&gt;</a>&nbsp;&nbsp;&nbsp;PrintHexBuffer
</UL>
<BR>[Called By]<UL><LI><a href="#[f]">&gt;&gt;</a>&nbsp;&nbsp;&nbsp;OnTxData
</UL>

<P><STRONG><a name="[f2]"></a>EepromMcuReadBuffer</STRONG> (Thumb, 128 bytes, Stack size 24 bytes, eeprom-board.o(.text.EepromMcuReadBuffer))
<BR><BR>[Stack]<UL><LI>Max Depth = 344<LI>Call Chain = EepromMcuReadBuffer &rArr; am_devices_mb85rc64ta_blocking_read &rArr; am_device_command_read &rArr; am_hal_iom_blocking_transfer &rArr; internal_iom_reset_on_error &rArr; am_hal_flash_delay
</UL>
<BR>[Calls]<UL><LI><a href="#[f5]">&gt;&gt;</a>&nbsp;&nbsp;&nbsp;turnOffFram
<LI><a href="#[f3]">&gt;&gt;</a>&nbsp;&nbsp;&nbsp;turnOnFram
<LI><a href="#[f4]">&gt;&gt;</a>&nbsp;&nbsp;&nbsp;am_devices_mb85rc64ta_blocking_read
<LI><a href="#[dc]">&gt;&gt;</a>&nbsp;&nbsp;&nbsp;DelayMs
</UL>
<BR>[Called By]<UL><LI><a href="#[1bf]">&gt;&gt;</a>&nbsp;&nbsp;&nbsp;NvmmRead
</UL>

<P><STRONG><a name="[f6]"></a>EepromMcuWriteBuffer</STRONG> (Thumb, 128 bytes, Stack size 24 bytes, eeprom-board.o(.text.EepromMcuWriteBuffer))
<BR><BR>[Stack]<UL><LI>Max Depth = 344<LI>Call Chain = EepromMcuWriteBuffer &rArr; am_devices_mb85rc64ta_blocking_write &rArr; am_device_command_write &rArr; am_hal_iom_blocking_transfer &rArr; internal_iom_reset_on_error &rArr; am_hal_flash_delay
</UL>
<BR>[Calls]<UL><LI><a href="#[f5]">&gt;&gt;</a>&nbsp;&nbsp;&nbsp;turnOffFram
<LI><a href="#[f3]">&gt;&gt;</a>&nbsp;&nbsp;&nbsp;turnOnFram
<LI><a href="#[f7]">&gt;&gt;</a>&nbsp;&nbsp;&nbsp;am_devices_mb85rc64ta_blocking_write
<LI><a href="#[dc]">&gt;&gt;</a>&nbsp;&nbsp;&nbsp;DelayMs
</UL>
<BR>[Called By]<UL><LI><a href="#[1bd]">&gt;&gt;</a>&nbsp;&nbsp;&nbsp;NvmmReset
<LI><a href="#[1c0]">&gt;&gt;</a>&nbsp;&nbsp;&nbsp;NvmmWrite
</UL>

<P><STRONG><a name="[145]"></a>FragDecoderGetMaxFileSize</STRONG> (Thumb, 6 bytes, Stack size 0 bytes, fragdecoder.o(.text.FragDecoderGetMaxFileSize))
<BR><BR>[Called By]<UL><LI><a href="#[21]">&gt;&gt;</a>&nbsp;&nbsp;&nbsp;LmhpFragmentationOnMcpsIndication
</UL>

<P><STRONG><a name="[144]"></a>FragDecoderGetStatus</STRONG> (Thumb, 24 bytes, Stack size 0 bytes, fragdecoder.o(.text.FragDecoderGetStatus))
<BR><BR>[Called By]<UL><LI><a href="#[21]">&gt;&gt;</a>&nbsp;&nbsp;&nbsp;LmhpFragmentationOnMcpsIndication
</UL>

<P><STRONG><a name="[146]"></a>FragDecoderInit</STRONG> (Thumb, 296 bytes, Stack size 40 bytes, fragdecoder.o(.text.FragDecoderInit))
<BR><BR>[Stack]<UL><LI>Max Depth = 40<LI>Call Chain = FragDecoderInit
</UL>
<BR>[Called By]<UL><LI><a href="#[21]">&gt;&gt;</a>&nbsp;&nbsp;&nbsp;LmhpFragmentationOnMcpsIndication
</UL>

<P><STRONG><a name="[fa]"></a>FragDecoderProcess</STRONG> (Thumb, 1086 bytes, Stack size 168 bytes, fragdecoder.o(.text.FragDecoderProcess))
<BR><BR>[Stack]<UL><LI>Max Depth = 220<LI>Call Chain = FragDecoderProcess &rArr; XorParityLine &rArr; SetParity
</UL>
<BR>[Calls]<UL><LI><a href="#[a7]">&gt;&gt;</a>&nbsp;&nbsp;&nbsp;memset1
<LI><a href="#[104]">&gt;&gt;</a>&nbsp;&nbsp;&nbsp;FragPushLineToBinaryMatrix
<LI><a href="#[b5]">&gt;&gt;</a>&nbsp;&nbsp;&nbsp;BitArrayIsAllZeros
<LI><a href="#[103]">&gt;&gt;</a>&nbsp;&nbsp;&nbsp;FragFindMissingIndex
<LI><a href="#[102]">&gt;&gt;</a>&nbsp;&nbsp;&nbsp;XorParityLine
<LI><a href="#[101]">&gt;&gt;</a>&nbsp;&nbsp;&nbsp;FragExtractLineFromBinaryMatrix
<LI><a href="#[b3]">&gt;&gt;</a>&nbsp;&nbsp;&nbsp;BitArrayFindFirstOne
<LI><a href="#[100]">&gt;&gt;</a>&nbsp;&nbsp;&nbsp;XorDataLine
<LI><a href="#[ff]">&gt;&gt;</a>&nbsp;&nbsp;&nbsp;GetRow
<LI><a href="#[fe]">&gt;&gt;</a>&nbsp;&nbsp;&nbsp;SetParity
<LI><a href="#[b4]">&gt;&gt;</a>&nbsp;&nbsp;&nbsp;GetParity
<LI><a href="#[fd]">&gt;&gt;</a>&nbsp;&nbsp;&nbsp;FragGetParityMatrixRow
<LI><a href="#[fc]">&gt;&gt;</a>&nbsp;&nbsp;&nbsp;FragFindMissingFrags
<LI><a href="#[fb]">&gt;&gt;</a>&nbsp;&nbsp;&nbsp;SetRow
</UL>
<BR>[Called By]<UL><LI><a href="#[21]">&gt;&gt;</a>&nbsp;&nbsp;&nbsp;LmhpFragmentationOnMcpsIndication
</UL>

<P><STRONG><a name="[29]"></a>HardFault_Handler</STRONG> (Thumb, 26 bytes, Stack size 0 bytes, am_util_faultisr.o(.text.HardFault_Handler))
<BR><BR>[Stack]<UL><LI>Max Depth = 144<LI>Call Chain = HardFault_Handler &rArr; am_util_faultisr_collect_data &rArr; am_hal_mcuctrl_info_get &rArr; mcuctrl_fault_status
</UL>
<BR>[Calls]<UL><LI><a href="#[11b]">&gt;&gt;</a>&nbsp;&nbsp;&nbsp;am_util_faultisr_collect_data
</UL>
<BR>[Address Reference Count : 1]<UL><LI> startup_apollo3.o(RESET)
</UL>
<P><STRONG><a name="[1d8]"></a>JalapenosLppAddBusVoltage</STRONG> (Thumb, 160 bytes, Stack size 16 bytes, jalapenoslpp.o(.text.JalapenosLppAddBusVoltage))
<BR><BR>[Stack]<UL><LI>Max Depth = 16<LI>Call Chain = JalapenosLppAddBusVoltage
</UL>
<BR>[Called By]<UL><LI><a href="#[1d1]">&gt;&gt;</a>&nbsp;&nbsp;&nbsp;PrepareTxFrame
</UL>

<P><STRONG><a name="[1da]"></a>JalapenosLppAddCapVoltage</STRONG> (Thumb, 160 bytes, Stack size 16 bytes, jalapenoslpp.o(.text.JalapenosLppAddCapVoltage))
<BR><BR>[Stack]<UL><LI>Max Depth = 16<LI>Call Chain = JalapenosLppAddCapVoltage
</UL>
<BR>[Called By]<UL><LI><a href="#[1d1]">&gt;&gt;</a>&nbsp;&nbsp;&nbsp;PrepareTxFrame
</UL>

<P><STRONG><a name="[1d9]"></a>JalapenosLppAddCurrent</STRONG> (Thumb, 160 bytes, Stack size 16 bytes, jalapenoslpp.o(.text.JalapenosLppAddCurrent))
<BR><BR>[Stack]<UL><LI>Max Depth = 16<LI>Call Chain = JalapenosLppAddCurrent
</UL>
<BR>[Called By]<UL><LI><a href="#[1d1]">&gt;&gt;</a>&nbsp;&nbsp;&nbsp;PrepareTxFrame
</UL>

<P><STRONG><a name="[1d4]"></a>JalapenosLppAddPAR</STRONG> (Thumb, 160 bytes, Stack size 16 bytes, jalapenoslpp.o(.text.JalapenosLppAddPAR))
<BR><BR>[Stack]<UL><LI>Max Depth = 16<LI>Call Chain = JalapenosLppAddPAR
</UL>
<BR>[Called By]<UL><LI><a href="#[1d1]">&gt;&gt;</a>&nbsp;&nbsp;&nbsp;PrepareTxFrame
</UL>

<P><STRONG><a name="[1d6]"></a>JalapenosLppAddRelativeHumidity</STRONG> (Thumb, 160 bytes, Stack size 16 bytes, jalapenoslpp.o(.text.JalapenosLppAddRelativeHumidity))
<BR><BR>[Stack]<UL><LI>Max Depth = 16<LI>Call Chain = JalapenosLppAddRelativeHumidity
</UL>
<BR>[Called By]<UL><LI><a href="#[1d1]">&gt;&gt;</a>&nbsp;&nbsp;&nbsp;PrepareTxFrame
</UL>

<P><STRONG><a name="[1d7]"></a>JalapenosLppAddShuntVoltage</STRONG> (Thumb, 160 bytes, Stack size 16 bytes, jalapenoslpp.o(.text.JalapenosLppAddShuntVoltage))
<BR><BR>[Stack]<UL><LI>Max Depth = 16<LI>Call Chain = JalapenosLppAddShuntVoltage
</UL>
<BR>[Called By]<UL><LI><a href="#[1d1]">&gt;&gt;</a>&nbsp;&nbsp;&nbsp;PrepareTxFrame
</UL>

<P><STRONG><a name="[1d5]"></a>JalapenosLppAddTemperature</STRONG> (Thumb, 160 bytes, Stack size 16 bytes, jalapenoslpp.o(.text.JalapenosLppAddTemperature))
<BR><BR>[Stack]<UL><LI>Max Depth = 16<LI>Call Chain = JalapenosLppAddTemperature
</UL>
<BR>[Called By]<UL><LI><a href="#[1d1]">&gt;&gt;</a>&nbsp;&nbsp;&nbsp;PrepareTxFrame
</UL>

<P><STRONG><a name="[1db]"></a>JalapenosLppAddTimestamp</STRONG> (Thumb, 152 bytes, Stack size 12 bytes, jalapenoslpp.o(.text.JalapenosLppAddTimestamp))
<BR><BR>[Stack]<UL><LI>Max Depth = 12<LI>Call Chain = JalapenosLppAddTimestamp
</UL>
<BR>[Called By]<UL><LI><a href="#[1d1]">&gt;&gt;</a>&nbsp;&nbsp;&nbsp;PrepareTxFrame
</UL>

<P><STRONG><a name="[11c]"></a>JalapenosLppCopy</STRONG> (Thumb, 40 bytes, Stack size 16 bytes, jalapenoslpp.o(.text.JalapenosLppCopy))
<BR><BR>[Stack]<UL><LI>Max Depth = 28<LI>Call Chain = JalapenosLppCopy &rArr; memcpy1
</UL>
<BR>[Calls]<UL><LI><a href="#[a9]">&gt;&gt;</a>&nbsp;&nbsp;&nbsp;memcpy1
</UL>
<BR>[Called By]<UL><LI><a href="#[1d1]">&gt;&gt;</a>&nbsp;&nbsp;&nbsp;PrepareTxFrame
</UL>

<P><STRONG><a name="[1dc]"></a>JalapenosLppGetSize</STRONG> (Thumb, 12 bytes, Stack size 0 bytes, jalapenoslpp.o(.text.JalapenosLppGetSize))
<BR><BR>[Called By]<UL><LI><a href="#[1d1]">&gt;&gt;</a>&nbsp;&nbsp;&nbsp;PrepareTxFrame
</UL>

<P><STRONG><a name="[1d3]"></a>JalapenosLppReset</STRONG> (Thumb, 14 bytes, Stack size 0 bytes, jalapenoslpp.o(.text.JalapenosLppReset))
<BR><BR>[Called By]<UL><LI><a href="#[1d1]">&gt;&gt;</a>&nbsp;&nbsp;&nbsp;PrepareTxFrame
</UL>

<P><STRONG><a name="[5a]"></a>LmHandlerDeviceTimeReq</STRONG> (Thumb, 104 bytes, Stack size 32 bytes, lmhandler.o(.text.LmHandlerDeviceTimeReq))
<BR><BR>[Stack]<UL><LI>Max Depth = 984 + Unknown Stack Size
<LI>Call Chain = LmHandlerDeviceTimeReq &rArr; LoRaMacMlmeRequest &rArr; SendReJoinReq &rArr; ScheduleTx &rArr; SendFrameOnChannel &rArr; SecureFrame &rArr; LoRaMacCryptoSecureMessage &rArr; ComputeCmacB1 &rArr; SecureElementComputeAesCmac &rArr; ComputeCmac &rArr; AES_CMAC_Final &rArr; aes_encrypt &rArr; mix_sub_columns &rArr; copy_block
</UL>
<BR>[Calls]<UL><LI><a href="#[120]">&gt;&gt;</a>&nbsp;&nbsp;&nbsp;LoRaMacMlmeRequest
</UL>
<BR>[Called By]<UL><LI><a href="#[1d1]">&gt;&gt;</a>&nbsp;&nbsp;&nbsp;PrepareTxFrame
<LI><a href="#[139]">&gt;&gt;</a>&nbsp;&nbsp;&nbsp;LmHandlerRequestClass
<LI><a href="#[57]">&gt;&gt;</a>&nbsp;&nbsp;&nbsp;MlmeIndication
<LI><a href="#[56]">&gt;&gt;</a>&nbsp;&nbsp;&nbsp;MlmeConfirm
</UL>
<BR>[Address Reference Count : 1]<UL><LI> lmhandler.o(.text.LmHandlerPackageRegister)
</UL>
<P><STRONG><a name="[f1]"></a>LmHandlerGetActiveRegion</STRONG> (Thumb, 14 bytes, Stack size 0 bytes, lmhandler.o(.text.LmHandlerGetActiveRegion))
<BR><BR>[Called By]<UL><LI><a href="#[ee]">&gt;&gt;</a>&nbsp;&nbsp;&nbsp;DisplayTxUpdate
</UL>

<P><STRONG><a name="[ef]"></a>LmHandlerGetCurrentClass</STRONG> (Thumb, 24 bytes, Stack size 48 bytes, lmhandler.o(.text.LmHandlerGetCurrentClass))
<BR><BR>[Stack]<UL><LI>Max Depth = 220<LI>Call Chain = LmHandlerGetCurrentClass &rArr; LoRaMacMibGetRequestConfirm &rArr; RegionGetPhyParam &rArr; RegionEU868GetPhyParam &rArr; RegionCommonGetNextLowerTxDr &rArr; RegionCommonChanVerifyDr &rArr; RegionCommonValueInRange
</UL>
<BR>[Calls]<UL><LI><a href="#[f0]">&gt;&gt;</a>&nbsp;&nbsp;&nbsp;LoRaMacMibGetRequestConfirm
</UL>
<BR>[Called By]<UL><LI><a href="#[ee]">&gt;&gt;</a>&nbsp;&nbsp;&nbsp;DisplayTxUpdate
</UL>

<P><STRONG><a name="[121]"></a>LmHandlerGetCurrentDatarate</STRONG> (Thumb, 24 bytes, Stack size 48 bytes, lmhandler.o(.text.LmHandlerGetCurrentDatarate))
<BR><BR>[Stack]<UL><LI>Max Depth = 220<LI>Call Chain = LmHandlerGetCurrentDatarate &rArr; LoRaMacMibGetRequestConfirm &rArr; RegionGetPhyParam &rArr; RegionEU868GetPhyParam &rArr; RegionCommonGetNextLowerTxDr &rArr; RegionCommonChanVerifyDr &rArr; RegionCommonValueInRange
</UL>
<BR>[Calls]<UL><LI><a href="#[f0]">&gt;&gt;</a>&nbsp;&nbsp;&nbsp;LoRaMacMibGetRequestConfirm
</UL>
<BR>[Called By]<UL><LI><a href="#[56]">&gt;&gt;</a>&nbsp;&nbsp;&nbsp;MlmeConfirm
</UL>

<P><STRONG><a name="[143]"></a>LmHandlerGetDutyCycleWaitTime</STRONG> (Thumb, 12 bytes, Stack size 0 bytes, lmhandler.o(.text.LmHandlerGetDutyCycleWaitTime))
<BR><BR>[Called By]<UL><LI><a href="#[3]">&gt;&gt;</a>&nbsp;&nbsp;&nbsp;LmhpComplianceProcess
</UL>

<P><STRONG><a name="[122]"></a>LmHandlerInit</STRONG> (Thumb, 610 bytes, Stack size 96 bytes, lmhandler.o(.text.LmHandlerInit))
<BR><BR>[Stack]<UL><LI>Max Depth = 708 + Unknown Stack Size
<LI>Call Chain = LmHandlerInit &rArr; LoRaMacInitialization &rArr; SecureElementInit &rArr; memcpy1
</UL>
<BR>[Calls]<UL><LI><a href="#[126]">&gt;&gt;</a>&nbsp;&nbsp;&nbsp;LoRaMacTestSetDutyCycleOn
<LI><a href="#[125]">&gt;&gt;</a>&nbsp;&nbsp;&nbsp;LoRaMacMibSetRequestConfirm
<LI><a href="#[f0]">&gt;&gt;</a>&nbsp;&nbsp;&nbsp;LoRaMacMibGetRequestConfirm
<LI><a href="#[127]">&gt;&gt;</a>&nbsp;&nbsp;&nbsp;LoRaMacStart
<LI><a href="#[123]">&gt;&gt;</a>&nbsp;&nbsp;&nbsp;LoRaMacInitialization
<LI><a href="#[a9]">&gt;&gt;</a>&nbsp;&nbsp;&nbsp;memcpy1
<LI><a href="#[124]">&gt;&gt;</a>&nbsp;&nbsp;&nbsp;NvmDataMgmtRestore
</UL>
<BR>[Called By]<UL><LI><a href="#[320]">&gt;&gt;</a>&nbsp;&nbsp;&nbsp;periodicUplink
</UL>

<P><STRONG><a name="[128]"></a>LmHandlerIsBusy</STRONG> (Thumb, 74 bytes, Stack size 16 bytes, lmhandler.o(.text.LmHandlerIsBusy))
<BR><BR>[Stack]<UL><LI>Max Depth = 1016 + Unknown Stack Size
<LI>Call Chain = LmHandlerIsBusy &rArr; LmHandlerJoin &rArr; LmHandlerJoinRequest &rArr; LoRaMacMlmeRequest &rArr; SendReJoinReq &rArr; ScheduleTx &rArr; SendFrameOnChannel &rArr; SecureFrame &rArr; LoRaMacCryptoSecureMessage &rArr; ComputeCmacB1 &rArr; SecureElementComputeAesCmac &rArr; ComputeCmac &rArr; AES_CMAC_Final &rArr; aes_encrypt &rArr; mix_sub_columns &rArr; copy_block
</UL>
<BR>[Calls]<UL><LI><a href="#[12b]">&gt;&gt;</a>&nbsp;&nbsp;&nbsp;LmHandlerJoin
<LI><a href="#[129]">&gt;&gt;</a>&nbsp;&nbsp;&nbsp;LoRaMacIsBusy
<LI><a href="#[12a]">&gt;&gt;</a>&nbsp;&nbsp;&nbsp;LmHandlerJoinStatus
<LI><a href="#[12c]">&gt;&gt;</a>&nbsp;&nbsp;&nbsp;LmHandlerPackageIsTxPending
</UL>
<BR>[Called By]<UL><LI><a href="#[1d1]">&gt;&gt;</a>&nbsp;&nbsp;&nbsp;PrepareTxFrame
<LI><a href="#[13e]">&gt;&gt;</a>&nbsp;&nbsp;&nbsp;LmhpClockSyncAppTimeReq
</UL>

<P><STRONG><a name="[12b]"></a>LmHandlerJoin</STRONG> (Thumb, 22 bytes, Stack size 8 bytes, lmhandler.o(.text.LmHandlerJoin))
<BR><BR>[Stack]<UL><LI>Max Depth = 1000 + Unknown Stack Size
<LI>Call Chain = LmHandlerJoin &rArr; LmHandlerJoinRequest &rArr; LoRaMacMlmeRequest &rArr; SendReJoinReq &rArr; ScheduleTx &rArr; SendFrameOnChannel &rArr; SecureFrame &rArr; LoRaMacCryptoSecureMessage &rArr; ComputeCmacB1 &rArr; SecureElementComputeAesCmac &rArr; ComputeCmac &rArr; AES_CMAC_Final &rArr; aes_encrypt &rArr; mix_sub_columns &rArr; copy_block
</UL>
<BR>[Calls]<UL><LI><a href="#[59]">&gt;&gt;</a>&nbsp;&nbsp;&nbsp;LmHandlerJoinRequest
</UL>
<BR>[Called By]<UL><LI><a href="#[320]">&gt;&gt;</a>&nbsp;&nbsp;&nbsp;periodicUplink
<LI><a href="#[e]">&gt;&gt;</a>&nbsp;&nbsp;&nbsp;OnJoinRequest
<LI><a href="#[128]">&gt;&gt;</a>&nbsp;&nbsp;&nbsp;LmHandlerIsBusy
</UL>

<P><STRONG><a name="[12a]"></a>LmHandlerJoinStatus</STRONG> (Thumb, 68 bytes, Stack size 56 bytes, lmhandler.o(.text.LmHandlerJoinStatus))
<BR><BR>[Stack]<UL><LI>Max Depth = 228<LI>Call Chain = LmHandlerJoinStatus &rArr; LoRaMacMibGetRequestConfirm &rArr; RegionGetPhyParam &rArr; RegionEU868GetPhyParam &rArr; RegionCommonGetNextLowerTxDr &rArr; RegionCommonChanVerifyDr &rArr; RegionCommonValueInRange
</UL>
<BR>[Calls]<UL><LI><a href="#[f0]">&gt;&gt;</a>&nbsp;&nbsp;&nbsp;LoRaMacMibGetRequestConfirm
</UL>
<BR>[Called By]<UL><LI><a href="#[128]">&gt;&gt;</a>&nbsp;&nbsp;&nbsp;LmHandlerIsBusy
</UL>

<P><STRONG><a name="[133]"></a>LmHandlerPackageIsInitialized</STRONG> (Thumb, 72 bytes, Stack size 16 bytes, lmhandler.o(.text.LmHandlerPackageIsInitialized))
<BR><BR>[Stack]<UL><LI>Max Depth = 16<LI>Call Chain = LmHandlerPackageIsInitialized
</UL>
<BR>[Called By]<UL><LI><a href="#[132]">&gt;&gt;</a>&nbsp;&nbsp;&nbsp;LmHandlerPackagesProcess
</UL>

<P><STRONG><a name="[12d]"></a>LmHandlerPackageRegister</STRONG> (Thumb, 232 bytes, Stack size 24 bytes, lmhandler.o(.text.LmHandlerPackageRegister))
<BR><BR>[Stack]<UL><LI>Max Depth = 24<LI>Call Chain = LmHandlerPackageRegister
</UL>
<BR>[Calls]<UL><LI><a href="#[131]">&gt;&gt;</a>&nbsp;&nbsp;&nbsp;LmhpFragmentationPackageFactory
<LI><a href="#[130]">&gt;&gt;</a>&nbsp;&nbsp;&nbsp;LmhpRemoteMcastSetupPackageFactory
<LI><a href="#[12f]">&gt;&gt;</a>&nbsp;&nbsp;&nbsp;LmphClockSyncPackageFactory
<LI><a href="#[12e]">&gt;&gt;</a>&nbsp;&nbsp;&nbsp;LmphCompliancePackageFactory
</UL>
<BR>[Called By]<UL><LI><a href="#[320]">&gt;&gt;</a>&nbsp;&nbsp;&nbsp;periodicUplink
</UL>

<P><STRONG><a name="[134]"></a>LmHandlerPingSlotReq</STRONG> (Thumb, 164 bytes, Stack size 40 bytes, lmhandler.o(.text.LmHandlerPingSlotReq))
<BR><BR>[Stack]<UL><LI>Max Depth = 1072 + Unknown Stack Size
<LI>Call Chain = LmHandlerPingSlotReq &rArr; LmHandlerSend &rArr; LoRaMacMcpsRequest &rArr; Send &rArr; ScheduleTx &rArr; SendFrameOnChannel &rArr; SecureFrame &rArr; LoRaMacCryptoSecureMessage &rArr; ComputeCmacB1 &rArr; SecureElementComputeAesCmac &rArr; ComputeCmac &rArr; AES_CMAC_Final &rArr; aes_encrypt &rArr; mix_sub_columns &rArr; copy_block
</UL>
<BR>[Calls]<UL><LI><a href="#[135]">&gt;&gt;</a>&nbsp;&nbsp;&nbsp;LmHandlerSend
<LI><a href="#[120]">&gt;&gt;</a>&nbsp;&nbsp;&nbsp;LoRaMacMlmeRequest
</UL>
<BR>[Called By]<UL><LI><a href="#[56]">&gt;&gt;</a>&nbsp;&nbsp;&nbsp;MlmeConfirm
</UL>

<P><STRONG><a name="[136]"></a>LmHandlerProcess</STRONG> (Thumb, 178 bytes, Stack size 24 bytes, lmhandler.o(.text.LmHandlerProcess))
<BR><BR>[Stack]<UL><LI>Max Depth = 1256 + Unknown Stack Size
<LI>Call Chain = LmHandlerProcess &rArr; LoRaMacProcess &rArr; LoRaMacHandleIrqEvents &rArr; ProcessRadioRxDone &rArr; LoRaMacCryptoUnsecureMessage &rArr; VerifyCmacB0 &rArr; SecureElementVerifyAesCmac &rArr; ComputeCmac &rArr; AES_CMAC_Final &rArr; aes_encrypt &rArr; mix_sub_columns &rArr; copy_block
</UL>
<BR>[Calls]<UL><LI><a href="#[135]">&gt;&gt;</a>&nbsp;&nbsp;&nbsp;LmHandlerSend
<LI><a href="#[137]">&gt;&gt;</a>&nbsp;&nbsp;&nbsp;LoRaMacProcess
<LI><a href="#[132]">&gt;&gt;</a>&nbsp;&nbsp;&nbsp;LmHandlerPackagesProcess
<LI><a href="#[12c]">&gt;&gt;</a>&nbsp;&nbsp;&nbsp;LmHandlerPackageIsTxPending
<LI><a href="#[138]">&gt;&gt;</a>&nbsp;&nbsp;&nbsp;NvmDataMgmtStore
</UL>
<BR>[Called By]<UL><LI><a href="#[320]">&gt;&gt;</a>&nbsp;&nbsp;&nbsp;periodicUplink
</UL>

<P><STRONG><a name="[139]"></a>LmHandlerRequestClass</STRONG> (Thumb, 218 bytes, Stack size 64 bytes, lmhandler.o(.text.LmHandlerRequestClass))
<BR><BR>[Stack]<UL><LI>Max Depth = 1048 + Unknown Stack Size
<LI>Call Chain = LmHandlerRequestClass &rArr; LmHandlerDeviceTimeReq &rArr; LoRaMacMlmeRequest &rArr; SendReJoinReq &rArr; ScheduleTx &rArr; SendFrameOnChannel &rArr; SecureFrame &rArr; LoRaMacCryptoSecureMessage &rArr; ComputeCmacB1 &rArr; SecureElementComputeAesCmac &rArr; ComputeCmac &rArr; AES_CMAC_Final &rArr; aes_encrypt &rArr; mix_sub_columns &rArr; copy_block
</UL>
<BR>[Calls]<UL><LI><a href="#[5a]">&gt;&gt;</a>&nbsp;&nbsp;&nbsp;LmHandlerDeviceTimeReq
<LI><a href="#[125]">&gt;&gt;</a>&nbsp;&nbsp;&nbsp;LoRaMacMibSetRequestConfirm
<LI><a href="#[f0]">&gt;&gt;</a>&nbsp;&nbsp;&nbsp;LoRaMacMibGetRequestConfirm
<LI><a href="#[13a]">&gt;&gt;</a>&nbsp;&nbsp;&nbsp;OnClassChangeNotify
</UL>
<BR>[Called By]<UL><LI><a href="#[e]">&gt;&gt;</a>&nbsp;&nbsp;&nbsp;OnJoinRequest
<LI><a href="#[25]">&gt;&gt;</a>&nbsp;&nbsp;&nbsp;LmhpRemoteMcastSetupProcess
<LI><a href="#[3]">&gt;&gt;</a>&nbsp;&nbsp;&nbsp;LmhpComplianceProcess
</UL>

<P><STRONG><a name="[135]"></a>LmHandlerSend</STRONG> (Thumb, 244 bytes, Stack size 48 bytes, lmhandler.o(.text.LmHandlerSend))
<BR><BR>[Stack]<UL><LI>Max Depth = 1032 + Unknown Stack Size
<LI>Call Chain = LmHandlerSend &rArr; LoRaMacMcpsRequest &rArr; Send &rArr; ScheduleTx &rArr; SendFrameOnChannel &rArr; SecureFrame &rArr; LoRaMacCryptoSecureMessage &rArr; ComputeCmacB1 &rArr; SecureElementComputeAesCmac &rArr; ComputeCmac &rArr; AES_CMAC_Final &rArr; aes_encrypt &rArr; mix_sub_columns &rArr; copy_block
</UL>
<BR>[Calls]<UL><LI><a href="#[13c]">&gt;&gt;</a>&nbsp;&nbsp;&nbsp;LoRaMacMcpsRequest
<LI><a href="#[13b]">&gt;&gt;</a>&nbsp;&nbsp;&nbsp;LoRaMacQueryTxPossible
</UL>
<BR>[Called By]<UL><LI><a href="#[11]">&gt;&gt;</a>&nbsp;&nbsp;&nbsp;OnClassChange
<LI><a href="#[1d1]">&gt;&gt;</a>&nbsp;&nbsp;&nbsp;PrepareTxFrame
<LI><a href="#[13e]">&gt;&gt;</a>&nbsp;&nbsp;&nbsp;LmhpClockSyncAppTimeReq
<LI><a href="#[136]">&gt;&gt;</a>&nbsp;&nbsp;&nbsp;LmHandlerProcess
<LI><a href="#[26]">&gt;&gt;</a>&nbsp;&nbsp;&nbsp;LmhpRemoteMcastSetupOnMcpsIndication
<LI><a href="#[21]">&gt;&gt;</a>&nbsp;&nbsp;&nbsp;LmhpFragmentationOnMcpsIndication
<LI><a href="#[20]">&gt;&gt;</a>&nbsp;&nbsp;&nbsp;LmhpFragmentationProcess
<LI><a href="#[3]">&gt;&gt;</a>&nbsp;&nbsp;&nbsp;LmhpComplianceProcess
<LI><a href="#[19]">&gt;&gt;</a>&nbsp;&nbsp;&nbsp;LmhpClockSyncOnMcpsIndication
<LI><a href="#[134]">&gt;&gt;</a>&nbsp;&nbsp;&nbsp;LmHandlerPingSlotReq
</UL>

<P><STRONG><a name="[13d]"></a>LmHandlerSetSystemMaxRxError</STRONG> (Thumb, 50 bytes, Stack size 56 bytes, lmhandler.o(.text.LmHandlerSetSystemMaxRxError))
[...]
</UL>
<BR>[Called By]<UL><LI><a href="#[fa]">&gt;&gt;</a>&nbsp;&nbsp;&nbsp;FragDecoderProcess
</UL>

<P><STRONG><a name="[101]"></a>FragExtractLineFromBinaryMatrix</STRONG> (Thumb, 250 bytes, Stack size 32 bytes, fragdecoder.o(.text.FragExtractLineFromBinaryMatrix))
<BR><BR>[Stack]<UL><LI>Max Depth = 44<LI>Call Chain = FragExtractLineFromBinaryMatrix &rArr; SetParity
</UL>
<BR>[Calls]<UL><LI><a href="#[fe]">&gt;&gt;</a>&nbsp;&nbsp;&nbsp;SetParity
</UL>
<BR>[Called By]<UL><LI><a href="#[fa]">&gt;&gt;</a>&nbsp;&nbsp;&nbsp;FragDecoderProcess
</UL>

<P><STRONG><a name="[102]"></a>XorParityLine</STRONG> (Thumb, 80 bytes, Stack size 40 bytes, fragdecoder.o(.text.XorParityLine))
<BR><BR>[Stack]<UL><LI>Max Depth = 52<LI>Call Chain = XorParityLine &rArr; SetParity
</UL>
<BR>[Calls]<UL><LI><a href="#[fe]">&gt;&gt;</a>&nbsp;&nbsp;&nbsp;SetParity
<LI><a href="#[b4]">&gt;&gt;</a>&nbsp;&nbsp;&nbsp;GetParity
</UL>
<BR>[Called By]<UL><LI><a href="#[fa]">&gt;&gt;</a>&nbsp;&nbsp;&nbsp;FragDecoderProcess
</UL>

<P><STRONG><a name="[103]"></a>FragFindMissingIndex</STRONG> (Thumb, 104 bytes, Stack size 8 bytes, fragdecoder.o(.text.FragFindMissingIndex))
<BR><BR>[Stack]<UL><LI>Max Depth = 8<LI>Call Chain = FragFindMissingIndex
</UL>
<BR>[Called By]<UL><LI><a href="#[fa]">&gt;&gt;</a>&nbsp;&nbsp;&nbsp;FragDecoderProcess
</UL>

<P><STRONG><a name="[b5]"></a>BitArrayIsAllZeros</STRONG> (Thumb, 86 bytes, Stack size 24 bytes, fragdecoder.o(.text.BitArrayIsAllZeros))
<BR><BR>[Stack]<UL><LI>Max Depth = 36<LI>Call Chain = BitArrayIsAllZeros &rArr; GetParity
</UL>
<BR>[Calls]<UL><LI><a href="#[b4]">&gt;&gt;</a>&nbsp;&nbsp;&nbsp;GetParity
</UL>
<BR>[Called By]<UL><LI><a href="#[fa]">&gt;&gt;</a>&nbsp;&nbsp;&nbsp;FragDecoderProcess
</UL>

<P><STRONG><a name="[104]"></a>FragPushLineToBinaryMatrix</STRONG> (Thumb, 202 bytes, Stack size 32 bytes, fragdecoder.o(.text.FragPushLineToBinaryMatrix))
<BR><BR>[Stack]<UL><LI>Max Depth = 44<LI>Call Chain = FragPushLineToBinaryMatrix &rArr; GetParity
</UL>
<BR>[Calls]<UL><LI><a href="#[b4]">&gt;&gt;</a>&nbsp;&nbsp;&nbsp;GetParity
</UL>
<BR>[Called By]<UL><LI><a href="#[fa]">&gt;&gt;</a>&nbsp;&nbsp;&nbsp;FragDecoderProcess
</UL>

<P><STRONG><a name="[105]"></a>IsPowerOfTwo</STRONG> (Thumb, 100 bytes, Stack size 12 bytes, fragdecoder.o(.text.IsPowerOfTwo))
<BR><BR>[Stack]<UL><LI>Max Depth = 12<LI>Call Chain = IsPowerOfTwo
</UL>
<BR>[Called By]<UL><LI><a href="#[fd]">&gt;&gt;</a>&nbsp;&nbsp;&nbsp;FragGetParityMatrixRow
</UL>

<P><STRONG><a name="[106]"></a>FragPrbs23</STRONG> (Thumb, 38 bytes, Stack size 12 bytes, fragdecoder.o(.text.FragPrbs23))
<BR><BR>[Stack]<UL><LI>Max Depth = 12<LI>Call Chain = FragPrbs23
</UL>
<BR>[Called By]<UL><LI><a href="#[fd]">&gt;&gt;</a>&nbsp;&nbsp;&nbsp;FragGetParityMatrixRow
</UL>

<P><STRONG><a name="[14]"></a>LmhpClockSyncInit</STRONG> (Thumb, 70 bytes, Stack size 12 bytes, lmhpclocksync.o(.text.LmhpClockSyncInit))
<BR><BR>[Stack]<UL><LI>Max Depth = 12<LI>Call Chain = LmhpClockSyncInit
</UL>
<BR>[Address Reference Count : 1]<UL><LI> lmhpclocksync.o(.data.LmhpClockSyncPackage)
</UL>
<P><STRONG><a name="[15]"></a>LmhpClockSyncIsInitialized</STRONG> (Thumb, 16 bytes, Stack size 0 bytes, lmhpclocksync.o(.text.LmhpClockSyncIsInitialized))
<BR>[Address Reference Count : 1]<UL><LI> lmhpclocksync.o(.data.LmhpClockSyncPackage)
</UL>
<P><STRONG><a name="[16]"></a>LmhpClockSyncIsTxPending</STRONG> (Thumb, 16 bytes, Stack size 0 bytes, lmhpclocksync.o(.text.LmhpClockSyncIsTxPending))
<BR>[Address Reference Count : 1]<UL><LI> lmhpclocksync.o(.data.LmhpClockSyncPackage)
</UL>
<P><STRONG><a name="[17]"></a>LmhpClockSyncProcess</STRONG> (Thumb, 46 bytes, Stack size 8 bytes, lmhpclocksync.o(.text.LmhpClockSyncProcess))
<BR><BR>[Stack]<UL><LI>Max Depth = 1128 + Unknown Stack Size
<LI>Call Chain = LmhpClockSyncProcess &rArr; LmhpClockSyncAppTimeReq &rArr; LmHandlerSend &rArr; LoRaMacMcpsRequest &rArr; Send &rArr; ScheduleTx &rArr; SendFrameOnChannel &rArr; SecureFrame &rArr; LoRaMacCryptoSecureMessage &rArr; ComputeCmacB1 &rArr; SecureElementComputeAesCmac &rArr; ComputeCmac &rArr; AES_CMAC_Final &rArr; aes_encrypt &rArr; mix_sub_columns &rArr; copy_block
</UL>
<BR>[Calls]<UL><LI><a href="#[13e]">&gt;&gt;</a>&nbsp;&nbsp;&nbsp;LmhpClockSyncAppTimeReq
</UL>
<BR>[Address Reference Count : 1]<UL><LI> lmhpclocksync.o(.data.LmhpClockSyncPackage)
</UL>
<P><STRONG><a name="[18]"></a>LmhpClockSyncOnMcpsConfirm</STRONG> (Thumb, 108 bytes, Stack size 64 bytes, lmhpclocksync.o(.text.LmhpClockSyncOnMcpsConfirm))
<BR><BR>[Stack]<UL><LI>Max Depth = 640<LI>Call Chain = LmhpClockSyncOnMcpsConfirm &rArr; LoRaMacMibSetRequestConfirm &rArr; LoRaMacCryptoSetKey &rArr; LoRaMacCryptoDeriveMcKEKey &rArr; SecureElementDeriveAndStoreKey &rArr; SecureElementSetKey &rArr; SecureElementAesEncrypt &rArr; aes_encrypt &rArr; mix_sub_columns &rArr; copy_block
</UL>
<BR>[Calls]<UL><LI><a href="#[125]">&gt;&gt;</a>&nbsp;&nbsp;&nbsp;LoRaMacMibSetRequestConfirm
</UL>
<BR>[Address Reference Count : 1]<UL><LI> lmhpclocksync.o(.data.LmhpClockSyncPackage)
</UL>
<P><STRONG><a name="[19]"></a>LmhpClockSyncOnMcpsIndication</STRONG> (Thumb, 676 bytes, Stack size 72 bytes, lmhpclocksync.o(.text.LmhpClockSyncOnMcpsIndication))
<BR><BR>[Stack]<UL><LI>Max Depth = 1104 + Unknown Stack Size
<LI>Call Chain = LmhpClockSyncOnMcpsIndication &rArr; LmHandlerSend &rArr; LoRaMacMcpsRequest &rArr; Send &rArr; ScheduleTx &rArr; SendFrameOnChannel &rArr; SecureFrame &rArr; LoRaMacCryptoSecureMessage &rArr; ComputeCmacB1 &rArr; SecureElementComputeAesCmac &rArr; ComputeCmac &rArr; AES_CMAC_Final &rArr; aes_encrypt &rArr; mix_sub_columns &rArr; copy_block
</UL>
<BR>[Calls]<UL><LI><a href="#[13f]">&gt;&gt;</a>&nbsp;&nbsp;&nbsp;SysTimeGet
<LI><a href="#[135]">&gt;&gt;</a>&nbsp;&nbsp;&nbsp;LmHandlerSend
<LI><a href="#[140]">&gt;&gt;</a>&nbsp;&nbsp;&nbsp;SysTimeSet
</UL>
<BR>[Address Reference Count : 1]<UL><LI> lmhpclocksync.o(.data.LmhpClockSyncPackage)
</UL>
<P><STRONG><a name="[0]"></a>LmhpComplianceInit</STRONG> (Thumb, 124 bytes, Stack size 32 bytes, lmhpcompliance.o(.text.LmhpComplianceInit))
<BR><BR>[Stack]<UL><LI>Max Depth = 48<LI>Call Chain = LmhpComplianceInit &rArr; ClassBStatusReset &rArr; memset1
</UL>
<BR>[Calls]<UL><LI><a href="#[d1]">&gt;&gt;</a>&nbsp;&nbsp;&nbsp;ClassBStatusReset
</UL>
<BR>[Address Reference Count : 1]<UL><LI> lmhpcompliance.o(.data.CompliancePackage)
</UL>
<P><STRONG><a name="[d1]"></a>ClassBStatusReset</STRONG> (Thumb, 22 bytes, Stack size 8 bytes, lmhpcompliance.o(.text.ClassBStatusReset))
<BR><BR>[Stack]<UL><LI>Max Depth = 16<LI>Call Chain = ClassBStatusReset &rArr; memset1
</UL>
<BR>[Calls]<UL><LI><a href="#[a7]">&gt;&gt;</a>&nbsp;&nbsp;&nbsp;memset1
</UL>
<BR>[Called By]<UL><LI><a href="#[6]">&gt;&gt;</a>&nbsp;&nbsp;&nbsp;LmhpComplianceOnMlmeIndication
<LI><a href="#[5]">&gt;&gt;</a>&nbsp;&nbsp;&nbsp;LmhpComplianceOnMlmeConfirm
<LI><a href="#[0]">&gt;&gt;</a>&nbsp;&nbsp;&nbsp;LmhpComplianceInit
</UL>

<P><STRONG><a name="[1]"></a>LmhpComplianceIsInitialized</STRONG> (Thumb, 16 bytes, Stack size 0 bytes, lmhpcompliance.o(.text.LmhpComplianceIsInitialized))
<BR>[Address Reference Count : 1]<UL><LI> lmhpcompliance.o(.data.CompliancePackage)
</UL>
<P><STRONG><a name="[2]"></a>LmhpComplianceIsTxPending</STRONG> (Thumb, 16 bytes, Stack size 0 bytes, lmhpcompliance.o(.text.LmhpComplianceIsTxPending))
<BR>[Address Reference Count : 1]<UL><LI> lmhpcompliance.o(.data.CompliancePackage)
</UL>
<P><STRONG><a name="[3]"></a>LmhpComplianceProcess</STRONG> (Thumb, 244 bytes, Stack size 32 bytes, lmhpcompliance.o(.text.LmhpComplianceProcess))
<BR><BR>[Stack]<UL><LI>Max Depth = 1080 + Unknown Stack Size
<LI>Call Chain = LmhpComplianceProcess &rArr; LmHandlerRequestClass &rArr; LmHandlerDeviceTimeReq &rArr; LoRaMacMlmeRequest &rArr; SendReJoinReq &rArr; ScheduleTx &rArr; SendFrameOnChannel &rArr; SecureFrame &rArr; LoRaMacCryptoSecureMessage &rArr; ComputeCmacB1 &rArr; SecureElementComputeAesCmac &rArr; ComputeCmac &rArr; AES_CMAC_Final &rArr; aes_encrypt &rArr; mix_sub_columns &rArr; copy_block
</UL>
<BR>[Calls]<UL><LI><a href="#[139]">&gt;&gt;</a>&nbsp;&nbsp;&nbsp;LmHandlerRequestClass
<LI><a href="#[135]">&gt;&gt;</a>&nbsp;&nbsp;&nbsp;LmHandlerSend
<LI><a href="#[142]">&gt;&gt;</a>&nbsp;&nbsp;&nbsp;TimerGetCurrentTime
<LI><a href="#[c5]">&gt;&gt;</a>&nbsp;&nbsp;&nbsp;BoardResetMcu
<LI><a href="#[143]">&gt;&gt;</a>&nbsp;&nbsp;&nbsp;LmHandlerGetDutyCycleWaitTime
</UL>
<BR>[Address Reference Count : 1]<UL><LI> lmhpcompliance.o(.data.CompliancePackage)
</UL>
<P><STRONG><a name="[4]"></a>LmhpComplianceOnMcpsIndication</STRONG> (Thumb, 1796 bytes, Stack size 280 bytes, lmhpcompliance.o(.text.LmhpComplianceOnMcpsIndication))
<BR><BR>[Stack]<UL><LI>Max Depth = 1232 + Unknown Stack Size
<LI>Call Chain = LmhpComplianceOnMcpsIndication &rArr; LoRaMacMlmeRequest &rArr; SendReJoinReq &rArr; ScheduleTx &rArr; SendFrameOnChannel &rArr; SecureFrame &rArr; LoRaMacCryptoSecureMessage &rArr; ComputeCmacB1 &rArr; SecureElementComputeAesCmac &rArr; ComputeCmac &rArr; AES_CMAC_Final &rArr; aes_encrypt &rArr; mix_sub_columns &rArr; copy_block
</UL>
<BR>[Calls]<UL><LI><a href="#[126]">&gt;&gt;</a>&nbsp;&nbsp;&nbsp;LoRaMacTestSetDutyCycleOn
<LI><a href="#[125]">&gt;&gt;</a>&nbsp;&nbsp;&nbsp;LoRaMacMibSetRequestConfirm
<LI><a href="#[f0]">&gt;&gt;</a>&nbsp;&nbsp;&nbsp;LoRaMacMibGetRequestConfirm
<LI><a href="#[120]">&gt;&gt;</a>&nbsp;&nbsp;&nbsp;LoRaMacMlmeRequest
</UL>
<BR>[Address Reference Count : 1]<UL><LI> lmhpcompliance.o(.data.CompliancePackage)
</UL>
<P><STRONG><a name="[5]"></a>LmhpComplianceOnMlmeConfirm</STRONG> (Thumb, 64 bytes, Stack size 16 bytes, lmhpcompliance.o(.text.LmhpComplianceOnMlmeConfirm))
<BR><BR>[Stack]<UL><LI>Max Depth = 32<LI>Call Chain = LmhpComplianceOnMlmeConfirm &rArr; ClassBStatusReset &rArr; memset1
</UL>
<BR>[Calls]<UL><LI><a href="#[d1]">&gt;&gt;</a>&nbsp;&nbsp;&nbsp;ClassBStatusReset
</UL>
<BR>[Address Reference Count : 1]<UL><LI> lmhpcompliance.o(.data.CompliancePackage)
</UL>
<P><STRONG><a name="[6]"></a>LmhpComplianceOnMlmeIndication</STRONG> (Thumb, 192 bytes, Stack size 32 bytes, lmhpcompliance.o(.text.LmhpComplianceOnMlmeIndication))
<BR><BR>[Stack]<UL><LI>Max Depth = 48<LI>Call Chain = LmhpComplianceOnMlmeIndication &rArr; ClassBStatusReset &rArr; memset1
</UL>
<BR>[Calls]<UL><LI><a href="#[141]">&gt;&gt;</a>&nbsp;&nbsp;&nbsp;SendBeaconRxStatusInd
<LI><a href="#[d1]">&gt;&gt;</a>&nbsp;&nbsp;&nbsp;ClassBStatusReset
</UL>
<BR>[Address Reference Count : 1]<UL><LI> lmhpcompliance.o(.data.CompliancePackage)
</UL>
<P><STRONG><a name="[141]"></a>SendBeaconRxStatusInd</STRONG> (Thumb, 458 bytes, Stack size 12 bytes, lmhpcompliance.o(.text.SendBeaconRxStatusInd))
<BR><BR>[Stack]<UL><LI>Max Depth = 12<LI>Call Chain = SendBeaconRxStatusInd
</UL>
<BR>[Called By]<UL><LI><a href="#[6]">&gt;&gt;</a>&nbsp;&nbsp;&nbsp;LmhpComplianceOnMlmeIndication
</UL>

<P><STRONG><a name="[1d]"></a>LmhpFragmentationInit</STRONG> (Thumb, 132 bytes, Stack size 24 bytes, lmhpfragmentation.o(.text.LmhpFragmentationInit))
<BR><BR>[Stack]<UL><LI>Max Depth = 32<LI>Call Chain = LmhpFragmentationInit &rArr; TimerInit
</UL>
<BR>[Calls]<UL><LI><a href="#[af]">&gt;&gt;</a>&nbsp;&nbsp;&nbsp;TimerInit
</UL>
<BR>[Address Reference Count : 1]<UL><LI> lmhpfragmentation.o(.data.LmhpFragmentationPackage)
</UL>
<P><STRONG><a name="[5b]"></a>OnFragmentTxDelay</STRONG> (Thumb, 34 bytes, Stack size 16 bytes, lmhpfragmentation.o(.text.OnFragmentTxDelay))
<BR><BR>[Stack]<UL><LI>Max Depth = 228<LI>Call Chain = OnFragmentTxDelay &rArr; TimerStop &rArr; TimerSetTimeout &rArr; RtcSetAlarm &rArr; RtcStartAlarm &rArr; RtcSetTimerContext &rArr; RtcGetCalendarValue &rArr; am_hal_rtc_time_get &rArr; bcd_to_dec
</UL>
<BR>[Calls]<UL><LI><a href="#[b0]">&gt;&gt;</a>&nbsp;&nbsp;&nbsp;TimerStop
</UL>
<BR>[Address Reference Count : 1]<UL><LI> lmhpfragmentation.o(.text.LmhpFragmentationInit)
</UL>
<P><STRONG><a name="[1e]"></a>LmhpFragmentationIsInitialized</STRONG> (Thumb, 16 bytes, Stack size 0 bytes, lmhpfragmentation.o(.text.LmhpFragmentationIsInitialized))
<BR>[Address Reference Count : 1]<UL><LI> lmhpfragmentation.o(.data.LmhpFragmentationPackage)
</UL>
<P><STRONG><a name="[1f]"></a>LmhpFragmentationIsTxPending</STRONG> (Thumb, 16 bytes, Stack size 0 bytes, lmhpfragmentation.o(.text.LmhpFragmentationIsTxPending))
<BR>[Address Reference Count : 1]<UL><LI> lmhpfragmentation.o(.data.LmhpFragmentationPackage)
</UL>
<P><STRONG><a name="[20]"></a>LmhpFragmentationProcess</STRONG> (Thumb, 120 bytes, Stack size 32 bytes, lmhpfragmentation.o(.text.LmhpFragmentationProcess))
<BR><BR>[Stack]<UL><LI>Max Depth = 1064 + Unknown Stack Size
<LI>Call Chain = LmhpFragmentationProcess &rArr; LmHandlerSend &rArr; LoRaMacMcpsRequest &rArr; Send &rArr; ScheduleTx &rArr; SendFrameOnChannel &rArr; SecureFrame &rArr; LoRaMacCryptoSecureMessage &rArr; ComputeCmacB1 &rArr; SecureElementComputeAesCmac &rArr; ComputeCmac &rArr; AES_CMAC_Final &rArr; aes_encrypt &rArr; mix_sub_columns &rArr; copy_block
</UL>
<BR>[Calls]<UL><LI><a href="#[135]">&gt;&gt;</a>&nbsp;&nbsp;&nbsp;LmHandlerSend
<LI><a href="#[b2]">&gt;&gt;</a>&nbsp;&nbsp;&nbsp;TimerStart
<LI><a href="#[148]">&gt;&gt;</a>&nbsp;&nbsp;&nbsp;BoardCriticalSectionEnd
<LI><a href="#[c6]">&gt;&gt;</a>&nbsp;&nbsp;&nbsp;BoardCriticalSectionBegin
<LI><a href="#[b1]">&gt;&gt;</a>&nbsp;&nbsp;&nbsp;TimerSetValue
</UL>
<BR>[Address Reference Count : 1]<UL><LI> lmhpfragmentation.o(.data.LmhpFragmentationPackage)
</UL>
<P><STRONG><a name="[21]"></a>LmhpFragmentationOnMcpsIndication</STRONG> (Thumb, 1784 bytes, Stack size 104 bytes, lmhpfragmentation.o(.text.LmhpFragmentationOnMcpsIndication))
<BR><BR>[Stack]<UL><LI>Max Depth = 1136 + Unknown Stack Size
<LI>Call Chain = LmhpFragmentationOnMcpsIndication &rArr; LmHandlerSend &rArr; LoRaMacMcpsRequest &rArr; Send &rArr; ScheduleTx &rArr; SendFrameOnChannel &rArr; SecureFrame &rArr; LoRaMacCryptoSecureMessage &rArr; ComputeCmacB1 &rArr; SecureElementComputeAesCmac &rArr; ComputeCmac &rArr; AES_CMAC_Final &rArr; aes_encrypt &rArr; mix_sub_columns &rArr; copy_block
</UL>
<BR>[Calls]<UL><LI><a href="#[135]">&gt;&gt;</a>&nbsp;&nbsp;&nbsp;LmHandlerSend
<LI><a href="#[147]">&gt;&gt;</a>&nbsp;&nbsp;&nbsp;randr
<LI><a href="#[144]">&gt;&gt;</a>&nbsp;&nbsp;&nbsp;FragDecoderGetStatus
<LI><a href="#[fa]">&gt;&gt;</a>&nbsp;&nbsp;&nbsp;FragDecoderProcess
<LI><a href="#[145]">&gt;&gt;</a>&nbsp;&nbsp;&nbsp;FragDecoderGetMaxFileSize
<LI><a href="#[146]">&gt;&gt;</a>&nbsp;&nbsp;&nbsp;FragDecoderInit
</UL>
<BR>[Address Reference Count : 1]<UL><LI> lmhpfragmentation.o(.data.LmhpFragmentationPackage)
</UL>
<P><STRONG><a name="[22]"></a>LmhpRemoteMcastSetupInit</STRONG> (Thumb, 112 bytes, Stack size 24 bytes, lmhpremotemcastsetup.o(.text.LmhpRemoteMcastSetupInit))
<BR><BR>[Stack]<UL><LI>Max Depth = 32<LI>Call Chain = LmhpRemoteMcastSetupInit &rArr; TimerInit
</UL>
<BR>[Calls]<UL><LI><a href="#[af]">&gt;&gt;</a>&nbsp;&nbsp;&nbsp;TimerInit
</UL>
<BR>[Address Reference Count : 1]<UL><LI> lmhpremotemcastsetup.o(.data.LmhpRemoteMcastSetupPackage)
</UL>
<P><STRONG><a name="[5c]"></a>OnSessionStartTimer</STRONG> (Thumb, 34 bytes, Stack size 16 bytes, lmhpremotemcastsetup.o(.text.OnSessionStartTimer))
<BR><BR>[Stack]<UL><LI>Max Depth = 228<LI>Call Chain = OnSessionStartTimer &rArr; TimerStop &rArr; TimerSetTimeout &rArr; RtcSetAlarm &rArr; RtcStartAlarm &rArr; RtcSetTimerContext &rArr; RtcGetCalendarValue &rArr; am_hal_rtc_time_get &rArr; bcd_to_dec
</UL>
<BR>[Calls]<UL><LI><a href="#[b0]">&gt;&gt;</a>&nbsp;&nbsp;&nbsp;TimerStop
</UL>
<BR>[Address Reference Count : 1]<UL><LI> lmhpremotemcastsetup.o(.text.LmhpRemoteMcastSetupInit)
</UL>
<P><STRONG><a name="[5d]"></a>OnSessionStopTimer</STRONG> (Thumb, 34 bytes, Stack size 16 bytes, lmhpremotemcastsetup.o(.text.OnSessionStopTimer))
<BR><BR>[Stack]<UL><LI>Max Depth = 228<LI>Call Chain = OnSessionStopTimer &rArr; TimerStop &rArr; TimerSetTimeout &rArr; RtcSetAlarm &rArr; RtcStartAlarm &rArr; RtcSetTimerContext &rArr; RtcGetCalendarValue &rArr; am_hal_rtc_time_get &rArr; bcd_to_dec
</UL>
<BR>[Calls]<UL><LI><a href="#[b0]">&gt;&gt;</a>&nbsp;&nbsp;&nbsp;TimerStop
</UL>
<BR>[Address Reference Count : 1]<UL><LI> lmhpremotemcastsetup.o(.text.LmhpRemoteMcastSetupInit)
</UL>
<P><STRONG><a name="[23]"></a>LmhpRemoteMcastSetupIsInitialized</STRONG> (Thumb, 16 bytes, Stack size 0 bytes, lmhpremotemcastsetup.o(.text.LmhpRemoteMcastSetupIsInitialized))
<BR>[Address Reference Count : 1]<UL><LI> lmhpremotemcastsetup.o(.data.LmhpRemoteMcastSetupPackage)
</UL>
<P><STRONG><a name="[24]"></a>LmhpRemoteMcastSetupIsTxPending</STRONG> (Thumb, 16 bytes, Stack size 0 bytes, lmhpremotemcastsetup.o(.text.LmhpRemoteMcastSetupIsTxPending))
<BR>[Address Reference Count : 1]<UL><LI> lmhpremotemcastsetup.o(.data.LmhpRemoteMcastSetupPackage)
</UL>
<P><STRONG><a name="[25]"></a>LmhpRemoteMcastSetupProcess</STRONG> (Thumb, 130 bytes, Stack size 32 bytes, lmhpremotemcastsetup.o(.text.LmhpRemoteMcastSetupProcess))
<BR><BR>[Stack]<UL><LI>Max Depth = 1080 + Unknown Stack Size
<LI>Call Chain = LmhpRemoteMcastSetupProcess &rArr; LmHandlerRequestClass &rArr; LmHandlerDeviceTimeReq &rArr; LoRaMacMlmeRequest &rArr; SendReJoinReq &rArr; ScheduleTx &rArr; SendFrameOnChannel &rArr; SecureFrame &rArr; LoRaMacCryptoSecureMessage &rArr; ComputeCmacB1 &rArr; SecureElementComputeAesCmac &rArr; ComputeCmac &rArr; AES_CMAC_Final &rArr; aes_encrypt &rArr; mix_sub_columns &rArr; copy_block
</UL>
<BR>[Calls]<UL><LI><a href="#[139]">&gt;&gt;</a>&nbsp;&nbsp;&nbsp;LmHandlerRequestClass
<LI><a href="#[b2]">&gt;&gt;</a>&nbsp;&nbsp;&nbsp;TimerStart
<LI><a href="#[148]">&gt;&gt;</a>&nbsp;&nbsp;&nbsp;BoardCriticalSectionEnd
<LI><a href="#[c6]">&gt;&gt;</a>&nbsp;&nbsp;&nbsp;BoardCriticalSectionBegin
<LI><a href="#[b1]">&gt;&gt;</a>&nbsp;&nbsp;&nbsp;TimerSetValue
</UL>
<BR>[Address Reference Count : 1]<UL><LI> lmhpremotemcastsetup.o(.data.LmhpRemoteMcastSetupPackage)
</UL>
<P><STRONG><a name="[26]"></a>LmhpRemoteMcastSetupOnMcpsIndication</STRONG> (Thumb, 2518 bytes, Stack size 144 bytes, lmhpremotemcastsetup.o(.text.LmhpRemoteMcastSetupOnMcpsIndication))
<BR><BR>[Stack]<UL><LI>Max Depth = 1176 + Unknown Stack Size
<LI>Call Chain = LmhpRemoteMcastSetupOnMcpsIndication &rArr; LmHandlerSend &rArr; LoRaMacMcpsRequest &rArr; Send &rArr; ScheduleTx &rArr; SendFrameOnChannel &rArr; SecureFrame &rArr; LoRaMacCryptoSecureMessage &rArr; ComputeCmacB1 &rArr; SecureElementComputeAesCmac &rArr; ComputeCmac &rArr; AES_CMAC_Final &rArr; aes_encrypt &rArr; mix_sub_columns &rArr; copy_block
</UL>
<BR>[Calls]<UL><LI><a href="#[13f]">&gt;&gt;</a>&nbsp;&nbsp;&nbsp;SysTimeGet
<LI><a href="#[135]">&gt;&gt;</a>&nbsp;&nbsp;&nbsp;LmHandlerSend
<LI><a href="#[b2]">&gt;&gt;</a>&nbsp;&nbsp;&nbsp;TimerStart
<LI><a href="#[b1]">&gt;&gt;</a>&nbsp;&nbsp;&nbsp;TimerSetValue
<LI><a href="#[14b]">&gt;&gt;</a>&nbsp;&nbsp;&nbsp;LoRaMacMcChannelSetupRxParams
<LI><a href="#[14a]">&gt;&gt;</a>&nbsp;&nbsp;&nbsp;LoRaMacMcChannelDelete
<LI><a href="#[149]">&gt;&gt;</a>&nbsp;&nbsp;&nbsp;LoRaMacMcChannelSetup
</UL>
<BR>[Address Reference Count : 1]<UL><LI> lmhpremotemcastsetup.o(.data.LmhpRemoteMcastSetupPackage)
</UL>
<P><STRONG><a name="[a1]"></a>_tm_carry</STRONG> (Thumb, 62 bytes, Stack size 8 bytes, mktime.o(.text))
<BR><BR>[Stack]<UL><LI>Max Depth = 8<LI>Call Chain = _tm_carry
</UL>
<BR>[Called By]<UL><LI><a href="#[a0]">&gt;&gt;</a>&nbsp;&nbsp;&nbsp;mktime
</UL>

<P><STRONG><a name="[33c]"></a>_dadd1</STRONG> (Thumb, 0 bytes, Stack size unknown bytes, daddsub_clz.o(x$fpl$dadd), UNUSED)
<BR><BR>[Called By]<UL><LI><a href="#[33d]">&gt;&gt;</a>&nbsp;&nbsp;&nbsp;_dsub
<LI><a href="#[33b]">&gt;&gt;</a>&nbsp;&nbsp;&nbsp;_drsb
</UL>

<P><STRONG><a name="[332]"></a>_dsub1</STRONG> (Thumb, 0 bytes, Stack size unknown bytes, daddsub_clz.o(x$fpl$dsub), UNUSED)
<BR><BR>[Called By]<UL><LI><a href="#[33b]">&gt;&gt;</a>&nbsp;&nbsp;&nbsp;_drsb
<LI><a href="#[331]">&gt;&gt;</a>&nbsp;&nbsp;&nbsp;_dadd
</UL>
<P>
<H3>
Undefined Global Symbols
</H3><HR></body></html>
