<html>
<body>
<pre>
<h1>µVision Build Log</h1>
<h2>Tool Versions:</h2>
IDE-Version: µVision V5.41.0.0
Copyright (C) 2024 ARM Ltd and ARM Germany GmbH. All rights reserved.
License Information: Sujith Ramesh
IMTEK
User-based license: Keil MDK Community (non-commercial free of charge)
Valid until: Jun 1 2033. Cached until: Mar 11 2025
 
Tool Versions:
Toolchain:       Keil MDK Community (non-commercial free of charge  Version: 5.41.0.0
Toolchain Path:  C:\Users\sujra\AppData\Local\Keil_v5\ARM\ARMCLANG\Bin
C Compiler:      ArmClang.exe V6.22
Assembler:       Armasm.exe V6.22
Linker/Locator:  ArmLink.exe V6.22
Library Manager: ArmAr.exe V6.22
Hex Converter:   FromElf.exe V6.22
CPU DLL:         SARMCM3.DLL V5.41.0.0
Dialog DLL:      DCM.DLL V1.17.5.0
Target DLL:      Segger\JL2CM3.dll V2.99.45.0
Dialog DLL:      TCM.DLL V1.56.4.0
 
<h2>Project:</h2>
C:\Users\sujra\Desktop\hiwi\apollo3_loramac\ApolloLoraMac.uvprojx
Project File Date:  02/15/2025

<h2>Output:</h2>
*** Using Compiler 'V6.22', folder: 'C:\Users\sujra\AppData\Local\Keil_v5\ARM\ARMCLANG\Bin'
Rebuild target 'Target 1'
compiling am_hal_ble_patch_b0.c...
compiling am_hal_adc.c...
compiling am_hal_debug.c...
compiling am_hal_ctimer.c...
compiling am_hal_cachectrl.c...
compiling am_hal_ble_patch.c...
compiling am_hal_burst.c...
compiling am_hal_clkgen.c...
compiling am_hal_cmdq.c...
compiling main.c...
compiling am_hal_ble.c...
compiling am_hal_entropy.c...
compiling am_hal_interrupt.c...
compiling am_hal_global.c...
compiling am_hal_itm.c...
compiling am_hal_gpio.c...
compiling am_hal_mcuctrl.c...
compiling am_hal_ios.c...
compiling am_hal_flash.c...
compiling am_hal_pdm.c...
compiling am_hal_mspi.c...
compiling am_hal_iom.c...
compiling am_hal_pwrctrl.c...
compiling am_hal_rtc.c...
compiling am_hal_queue.c...
compiling am_hal_reset.c...
../AmbiqSuite-SDK-v3-1-1/AmbiqSuite_R3.1.1/mcu/apollo3/hal/am_hal_security.c(311): warning: unknown warning group '-Wmaybe-uninitialized', ignored [-Wunknown-warning-option]
  311 | #pragma GCC diagnostic ignored "-Wmaybe-uninitialized"
      |                                ^
1 warning generated.
compiling am_hal_security.c...
compiling am_hal_secure_ota.c...
compiling am_hal_stimer.c...
compiling am_hal_scard.c...
compiling am_hal_sysctrl.c...
compiling am_hal_tpiu.c...
compiling am_hal_systick.c...
compiling am_hal_wdt.c...
compiling am_hal_uart.c...
compiling fuota.c...
compiling periodicUplink.c...
compiling am1805.c...
compiling adc.c...
compiling as7341.c...
compiling dac63002.c...
compiling mb85rc64ta.c...
compiling ina232.c...
compiling i2c.c...
compiling shtc3.c...
compiling spi.c...
compiling am_util_debug.c...
compiling gpio.c...
compiling taskhandler.c...
compiling timing.c...
compiling am_util_faultisr.c...
compiling am_util_delay.c...
compiling device.c...
compiling am_util_string.c...
../AmbiqSuite-SDK-v3-1-1/AmbiqSuite_R3.1.1/utils/am_util_id.c(304): warning: assigning to 'const uint8_t *' (aka 'const unsigned char *') from 'char[1]' converts between pointers to integer types where one is of the unique plain 'char' type and the other is not [-Wpointer-sign]
  304 |     psIDDevice->pui8PackageType = "";
      |                                 ^ ~~
1 warning generated.
compiling am_util_id.c...
compiling am_util_ble.c...
compiling am_util_stdio.c...
compiling am_util_regdump.c...
compiling am_util_time.c...
compiling pinName-board.c...
compiling pinName-ioe.c...
compiling spi-board.c...
compiling eeprom-board.c...
compiling utilities.c...
compiling gpio-board.c...
compiling board.c...
compiling LoRaMacAdr.c...
compiling rtc-board.c...
compiling LoRaMacCommands.c...
compiling LoRaMacClassB.c...
compiling LoRaMacConfirmQueue.c...
compiling sx126x-board.c...
compiling LoRaMacParser.c...
compiling LoRaMacSerializer.c...
compiling Region.c...
compiling LoRaMacCrypto.c...
compiling RegionCommon.c...
compiling RegionEU433.c...
compiling aes.c...
compiling cmac.c...
compiling soft-se-hal.c...
compiling RegionEU868.c...
compiling soft-se.c...
compiling delay.c...
compiling timer.c...
compiling systime.c...
compiling LoRaMac.c...
compiling nvmm.c...
compiling JalapenosLpp.c...
compiling CayenneLpp.c...
compiling radio.c...
compiling uart.c...
compiling LmHandlerMsgDisplay.c...
compiling sx126x.c...
compiling cli.c...
compiling NvmDataMgmt.c...
compiling LmhpClockSync.c...
compiling FragDecoder.c...
compiling LmHandler.c...
compiling LmhpFragmentation.c...
compiling LmhpCompliance.c...
compiling LmhpRemoteMcastSetup.c...
compiling BasicMathFunctionsF16.c...
compiling BayesFunctions.c...
compiling BasicMathFunctions.c...
compiling BayesFunctionsF16.c...
compiling ComplexMathFunctionsF16.c...
compiling ComplexMathFunctions.c...
compiling ControllerFunctions.c...
compiling DistanceFunctionsF16.c...
compiling DistanceFunctions.c...
compiling FastMathFunctionsF16.c...
compiling FastMathFunctions.c...
compiling FilteringFunctionsF16.c...
compiling CommonTablesF16.c...
compiling InterpolationFunctionsF16.c...
compiling InterpolationFunctions.c...
compiling QuaternionMathFunctions.c...
compiling SVMFunctions.c...
compiling MatrixFunctionsF16.c...
compiling SVMFunctionsF16.c...
compiling SupportFunctionsF16.c...
compiling StatisticsFunctionsF16.c...
assembling startup_apollo3.s...
compiling retarget_io.c...
compiling SupportFunctions.c...
compiling MatrixFunctions.c...
compiling StatisticsFunctions.c...
compiling system_apollo3.c...
compiling TransformFunctionsF16.c...
compiling FilteringFunctions.c...
compiling TransformFunctions.c...
compiling CommonTables.c...
linking...
Program Size: Code=125370 RO-data=5746 RW-data=652 ZI-data=26500  
".\Objects\blankApollo.axf" - 0 Error(s), 2 Warning(s).

<h2>Software Packages used:</h2>

Package Vendor: ARM
                http://www.keil.com/pack/ARM.CMSIS.5.9.0.pack
                ARM::CMSIS@5.9.0
                CMSIS (Common Microcontroller Software Interface Standard)
   * Component: CORE Version: 5.6.0

Package Vendor: ARM
                https://www.keil.com/pack/ARM.CMSIS-DSP.1.15.0.pack
                ARM::CMSIS-DSP@1.15.0
                CMSIS Embedded Compute Library
   * Component: DSP Variant: Source Version: 1.15.0

Package Vendor: AmbiqMicro
                https://download.ambiq.com/packs/AmbiqMicro.Apollo_DFP.1.4.1.pack
                AmbiqMicro::Apollo_DFP@1.4.1
                Ambiq Apollo Series Device Support
   * Component: Startup Version: 1.4.1

Package Vendor: Keil
                https://www.keil.com/pack/Keil.ARM_Compiler.1.7.2.pack
                Keil::ARM_Compiler@1.7.2
                Keil ARM Compiler extensions for ARM Compiler 5 and ARM Compiler 6
   * Component: STDERR Variant: ITM Version: 1.2.0
   * Component: STDIN Variant: ITM Version: 1.2.0
   * Component: STDOUT Variant: ITM Version: 1.2.0

<h2>Collection of Component include folders:</h2>
  ./RTE/Device/AMA3B1KK-KBR
  ./RTE/_Target_1
  C:/Users/sujra/AppData/Local/Arm/Packs/ARM/CMSIS-DSP/1.15.0/Include
  C:/Users/sujra/AppData/Local/Arm/Packs/ARM/CMSIS-DSP/1.15.0/PrivateInclude
  C:/Users/sujra/AppData/Local/Arm/Packs/ARM/CMSIS/5.9.0/CMSIS/Core/Include
  C:/Users/sujra/AppData/Local/Arm/Packs/AmbiqMicro/Apollo_DFP/1.4.1/Device/Include

<h2>Collection of Component Files used:</h2>

   * Component: ARM::CMSIS:CORE@5.6.0

   * Component: ARM::CMSIS:DSP&Source@1.15.0
      Source file:   Source/CommonTables/CommonTables.c
      Source file:   Source/ComplexMathFunctions/ComplexMathFunctions.c
      Source file:   Source/ControllerFunctions/ControllerFunctions.c
      Source file:   Source/DistanceFunctions/DistanceFunctions.c
      Include file:  Include/arm_const_structs.h
      Source file:   Source/FastMathFunctions/FastMathFunctions.c
      Source file:   Source/FilteringFunctions/FilteringFunctions.c
      Source file:   Source/BasicMathFunctions/BasicMathFunctions.c
      Include file:  Include/arm_const_structs_f16.h
      Include file:  Include/arm_math.h
      Include file:  Include/arm_math_f16.h
      Include file:  Include/arm_common_tables.h
      Source file:   Source/BayesFunctions/BayesFunctions.c
      Source file:   Source/QuaternionMathFunctions/QuaternionMathFunctions.c
      Include file:  Include/arm_common_tables_f16.h
      Source file:   Source/SVMFunctions/SVMFunctionsF16.c
      Source file:   Source/ComplexMathFunctions/ComplexMathFunctionsF16.c
      Source file:   Source/MatrixFunctions/MatrixFunctionsF16.c
      Source file:   Source/CommonTables/CommonTablesF16.c
      Source file:   Source/SupportFunctions/SupportFunctions.c
      Source file:   Source/TransformFunctions/TransformFunctions.c
      Source file:   Source/InterpolationFunctions/InterpolationFunctions.c
      Source file:   Source/TransformFunctions/TransformFunctionsF16.c
      Source file:   Source/SupportFunctions/SupportFunctionsF16.c
      Source file:   Source/StatisticsFunctions/StatisticsFunctions.c
      Source file:   Source/SVMFunctions/SVMFunctions.c
      Source file:   Source/DistanceFunctions/DistanceFunctionsF16.c
      Source file:   Source/MatrixFunctions/MatrixFunctions.c
      Source file:   Source/StatisticsFunctions/StatisticsFunctionsF16.c
      Source file:   Source/InterpolationFunctions/InterpolationFunctionsF16.c
      Source file:   Source/BayesFunctions/BayesFunctionsF16.c
      Source file:   Source/FastMathFunctions/FastMathFunctionsF16.c
      Source file:   Source/BasicMathFunctions/BasicMathFunctionsF16.c
      Source file:   Source/FilteringFunctions/FilteringFunctionsF16.c

   * Component: AmbiqMicro::Device:Startup@1.4.1
      Source file:   Device/Source/startup_apollo3.s
      Include file:  Device/Include/apollo3.h
      Source file:   Device/Source/system_apollo3.c
      Include file:  Device/Include/system_apollo3.h

   * Component: Keil::Compiler&ARM Compiler:I/O:STDERR&ITM@1.2.0
      Source file:   Source/retarget_io.c

   * Component: Keil::Compiler&ARM Compiler:I/O:STDIN&ITM@1.2.0
      Source file:   Source/retarget_io.c

   * Component: Keil::Compiler&ARM Compiler:I/O:STDOUT&ITM@1.2.0
      Source file:   Source/retarget_io.c
Build Time Elapsed:  00:00:13
</pre>
</body>
</html>
